Archive member included to satisfy reference by file (symbol)

.\CortexM3\ARM_GCC_541\Debug\Robot_Control.a(RightEyebrow.o)
                              .\CortexM3\ARM_GCC_541\Debug\main.o (RightEyebrow_WriteCompare1)
.\CortexM3\ARM_GCC_541\Debug\Robot_Control.a(EyelidGroup.o)
                              .\CortexM3\ARM_GCC_541\Debug\main.o (EyelidGroup_WriteCompare1)
.\CortexM3\ARM_GCC_541\Debug\Robot_Control.a(EyeBallVertical.o)
                              .\CortexM3\ARM_GCC_541\Debug\main.o (EyeBallVertical_WriteCompare1)
.\CortexM3\ARM_GCC_541\Debug\Robot_Control.a(BaseJaw.o)
                              .\CortexM3\ARM_GCC_541\Debug\main.o (BaseJaw_WriteCompare1)
.\CortexM3\ARM_GCC_541\Debug\Robot_Control.a(LeftEyebrow.o)
                              .\CortexM3\ARM_GCC_541\Debug\main.o (LeftEyebrow_WriteCompare1)
.\CortexM3\ARM_GCC_541\Debug\Robot_Control.a(EyeBallHorizontal.o)
                              .\CortexM3\ARM_GCC_541\Debug\main.o (EyeBallHorizontal_WriteCompare1)
.\CortexM3\ARM_GCC_541\Debug\Robot_Control.a(Neck.o)
                              .\CortexM3\ARM_GCC_541\Debug\main.o (Neck_WriteCompare1)
.\CortexM3\ARM_GCC_541\Debug\Robot_Control.a(Lip.o)
                              .\CortexM3\ARM_GCC_541\Debug\main.o (Lip_WriteCompare1)
.\CortexM3\ARM_GCC_541\Debug\Robot_Control.a(CyLib.o)
                              .\CortexM3\ARM_GCC_541\Debug\Cm3Start.o (CyHalt)
.\CortexM3\ARM_GCC_541\Debug\Robot_Control.a(cyPm.o)
                              .\CortexM3\ARM_GCC_541\Debug\Robot_Control.a(CyLib.o) (CyPmReadStatus)
.\CortexM3\ARM_GCC_541\Debug\Robot_Control.a(CyBootAsmGnu.o)
                              .\CortexM3\ARM_GCC_541\Debug\cyfitter_cfg.o (CyDelayCycles)
.\CortexM3\ARM_GCC_541\Debug\Robot_Control.a(CyFlash.o)
                              .\CortexM3\ARM_GCC_541\Debug\Robot_Control.a(cyPm.o) (CyFlash_SetWaitCycles)
.\CortexM3\ARM_GCC_541\Debug\Robot_Control.a(CySpc.o)
                              .\CortexM3\ARM_GCC_541\Debug\Robot_Control.a(CyFlash.o) (CySpcStart)
c:/program files (x86)/cypress/psoc creator/4.2/psoc creator/import/gnu/arm/5.4.1/bin/../lib/gcc/arm-none-eabi/5.4.1/../../../../arm-none-eabi/lib/armv7-m\libg_nano.a(lib_a-errno.o)
                              .\CortexM3\ARM_GCC_541\Debug\Cm3Start.o (__errno)
c:/program files (x86)/cypress/psoc creator/4.2/psoc creator/import/gnu/arm/5.4.1/bin/../lib/gcc/arm-none-eabi/5.4.1/../../../../arm-none-eabi/lib/armv7-m\libg_nano.a(lib_a-exit.o)
                              c:/program files (x86)/cypress/psoc creator/4.2/psoc creator/import/gnu/arm/5.4.1/bin/../lib/gcc/arm-none-eabi/5.4.1/../../../../arm-none-eabi/lib/armv7-m/crt0.o (exit)
c:/program files (x86)/cypress/psoc creator/4.2/psoc creator/import/gnu/arm/5.4.1/bin/../lib/gcc/arm-none-eabi/5.4.1/../../../../arm-none-eabi/lib/armv7-m\libg_nano.a(lib_a-impure.o)
                              c:/program files (x86)/cypress/psoc creator/4.2/psoc creator/import/gnu/arm/5.4.1/bin/../lib/gcc/arm-none-eabi/5.4.1/../../../../arm-none-eabi/lib/armv7-m\libg_nano.a(lib_a-exit.o) (_global_impure_ptr)
c:/program files (x86)/cypress/psoc creator/4.2/psoc creator/import/gnu/arm/5.4.1/bin/../lib/gcc/arm-none-eabi/5.4.1/../../../../arm-none-eabi/lib/armv7-m\libg_nano.a(lib_a-init.o)
                              c:/program files (x86)/cypress/psoc creator/4.2/psoc creator/import/gnu/arm/5.4.1/bin/../lib/gcc/arm-none-eabi/5.4.1/../../../../arm-none-eabi/lib/armv7-m/crt0.o (__libc_init_array)
c:/program files (x86)/cypress/psoc creator/4.2/psoc creator/import/gnu/arm/5.4.1/bin/../lib/gcc/arm-none-eabi/5.4.1/../../../../arm-none-eabi/lib/armv7-m\libg_nano.a(lib_a-memcpy-stub.o)
                              .\CortexM3\ARM_GCC_541\Debug\cyfitter_cfg.o (memcpy)
c:/program files (x86)/cypress/psoc creator/4.2/psoc creator/import/gnu/arm/5.4.1/bin/../lib/gcc/arm-none-eabi/5.4.1/../../../../arm-none-eabi/lib/armv7-m\libg_nano.a(lib_a-memset.o)
                              c:/program files (x86)/cypress/psoc creator/4.2/psoc creator/import/gnu/arm/5.4.1/bin/../lib/gcc/arm-none-eabi/5.4.1/../../../../arm-none-eabi/lib/armv7-m/crt0.o (memset)

Allocating common symbols
Common symbol       size              file

dieTemperature      0x2               .\CortexM3\ARM_GCC_541\Debug\Robot_Control.a(CyFlash.o)

Discarded input sections

 .text          0x00000000        0x0 c:/program files (x86)/cypress/psoc creator/4.2/psoc creator/import/gnu/arm/5.4.1/bin/../lib/gcc/arm-none-eabi/5.4.1/armv7-m/crti.o
 .data          0x00000000        0x0 c:/program files (x86)/cypress/psoc creator/4.2/psoc creator/import/gnu/arm/5.4.1/bin/../lib/gcc/arm-none-eabi/5.4.1/armv7-m/crti.o
 .bss           0x00000000        0x0 c:/program files (x86)/cypress/psoc creator/4.2/psoc creator/import/gnu/arm/5.4.1/bin/../lib/gcc/arm-none-eabi/5.4.1/armv7-m/crti.o
 .data          0x00000000        0x4 c:/program files (x86)/cypress/psoc creator/4.2/psoc creator/import/gnu/arm/5.4.1/bin/../lib/gcc/arm-none-eabi/5.4.1/armv7-m/crtbegin.o
 .text          0x00000000       0x74 c:/program files (x86)/cypress/psoc creator/4.2/psoc creator/import/gnu/arm/5.4.1/bin/../lib/gcc/arm-none-eabi/5.4.1/../../../../arm-none-eabi/lib/armv7-m/crt0.o
 .data          0x00000000        0x0 c:/program files (x86)/cypress/psoc creator/4.2/psoc creator/import/gnu/arm/5.4.1/bin/../lib/gcc/arm-none-eabi/5.4.1/../../../../arm-none-eabi/lib/armv7-m/crt0.o
 .bss           0x00000000        0x0 c:/program files (x86)/cypress/psoc creator/4.2/psoc creator/import/gnu/arm/5.4.1/bin/../lib/gcc/arm-none-eabi/5.4.1/../../../../arm-none-eabi/lib/armv7-m/crt0.o
 .ARM.extab     0x00000000        0x0 c:/program files (x86)/cypress/psoc creator/4.2/psoc creator/import/gnu/arm/5.4.1/bin/../lib/gcc/arm-none-eabi/5.4.1/../../../../arm-none-eabi/lib/armv7-m/crt0.o
 .ARM.exidx     0x00000000        0x8 c:/program files (x86)/cypress/psoc creator/4.2/psoc creator/import/gnu/arm/5.4.1/bin/../lib/gcc/arm-none-eabi/5.4.1/../../../../arm-none-eabi/lib/armv7-m/crt0.o
 .text          0x00000000        0x0 .\CortexM3\ARM_GCC_541\Debug\main.o
 .data          0x00000000        0x0 .\CortexM3\ARM_GCC_541\Debug\main.o
 .bss           0x00000000        0x0 .\CortexM3\ARM_GCC_541\Debug\main.o
 .text.resetLeftEyebrow
                0x00000000       0x14 .\CortexM3\ARM_GCC_541\Debug\main.o
 .text.clearLeftEyebrow
                0x00000000       0x10 .\CortexM3\ARM_GCC_541\Debug\main.o
 .text.resetRightEyebrow
                0x00000000       0x14 .\CortexM3\ARM_GCC_541\Debug\main.o
 .text.clearRightEyebrow
                0x00000000       0x10 .\CortexM3\ARM_GCC_541\Debug\main.o
 .text          0x00000000        0x0 .\CortexM3\ARM_GCC_541\Debug\cyfitter_cfg.o
 .data          0x00000000        0x0 .\CortexM3\ARM_GCC_541\Debug\cyfitter_cfg.o
 .bss           0x00000000        0x0 .\CortexM3\ARM_GCC_541\Debug\cyfitter_cfg.o
 .text.SetAnalogRoutingPumps
                0x00000000       0x10 .\CortexM3\ARM_GCC_541\Debug\cyfitter_cfg.o
 .text          0x00000000        0x0 .\CortexM3\ARM_GCC_541\Debug\cymetadata.o
 .data          0x00000000        0x0 .\CortexM3\ARM_GCC_541\Debug\cymetadata.o
 .bss           0x00000000        0x0 .\CortexM3\ARM_GCC_541\Debug\cymetadata.o
 .text          0x00000000        0x0 .\CortexM3\ARM_GCC_541\Debug\Cm3Start.o
 .data          0x00000000        0x4 .\CortexM3\ARM_GCC_541\Debug\Cm3Start.o
 .bss           0x00000000        0x0 .\CortexM3\ARM_GCC_541\Debug\Cm3Start.o
 .text._exit    0x00000000        0xc .\CortexM3\ARM_GCC_541\Debug\Cm3Start.o
 .text._sbrk    0x00000000       0x30 .\CortexM3\ARM_GCC_541\Debug\Cm3Start.o
 .text          0x00000000        0x0 .\CortexM3\ARM_GCC_541\Debug\Robot_Control.a(RightEyebrow.o)
 .data          0x00000000        0x0 .\CortexM3\ARM_GCC_541\Debug\Robot_Control.a(RightEyebrow.o)
 .text.RightEyebrow_Stop
                0x00000000       0x10 .\CortexM3\ARM_GCC_541\Debug\Robot_Control.a(RightEyebrow.o)
 .text.RightEyebrow_ReadCounter
                0x00000000       0x14 .\CortexM3\ARM_GCC_541\Debug\Robot_Control.a(RightEyebrow.o)
 .text.RightEyebrow_ReadControlRegister
                0x00000000        0xc .\CortexM3\ARM_GCC_541\Debug\Robot_Control.a(RightEyebrow.o)
 .text.RightEyebrow_WriteControlRegister
                0x00000000        0xc .\CortexM3\ARM_GCC_541\Debug\Robot_Control.a(RightEyebrow.o)
 .text.RightEyebrow_ReadCompare1
                0x00000000        0xc .\CortexM3\ARM_GCC_541\Debug\Robot_Control.a(RightEyebrow.o)
 .text.RightEyebrow_ReadCompare2
                0x00000000        0xc .\CortexM3\ARM_GCC_541\Debug\Robot_Control.a(RightEyebrow.o)
 .text.RightEyebrow_ReadPeriod
                0x00000000        0xc .\CortexM3\ARM_GCC_541\Debug\Robot_Control.a(RightEyebrow.o)
 .text          0x00000000        0x0 .\CortexM3\ARM_GCC_541\Debug\Robot_Control.a(EyelidGroup.o)
 .data          0x00000000        0x0 .\CortexM3\ARM_GCC_541\Debug\Robot_Control.a(EyelidGroup.o)
 .text.EyelidGroup_Stop
                0x00000000       0x10 .\CortexM3\ARM_GCC_541\Debug\Robot_Control.a(EyelidGroup.o)
 .text.EyelidGroup_ReadCounter
                0x00000000       0x14 .\CortexM3\ARM_GCC_541\Debug\Robot_Control.a(EyelidGroup.o)
 .text.EyelidGroup_ReadControlRegister
                0x00000000        0xc .\CortexM3\ARM_GCC_541\Debug\Robot_Control.a(EyelidGroup.o)
 .text.EyelidGroup_WriteControlRegister
                0x00000000        0xc .\CortexM3\ARM_GCC_541\Debug\Robot_Control.a(EyelidGroup.o)
 .text.EyelidGroup_ReadCompare1
                0x00000000        0xc .\CortexM3\ARM_GCC_541\Debug\Robot_Control.a(EyelidGroup.o)
 .text.EyelidGroup_ReadCompare2
                0x00000000        0xc .\CortexM3\ARM_GCC_541\Debug\Robot_Control.a(EyelidGroup.o)
 .text.EyelidGroup_ReadPeriod
                0x00000000        0xc .\CortexM3\ARM_GCC_541\Debug\Robot_Control.a(EyelidGroup.o)
 .text          0x00000000        0x0 .\CortexM3\ARM_GCC_541\Debug\Robot_Control.a(EyeBallVertical.o)
 .data          0x00000000        0x0 .\CortexM3\ARM_GCC_541\Debug\Robot_Control.a(EyeBallVertical.o)
 .text.EyeBallVertical_Stop
                0x00000000       0x10 .\CortexM3\ARM_GCC_541\Debug\Robot_Control.a(EyeBallVertical.o)
 .text.EyeBallVertical_ReadCounter
                0x00000000       0x14 .\CortexM3\ARM_GCC_541\Debug\Robot_Control.a(EyeBallVertical.o)
 .text.EyeBallVertical_ReadControlRegister
                0x00000000        0xc .\CortexM3\ARM_GCC_541\Debug\Robot_Control.a(EyeBallVertical.o)
 .text.EyeBallVertical_WriteControlRegister
                0x00000000        0xc .\CortexM3\ARM_GCC_541\Debug\Robot_Control.a(EyeBallVertical.o)
 .text.EyeBallVertical_ReadCompare1
                0x00000000        0xc .\CortexM3\ARM_GCC_541\Debug\Robot_Control.a(EyeBallVertical.o)
 .text.EyeBallVertical_ReadCompare2
                0x00000000        0xc .\CortexM3\ARM_GCC_541\Debug\Robot_Control.a(EyeBallVertical.o)
 .text.EyeBallVertical_ReadPeriod
                0x00000000        0xc .\CortexM3\ARM_GCC_541\Debug\Robot_Control.a(EyeBallVertical.o)
 .text          0x00000000        0x0 .\CortexM3\ARM_GCC_541\Debug\Robot_Control.a(BaseJaw.o)
 .data          0x00000000        0x0 .\CortexM3\ARM_GCC_541\Debug\Robot_Control.a(BaseJaw.o)
 .text.BaseJaw_Stop
                0x00000000       0x10 .\CortexM3\ARM_GCC_541\Debug\Robot_Control.a(BaseJaw.o)
 .text.BaseJaw_ReadCounter
                0x00000000       0x14 .\CortexM3\ARM_GCC_541\Debug\Robot_Control.a(BaseJaw.o)
 .text.BaseJaw_ReadControlRegister
                0x00000000        0xc .\CortexM3\ARM_GCC_541\Debug\Robot_Control.a(BaseJaw.o)
 .text.BaseJaw_WriteControlRegister
                0x00000000        0xc .\CortexM3\ARM_GCC_541\Debug\Robot_Control.a(BaseJaw.o)
 .text.BaseJaw_ReadCompare1
                0x00000000        0xc .\CortexM3\ARM_GCC_541\Debug\Robot_Control.a(BaseJaw.o)
 .text.BaseJaw_ReadCompare2
                0x00000000        0xc .\CortexM3\ARM_GCC_541\Debug\Robot_Control.a(BaseJaw.o)
 .text.BaseJaw_ReadPeriod
                0x00000000        0xc .\CortexM3\ARM_GCC_541\Debug\Robot_Control.a(BaseJaw.o)
 .text          0x00000000        0x0 .\CortexM3\ARM_GCC_541\Debug\Robot_Control.a(LeftEyebrow.o)
 .data          0x00000000        0x0 .\CortexM3\ARM_GCC_541\Debug\Robot_Control.a(LeftEyebrow.o)
 .text.LeftEyebrow_Stop
                0x00000000       0x10 .\CortexM3\ARM_GCC_541\Debug\Robot_Control.a(LeftEyebrow.o)
 .text.LeftEyebrow_ReadCounter
                0x00000000       0x14 .\CortexM3\ARM_GCC_541\Debug\Robot_Control.a(LeftEyebrow.o)
 .text.LeftEyebrow_ReadControlRegister
                0x00000000        0xc .\CortexM3\ARM_GCC_541\Debug\Robot_Control.a(LeftEyebrow.o)
 .text.LeftEyebrow_WriteControlRegister
                0x00000000        0xc .\CortexM3\ARM_GCC_541\Debug\Robot_Control.a(LeftEyebrow.o)
 .text.LeftEyebrow_ReadCompare1
                0x00000000        0xc .\CortexM3\ARM_GCC_541\Debug\Robot_Control.a(LeftEyebrow.o)
 .text.LeftEyebrow_ReadCompare2
                0x00000000        0xc .\CortexM3\ARM_GCC_541\Debug\Robot_Control.a(LeftEyebrow.o)
 .text.LeftEyebrow_ReadPeriod
                0x00000000        0xc .\CortexM3\ARM_GCC_541\Debug\Robot_Control.a(LeftEyebrow.o)
 .text          0x00000000        0x0 .\CortexM3\ARM_GCC_541\Debug\Robot_Control.a(EyeBallHorizontal.o)
 .data          0x00000000        0x0 .\CortexM3\ARM_GCC_541\Debug\Robot_Control.a(EyeBallHorizontal.o)
 .text.EyeBallHorizontal_Stop
                0x00000000       0x10 .\CortexM3\ARM_GCC_541\Debug\Robot_Control.a(EyeBallHorizontal.o)
 .text.EyeBallHorizontal_ReadCounter
                0x00000000       0x14 .\CortexM3\ARM_GCC_541\Debug\Robot_Control.a(EyeBallHorizontal.o)
 .text.EyeBallHorizontal_ReadControlRegister
                0x00000000        0xc .\CortexM3\ARM_GCC_541\Debug\Robot_Control.a(EyeBallHorizontal.o)
 .text.EyeBallHorizontal_WriteControlRegister
                0x00000000        0xc .\CortexM3\ARM_GCC_541\Debug\Robot_Control.a(EyeBallHorizontal.o)
 .text.EyeBallHorizontal_ReadCompare1
                0x00000000        0xc .\CortexM3\ARM_GCC_541\Debug\Robot_Control.a(EyeBallHorizontal.o)
 .text.EyeBallHorizontal_ReadCompare2
                0x00000000        0xc .\CortexM3\ARM_GCC_541\Debug\Robot_Control.a(EyeBallHorizontal.o)
 .text.EyeBallHorizontal_ReadPeriod
                0x00000000        0xc .\CortexM3\ARM_GCC_541\Debug\Robot_Control.a(EyeBallHorizontal.o)
 .text          0x00000000        0x0 .\CortexM3\ARM_GCC_541\Debug\Robot_Control.a(Neck.o)
 .data          0x00000000        0x0 .\CortexM3\ARM_GCC_541\Debug\Robot_Control.a(Neck.o)
 .text.Neck_Stop
                0x00000000       0x10 .\CortexM3\ARM_GCC_541\Debug\Robot_Control.a(Neck.o)
 .text.Neck_ReadCounter
                0x00000000       0x14 .\CortexM3\ARM_GCC_541\Debug\Robot_Control.a(Neck.o)
 .text.Neck_ReadControlRegister
                0x00000000        0xc .\CortexM3\ARM_GCC_541\Debug\Robot_Control.a(Neck.o)
 .text.Neck_WriteControlRegister
                0x00000000        0xc .\CortexM3\ARM_GCC_541\Debug\Robot_Control.a(Neck.o)
 .text.Neck_ReadCompare1
                0x00000000        0xc .\CortexM3\ARM_GCC_541\Debug\Robot_Control.a(Neck.o)
 .text.Neck_ReadCompare2
                0x00000000        0xc .\CortexM3\ARM_GCC_541\Debug\Robot_Control.a(Neck.o)
 .text.Neck_ReadPeriod
                0x00000000        0xc .\CortexM3\ARM_GCC_541\Debug\Robot_Control.a(Neck.o)
 .text          0x00000000        0x0 .\CortexM3\ARM_GCC_541\Debug\Robot_Control.a(Lip.o)
 .data          0x00000000        0x0 .\CortexM3\ARM_GCC_541\Debug\Robot_Control.a(Lip.o)
 .text.Lip_Stop
                0x00000000       0x10 .\CortexM3\ARM_GCC_541\Debug\Robot_Control.a(Lip.o)
 .text.Lip_ReadCounter
                0x00000000       0x14 .\CortexM3\ARM_GCC_541\Debug\Robot_Control.a(Lip.o)
 .text.Lip_ReadControlRegister
                0x00000000        0xc .\CortexM3\ARM_GCC_541\Debug\Robot_Control.a(Lip.o)
 .text.Lip_WriteControlRegister
                0x00000000        0xc .\CortexM3\ARM_GCC_541\Debug\Robot_Control.a(Lip.o)
 .text.Lip_ReadCompare1
                0x00000000        0xc .\CortexM3\ARM_GCC_541\Debug\Robot_Control.a(Lip.o)
 .text.Lip_ReadCompare2
                0x00000000        0xc .\CortexM3\ARM_GCC_541\Debug\Robot_Control.a(Lip.o)
 .text.Lip_ReadPeriod
                0x00000000        0xc .\CortexM3\ARM_GCC_541\Debug\Robot_Control.a(Lip.o)
 .text          0x00000000        0x0 .\CortexM3\ARM_GCC_541\Debug\Robot_Control.a(CyLib.o)
 .bss           0x00000000       0x1c .\CortexM3\ARM_GCC_541\Debug\Robot_Control.a(CyLib.o)
 .text.CyUSB_PowerOnCheck
                0x00000000       0x48 .\CortexM3\ARM_GCC_541\Debug\Robot_Control.a(CyLib.o)
 .text.CyBusClk_Internal_SetDivider
                0x00000000       0x48 .\CortexM3\ARM_GCC_541\Debug\Robot_Control.a(CyLib.o)
 .text.CyPLL_OUT_Stop
                0x00000000       0x10 .\CortexM3\ARM_GCC_541\Debug\Robot_Control.a(CyLib.o)
 .text.CyIMO_Stop
                0x00000000       0x1c .\CortexM3\ARM_GCC_541\Debug\Robot_Control.a(CyLib.o)
 .text.CyIMO_EnableDoubler
                0x00000000       0x10 .\CortexM3\ARM_GCC_541\Debug\Robot_Control.a(CyLib.o)
 .text.CyIMO_DisableDoubler
                0x00000000       0x10 .\CortexM3\ARM_GCC_541\Debug\Robot_Control.a(CyLib.o)
 .text.CyMasterClk_SetSource
                0x00000000       0x18 .\CortexM3\ARM_GCC_541\Debug\Robot_Control.a(CyLib.o)
 .text.CyMasterClk_SetDivider
                0x00000000        0xc .\CortexM3\ARM_GCC_541\Debug\Robot_Control.a(CyLib.o)
 .text.CyBusClk_SetDivider
                0x00000000       0x70 .\CortexM3\ARM_GCC_541\Debug\Robot_Control.a(CyLib.o)
 .text.CyUsbClk_SetSource
                0x00000000       0x18 .\CortexM3\ARM_GCC_541\Debug\Robot_Control.a(CyLib.o)
 .text.CyILO_Start1K
                0x00000000       0x10 .\CortexM3\ARM_GCC_541\Debug\Robot_Control.a(CyLib.o)
 .text.CyILO_Stop1K
                0x00000000       0x10 .\CortexM3\ARM_GCC_541\Debug\Robot_Control.a(CyLib.o)
 .text.CyILO_Start100K
                0x00000000       0x10 .\CortexM3\ARM_GCC_541\Debug\Robot_Control.a(CyLib.o)
 .text.CyILO_Stop100K
                0x00000000       0x10 .\CortexM3\ARM_GCC_541\Debug\Robot_Control.a(CyLib.o)
 .text.CyPLL_OUT_Start
                0x00000000       0x78 .\CortexM3\ARM_GCC_541\Debug\Robot_Control.a(CyLib.o)
 .text.CyIMO_Start
                0x00000000       0x60 .\CortexM3\ARM_GCC_541\Debug\Robot_Control.a(CyLib.o)
 .text.CyILO_Enable33K
                0x00000000       0x10 .\CortexM3\ARM_GCC_541\Debug\Robot_Control.a(CyLib.o)
 .text.CyILO_Disable33K
                0x00000000       0x10 .\CortexM3\ARM_GCC_541\Debug\Robot_Control.a(CyLib.o)
 .text.CyILO_SetSource
                0x00000000       0x18 .\CortexM3\ARM_GCC_541\Debug\Robot_Control.a(CyLib.o)
 .text.CyILO_SetPowerMode
                0x00000000       0x24 .\CortexM3\ARM_GCC_541\Debug\Robot_Control.a(CyLib.o)
 .text.CyXTAL_32KHZ_Stop
                0x00000000       0x30 .\CortexM3\ARM_GCC_541\Debug\Robot_Control.a(CyLib.o)
 .text.CyXTAL_32KHZ_ReadStatus
                0x00000000       0x10 .\CortexM3\ARM_GCC_541\Debug\Robot_Control.a(CyLib.o)
 .text.CyXTAL_Start
                0x00000000       0xac .\CortexM3\ARM_GCC_541\Debug\Robot_Control.a(CyLib.o)
 .text.CyXTAL_Stop
                0x00000000       0x10 .\CortexM3\ARM_GCC_541\Debug\Robot_Control.a(CyLib.o)
 .text.CyXTAL_EnableErrStatus
                0x00000000       0x10 .\CortexM3\ARM_GCC_541\Debug\Robot_Control.a(CyLib.o)
 .text.CyXTAL_DisableErrStatus
                0x00000000       0x10 .\CortexM3\ARM_GCC_541\Debug\Robot_Control.a(CyLib.o)
 .text.CyXTAL_ReadStatus
                0x00000000       0x18 .\CortexM3\ARM_GCC_541\Debug\Robot_Control.a(CyLib.o)
 .text.CyXTAL_EnableFaultRecovery
                0x00000000       0x10 .\CortexM3\ARM_GCC_541\Debug\Robot_Control.a(CyLib.o)
 .text.CyXTAL_DisableFaultRecovery
                0x00000000       0x10 .\CortexM3\ARM_GCC_541\Debug\Robot_Control.a(CyLib.o)
 .text.CyXTAL_SetStartup
                0x00000000       0x18 .\CortexM3\ARM_GCC_541\Debug\Robot_Control.a(CyLib.o)
 .text.CyXTAL_SetFbVoltage
                0x00000000       0x18 .\CortexM3\ARM_GCC_541\Debug\Robot_Control.a(CyLib.o)
 .text.CyXTAL_SetWdVoltage
                0x00000000       0x18 .\CortexM3\ARM_GCC_541\Debug\Robot_Control.a(CyLib.o)
 .text.CyHalt   0x00000000        0x4 .\CortexM3\ARM_GCC_541\Debug\Robot_Control.a(CyLib.o)
 .text.CyPLL_OUT_SetPQ
                0x00000000       0x60 .\CortexM3\ARM_GCC_541\Debug\Robot_Control.a(CyLib.o)
 .text.CyPLL_OUT_SetSource
                0x00000000       0x34 .\CortexM3\ARM_GCC_541\Debug\Robot_Control.a(CyLib.o)
 .text.CyIMO_SetTrimValue
                0x00000000       0xcc .\CortexM3\ARM_GCC_541\Debug\Robot_Control.a(CyLib.o)
 .text.CyIMO_SetFreq
                0x00000000       0xf4 .\CortexM3\ARM_GCC_541\Debug\Robot_Control.a(CyLib.o)
 .text.CyIMO_SetSource
                0x00000000       0x58 .\CortexM3\ARM_GCC_541\Debug\Robot_Control.a(CyLib.o)
 .text.CySoftwareReset
                0x00000000       0x10 .\CortexM3\ARM_GCC_541\Debug\Robot_Control.a(CyLib.o)
 .text.CyDelayUs
                0x00000000       0x14 .\CortexM3\ARM_GCC_541\Debug\Robot_Control.a(CyLib.o)
 .text.CyXTAL_32KHZ_SetPowerMode
                0x00000000       0x84 .\CortexM3\ARM_GCC_541\Debug\Robot_Control.a(CyLib.o)
 .text.CyXTAL_32KHZ_Start
                0x00000000       0x74 .\CortexM3\ARM_GCC_541\Debug\Robot_Control.a(CyLib.o)
 .text.CyDelayFreq
                0x00000000       0x4c .\CortexM3\ARM_GCC_541\Debug\Robot_Control.a(CyLib.o)
 .text.CyWdtStart
                0x00000000       0x40 .\CortexM3\ARM_GCC_541\Debug\Robot_Control.a(CyLib.o)
 .text.CyWdtClear
                0x00000000        0xc .\CortexM3\ARM_GCC_541\Debug\Robot_Control.a(CyLib.o)
 .text.CyVdStickyStatus
                0x00000000       0x2c .\CortexM3\ARM_GCC_541\Debug\Robot_Control.a(CyLib.o)
 .text.CyVdLvDigitEnable
                0x00000000       0x84 .\CortexM3\ARM_GCC_541\Debug\Robot_Control.a(CyLib.o)
 .text.CyVdLvAnalogEnable
                0x00000000       0x80 .\CortexM3\ARM_GCC_541\Debug\Robot_Control.a(CyLib.o)
 .text.CyVdLvDigitDisable
                0x00000000       0x30 .\CortexM3\ARM_GCC_541\Debug\Robot_Control.a(CyLib.o)
 .text.CyVdLvAnalogDisable
                0x00000000       0x28 .\CortexM3\ARM_GCC_541\Debug\Robot_Control.a(CyLib.o)
 .text.CyVdHvAnalogEnable
                0x00000000       0x54 .\CortexM3\ARM_GCC_541\Debug\Robot_Control.a(CyLib.o)
 .text.CyVdHvAnalogDisable
                0x00000000       0x20 .\CortexM3\ARM_GCC_541\Debug\Robot_Control.a(CyLib.o)
 .text.CyVdRealTimeStatus
                0x00000000       0x1c .\CortexM3\ARM_GCC_541\Debug\Robot_Control.a(CyLib.o)
 .text.CyDisableInts
                0x00000000       0x1c .\CortexM3\ARM_GCC_541\Debug\Robot_Control.a(CyLib.o)
 .text.CyEnableInts
                0x00000000       0x18 .\CortexM3\ARM_GCC_541\Debug\Robot_Control.a(CyLib.o)
 .text.CyFlushCache
                0x00000000       0x44 .\CortexM3\ARM_GCC_541\Debug\Robot_Control.a(CyLib.o)
 .text.CyIntSetSysVector
                0x00000000       0x28 .\CortexM3\ARM_GCC_541\Debug\Robot_Control.a(CyLib.o)
 .text.CyIntGetSysVector
                0x00000000       0x20 .\CortexM3\ARM_GCC_541\Debug\Robot_Control.a(CyLib.o)
 .text.CyIntSetVector
                0x00000000       0x28 .\CortexM3\ARM_GCC_541\Debug\Robot_Control.a(CyLib.o)
 .text.CyIntGetVector
                0x00000000       0x24 .\CortexM3\ARM_GCC_541\Debug\Robot_Control.a(CyLib.o)
 .text.CyIntSetPriority
                0x00000000       0x30 .\CortexM3\ARM_GCC_541\Debug\Robot_Control.a(CyLib.o)
 .text.CyIntGetPriority
                0x00000000       0x20 .\CortexM3\ARM_GCC_541\Debug\Robot_Control.a(CyLib.o)
 .text.CyIntGetState
                0x00000000       0x24 .\CortexM3\ARM_GCC_541\Debug\Robot_Control.a(CyLib.o)
 .text.CySysTickStop
                0x00000000       0x10 .\CortexM3\ARM_GCC_541\Debug\Robot_Control.a(CyLib.o)
 .text.CySysTickEnableInterrupt
                0x00000000       0x10 .\CortexM3\ARM_GCC_541\Debug\Robot_Control.a(CyLib.o)
 .text.CySysTickEnable
                0x00000000       0x18 .\CortexM3\ARM_GCC_541\Debug\Robot_Control.a(CyLib.o)
 .text.CySysTickDisableInterrupt
                0x00000000       0x10 .\CortexM3\ARM_GCC_541\Debug\Robot_Control.a(CyLib.o)
 .text.CySysTickSetReload
                0x00000000       0x10 .\CortexM3\ARM_GCC_541\Debug\Robot_Control.a(CyLib.o)
 .text.CySysTickGetReload
                0x00000000       0x10 .\CortexM3\ARM_GCC_541\Debug\Robot_Control.a(CyLib.o)
 .text.CySysTickGetValue
                0x00000000       0x10 .\CortexM3\ARM_GCC_541\Debug\Robot_Control.a(CyLib.o)
 .text.CySysTickSetClockSource
                0x00000000       0x20 .\CortexM3\ARM_GCC_541\Debug\Robot_Control.a(CyLib.o)
 .text.CySysTickGetClockSource
                0x00000000       0x10 .\CortexM3\ARM_GCC_541\Debug\Robot_Control.a(CyLib.o)
 .text.CySysTickGetCountFlag
                0x00000000       0x10 .\CortexM3\ARM_GCC_541\Debug\Robot_Control.a(CyLib.o)
 .text.CySysTickServiceCallbacks
                0x00000000       0x28 .\CortexM3\ARM_GCC_541\Debug\Robot_Control.a(CyLib.o)
 .text.CySysTickClear
                0x00000000        0xc .\CortexM3\ARM_GCC_541\Debug\Robot_Control.a(CyLib.o)
 .text.CySysTickInit
                0x00000000       0x58 .\CortexM3\ARM_GCC_541\Debug\Robot_Control.a(CyLib.o)
 .text.CySysTickStart
                0x00000000       0x1c .\CortexM3\ARM_GCC_541\Debug\Robot_Control.a(CyLib.o)
 .text.CySysTickSetCallback
                0x00000000       0x10 .\CortexM3\ARM_GCC_541\Debug\Robot_Control.a(CyLib.o)
 .text.CySysTickGetCallback
                0x00000000       0x10 .\CortexM3\ARM_GCC_541\Debug\Robot_Control.a(CyLib.o)
 .text.CyGetUniqueId
                0x00000000       0x70 .\CortexM3\ARM_GCC_541\Debug\Robot_Control.a(CyLib.o)
 .text          0x00000000        0x0 .\CortexM3\ARM_GCC_541\Debug\Robot_Control.a(cyPm.o)
 .data          0x00000000        0x0 .\CortexM3\ARM_GCC_541\Debug\Robot_Control.a(cyPm.o)
 .bss           0x00000000       0x43 .\CortexM3\ARM_GCC_541\Debug\Robot_Control.a(cyPm.o)
 .text.CyPmHibSlpSaveSet
                0x00000000      0x1dc .\CortexM3\ARM_GCC_541\Debug\Robot_Control.a(cyPm.o)
 .text.CyPmHibSlpRestore
                0x00000000       0xd8 .\CortexM3\ARM_GCC_541\Debug\Robot_Control.a(cyPm.o)
 .text.CyPmHviLviSaveDisable
                0x00000000       0xa0 .\CortexM3\ARM_GCC_541\Debug\Robot_Control.a(cyPm.o)
 .text.CyPmHibSaveSet
                0x00000000       0x98 .\CortexM3\ARM_GCC_541\Debug\Robot_Control.a(cyPm.o)
 .text.CyPmHviLviRestore
                0x00000000       0x48 .\CortexM3\ARM_GCC_541\Debug\Robot_Control.a(cyPm.o)
 .text.CyPmHibRestore
                0x00000000       0x60 .\CortexM3\ARM_GCC_541\Debug\Robot_Control.a(cyPm.o)
 .text.CyPmSaveClocks
                0x00000000      0x218 .\CortexM3\ARM_GCC_541\Debug\Robot_Control.a(cyPm.o)
 .text.CyPmRestoreClocks
                0x00000000      0x24c .\CortexM3\ARM_GCC_541\Debug\Robot_Control.a(cyPm.o)
 .text.CyPmAltAct
                0x00000000       0x6c .\CortexM3\ARM_GCC_541\Debug\Robot_Control.a(cyPm.o)
 .text.CyPmSleep
                0x00000000       0xf4 .\CortexM3\ARM_GCC_541\Debug\Robot_Control.a(cyPm.o)
 .text.CyPmHibernateEx
                0x00000000       0xf4 .\CortexM3\ARM_GCC_541\Debug\Robot_Control.a(cyPm.o)
 .text.CyPmHibernate
                0x00000000        0xc .\CortexM3\ARM_GCC_541\Debug\Robot_Control.a(cyPm.o)
 .text.CyPmReadStatus
                0x00000000       0x30 .\CortexM3\ARM_GCC_541\Debug\Robot_Control.a(cyPm.o)
 .text.CyPmCtwSetInterval
                0x00000000       0x5c .\CortexM3\ARM_GCC_541\Debug\Robot_Control.a(cyPm.o)
 .text.CyPmOppsSet
                0x00000000       0x2c .\CortexM3\ARM_GCC_541\Debug\Robot_Control.a(cyPm.o)
 .text.CyPmFtwSetInterval
                0x00000000       0x5c .\CortexM3\ARM_GCC_541\Debug\Robot_Control.a(cyPm.o)
 .rodata        0x00000000        0xf .\CortexM3\ARM_GCC_541\Debug\Robot_Control.a(cyPm.o)
 .data          0x00000000        0x0 .\CortexM3\ARM_GCC_541\Debug\Robot_Control.a(CyBootAsmGnu.o)
 .bss           0x00000000        0x0 .\CortexM3\ARM_GCC_541\Debug\Robot_Control.a(CyBootAsmGnu.o)
 .text          0x00000000        0x0 .\CortexM3\ARM_GCC_541\Debug\Robot_Control.a(CyFlash.o)
 .data          0x00000000        0x0 .\CortexM3\ARM_GCC_541\Debug\Robot_Control.a(CyFlash.o)
 .bss           0x00000000        0x0 .\CortexM3\ARM_GCC_541\Debug\Robot_Control.a(CyFlash.o)
 .text.CySetTempInt
                0x00000000       0x60 .\CortexM3\ARM_GCC_541\Debug\Robot_Control.a(CyFlash.o)
 .text.CyFlash_Start
                0x00000000       0x54 .\CortexM3\ARM_GCC_541\Debug\Robot_Control.a(CyFlash.o)
 .text.CyFlash_Stop
                0x00000000       0x24 .\CortexM3\ARM_GCC_541\Debug\Robot_Control.a(CyFlash.o)
 .text.CyFlash_EraseRow
                0x00000000       0x78 .\CortexM3\ARM_GCC_541\Debug\Robot_Control.a(CyFlash.o)
 .text.CyFlashGetSpcAlgorithm
                0x00000000       0x4c .\CortexM3\ARM_GCC_541\Debug\Robot_Control.a(CyFlash.o)
 .text.CySetTemp
                0x00000000       0x14 .\CortexM3\ARM_GCC_541\Debug\Robot_Control.a(CyFlash.o)
 .text.CySetFlashEEBuffer
                0x00000000       0x20 .\CortexM3\ARM_GCC_541\Debug\Robot_Control.a(CyFlash.o)
 .text.CyWriteRowFull
                0x00000000       0xf8 .\CortexM3\ARM_GCC_541\Debug\Robot_Control.a(CyFlash.o)
 .text.CyWriteRowData
                0x00000000       0x14 .\CortexM3\ARM_GCC_541\Debug\Robot_Control.a(CyFlash.o)
 .text.CyFlash_SetWaitCycles
                0x00000000       0x7c .\CortexM3\ARM_GCC_541\Debug\Robot_Control.a(CyFlash.o)
 .text.CyEEPROM_Start
                0x00000000       0x54 .\CortexM3\ARM_GCC_541\Debug\Robot_Control.a(CyFlash.o)
 .text.CyEEPROM_Stop
                0x00000000       0x24 .\CortexM3\ARM_GCC_541\Debug\Robot_Control.a(CyFlash.o)
 .text.CyEEPROM_ReadReserve
                0x00000000       0x1c .\CortexM3\ARM_GCC_541\Debug\Robot_Control.a(CyFlash.o)
 .text.CyEEPROM_ReadRelease
                0x00000000       0x10 .\CortexM3\ARM_GCC_541\Debug\Robot_Control.a(CyFlash.o)
 COMMON         0x00000000        0x2 .\CortexM3\ARM_GCC_541\Debug\Robot_Control.a(CyFlash.o)
 .text          0x00000000        0x0 .\CortexM3\ARM_GCC_541\Debug\Robot_Control.a(CySpc.o)
 .data          0x00000000        0x0 .\CortexM3\ARM_GCC_541\Debug\Robot_Control.a(CySpc.o)
 .bss           0x00000000        0x8 .\CortexM3\ARM_GCC_541\Debug\Robot_Control.a(CySpc.o)
 .text.CySpcStart
                0x00000000       0x24 .\CortexM3\ARM_GCC_541\Debug\Robot_Control.a(CySpc.o)
 .text.CySpcStop
                0x00000000       0x24 .\CortexM3\ARM_GCC_541\Debug\Robot_Control.a(CySpc.o)
 .text.CySpcReadData
                0x00000000       0x34 .\CortexM3\ARM_GCC_541\Debug\Robot_Control.a(CySpc.o)
 .text.CySpcLoadMultiByte
                0x00000000       0x78 .\CortexM3\ARM_GCC_541\Debug\Robot_Control.a(CySpc.o)
 .text.CySpcLoadRow
                0x00000000       0x50 .\CortexM3\ARM_GCC_541\Debug\Robot_Control.a(CySpc.o)
 .text.CySpcLoadRowFull
                0x00000000       0x80 .\CortexM3\ARM_GCC_541\Debug\Robot_Control.a(CySpc.o)
 .text.CySpcWriteRow
                0x00000000       0x4c .\CortexM3\ARM_GCC_541\Debug\Robot_Control.a(CySpc.o)
 .text.CySpcEraseSector
                0x00000000       0x3c .\CortexM3\ARM_GCC_541\Debug\Robot_Control.a(CySpc.o)
 .text.CySpcEraseRow
                0x00000000       0x4c .\CortexM3\ARM_GCC_541\Debug\Robot_Control.a(CySpc.o)
 .text.CySpcGetTemp
                0x00000000       0x3c .\CortexM3\ARM_GCC_541\Debug\Robot_Control.a(CySpc.o)
 .text.CySpcLock
                0x00000000       0x4c .\CortexM3\ARM_GCC_541\Debug\Robot_Control.a(CySpc.o)
 .text.CySpcUnlock
                0x00000000       0x38 .\CortexM3\ARM_GCC_541\Debug\Robot_Control.a(CySpc.o)
 .text.CySpcGetAlgorithm
                0x00000000       0x28 .\CortexM3\ARM_GCC_541\Debug\Robot_Control.a(CySpc.o)
 .text          0x00000000        0x0 c:/program files (x86)/cypress/psoc creator/4.2/psoc creator/import/gnu/arm/5.4.1/bin/../lib/gcc/arm-none-eabi/5.4.1/../../../../arm-none-eabi/lib/armv7-m\libg_nano.a(lib_a-errno.o)
 .data          0x00000000        0x0 c:/program files (x86)/cypress/psoc creator/4.2/psoc creator/import/gnu/arm/5.4.1/bin/../lib/gcc/arm-none-eabi/5.4.1/../../../../arm-none-eabi/lib/armv7-m\libg_nano.a(lib_a-errno.o)
 .bss           0x00000000        0x0 c:/program files (x86)/cypress/psoc creator/4.2/psoc creator/import/gnu/arm/5.4.1/bin/../lib/gcc/arm-none-eabi/5.4.1/../../../../arm-none-eabi/lib/armv7-m\libg_nano.a(lib_a-errno.o)
 .text          0x00000000        0x0 c:/program files (x86)/cypress/psoc creator/4.2/psoc creator/import/gnu/arm/5.4.1/bin/../lib/gcc/arm-none-eabi/5.4.1/../../../../arm-none-eabi/lib/armv7-m\libg_nano.a(lib_a-exit.o)
 .data          0x00000000        0x0 c:/program files (x86)/cypress/psoc creator/4.2/psoc creator/import/gnu/arm/5.4.1/bin/../lib/gcc/arm-none-eabi/5.4.1/../../../../arm-none-eabi/lib/armv7-m\libg_nano.a(lib_a-exit.o)
 .bss           0x00000000        0x0 c:/program files (x86)/cypress/psoc creator/4.2/psoc creator/import/gnu/arm/5.4.1/bin/../lib/gcc/arm-none-eabi/5.4.1/../../../../arm-none-eabi/lib/armv7-m\libg_nano.a(lib_a-exit.o)
 .text.exit     0x00000000       0x28 c:/program files (x86)/cypress/psoc creator/4.2/psoc creator/import/gnu/arm/5.4.1/bin/../lib/gcc/arm-none-eabi/5.4.1/../../../../arm-none-eabi/lib/armv7-m\libg_nano.a(lib_a-exit.o)
 .text          0x00000000        0x0 c:/program files (x86)/cypress/psoc creator/4.2/psoc creator/import/gnu/arm/5.4.1/bin/../lib/gcc/arm-none-eabi/5.4.1/../../../../arm-none-eabi/lib/armv7-m\libg_nano.a(lib_a-impure.o)
 .data          0x00000000        0x0 c:/program files (x86)/cypress/psoc creator/4.2/psoc creator/import/gnu/arm/5.4.1/bin/../lib/gcc/arm-none-eabi/5.4.1/../../../../arm-none-eabi/lib/armv7-m\libg_nano.a(lib_a-impure.o)
 .bss           0x00000000        0x0 c:/program files (x86)/cypress/psoc creator/4.2/psoc creator/import/gnu/arm/5.4.1/bin/../lib/gcc/arm-none-eabi/5.4.1/../../../../arm-none-eabi/lib/armv7-m\libg_nano.a(lib_a-impure.o)
 .rodata._global_impure_ptr
                0x00000000        0x4 c:/program files (x86)/cypress/psoc creator/4.2/psoc creator/import/gnu/arm/5.4.1/bin/../lib/gcc/arm-none-eabi/5.4.1/../../../../arm-none-eabi/lib/armv7-m\libg_nano.a(lib_a-impure.o)
 .text          0x00000000        0x0 c:/program files (x86)/cypress/psoc creator/4.2/psoc creator/import/gnu/arm/5.4.1/bin/../lib/gcc/arm-none-eabi/5.4.1/../../../../arm-none-eabi/lib/armv7-m\libg_nano.a(lib_a-init.o)
 .data          0x00000000        0x0 c:/program files (x86)/cypress/psoc creator/4.2/psoc creator/import/gnu/arm/5.4.1/bin/../lib/gcc/arm-none-eabi/5.4.1/../../../../arm-none-eabi/lib/armv7-m\libg_nano.a(lib_a-init.o)
 .bss           0x00000000        0x0 c:/program files (x86)/cypress/psoc creator/4.2/psoc creator/import/gnu/arm/5.4.1/bin/../lib/gcc/arm-none-eabi/5.4.1/../../../../arm-none-eabi/lib/armv7-m\libg_nano.a(lib_a-init.o)
 .text          0x00000000        0x0 c:/program files (x86)/cypress/psoc creator/4.2/psoc creator/import/gnu/arm/5.4.1/bin/../lib/gcc/arm-none-eabi/5.4.1/../../../../arm-none-eabi/lib/armv7-m\libg_nano.a(lib_a-memcpy-stub.o)
 .data          0x00000000        0x0 c:/program files (x86)/cypress/psoc creator/4.2/psoc creator/import/gnu/arm/5.4.1/bin/../lib/gcc/arm-none-eabi/5.4.1/../../../../arm-none-eabi/lib/armv7-m\libg_nano.a(lib_a-memcpy-stub.o)
 .bss           0x00000000        0x0 c:/program files (x86)/cypress/psoc creator/4.2/psoc creator/import/gnu/arm/5.4.1/bin/../lib/gcc/arm-none-eabi/5.4.1/../../../../arm-none-eabi/lib/armv7-m\libg_nano.a(lib_a-memcpy-stub.o)
 .text          0x00000000        0x0 c:/program files (x86)/cypress/psoc creator/4.2/psoc creator/import/gnu/arm/5.4.1/bin/../lib/gcc/arm-none-eabi/5.4.1/../../../../arm-none-eabi/lib/armv7-m\libg_nano.a(lib_a-memset.o)
 .data          0x00000000        0x0 c:/program files (x86)/cypress/psoc creator/4.2/psoc creator/import/gnu/arm/5.4.1/bin/../lib/gcc/arm-none-eabi/5.4.1/../../../../arm-none-eabi/lib/armv7-m\libg_nano.a(lib_a-memset.o)
 .bss           0x00000000        0x0 c:/program files (x86)/cypress/psoc creator/4.2/psoc creator/import/gnu/arm/5.4.1/bin/../lib/gcc/arm-none-eabi/5.4.1/../../../../arm-none-eabi/lib/armv7-m\libg_nano.a(lib_a-memset.o)
 .text          0x00000000        0x0 c:/program files (x86)/cypress/psoc creator/4.2/psoc creator/import/gnu/arm/5.4.1/bin/../lib/gcc/arm-none-eabi/5.4.1/armv7-m/crtend.o
 .data          0x00000000        0x0 c:/program files (x86)/cypress/psoc creator/4.2/psoc creator/import/gnu/arm/5.4.1/bin/../lib/gcc/arm-none-eabi/5.4.1/armv7-m/crtend.o
 .bss           0x00000000        0x0 c:/program files (x86)/cypress/psoc creator/4.2/psoc creator/import/gnu/arm/5.4.1/bin/../lib/gcc/arm-none-eabi/5.4.1/armv7-m/crtend.o
 .text          0x00000000        0x0 c:/program files (x86)/cypress/psoc creator/4.2/psoc creator/import/gnu/arm/5.4.1/bin/../lib/gcc/arm-none-eabi/5.4.1/armv7-m/crtn.o
 .data          0x00000000        0x0 c:/program files (x86)/cypress/psoc creator/4.2/psoc creator/import/gnu/arm/5.4.1/bin/../lib/gcc/arm-none-eabi/5.4.1/armv7-m/crtn.o
 .bss           0x00000000        0x0 c:/program files (x86)/cypress/psoc creator/4.2/psoc creator/import/gnu/arm/5.4.1/bin/../lib/gcc/arm-none-eabi/5.4.1/armv7-m/crtn.o

Memory Configuration

Name             Origin             Length             Attributes
rom              0x00000000         0x00040000         xr
ram              0x1fff8000         0x00010000         xrw
*default*        0x00000000         0xffffffff

Linker script and memory map

LOAD c:/program files (x86)/cypress/psoc creator/4.2/psoc creator/import/gnu/arm/5.4.1/bin/../lib/gcc/arm-none-eabi/5.4.1/armv7-m/crti.o
LOAD c:/program files (x86)/cypress/psoc creator/4.2/psoc creator/import/gnu/arm/5.4.1/bin/../lib/gcc/arm-none-eabi/5.4.1/armv7-m/crtbegin.o
LOAD c:/program files (x86)/cypress/psoc creator/4.2/psoc creator/import/gnu/arm/5.4.1/bin/../lib/gcc/arm-none-eabi/5.4.1/../../../../arm-none-eabi/lib/armv7-m/crt0.o
START GROUP
LOAD .\CortexM3\ARM_GCC_541\Debug\main.o
LOAD .\CortexM3\ARM_GCC_541\Debug\cyfitter_cfg.o
LOAD .\CortexM3\ARM_GCC_541\Debug\cymetadata.o
LOAD .\CortexM3\ARM_GCC_541\Debug\Cm3Start.o
LOAD .\CortexM3\ARM_GCC_541\Debug\Robot_Control.a
LOAD C:\Program Files (x86)\Cypress\PSoC Creator\4.2\PSoC Creator\psoc\content\cycomponentlibrary\CyComponentLibrary.cylib\CortexM3\ARM_GCC_541\Debug\CyComponentLibrary.a
END GROUP
START GROUP
LOAD c:/program files (x86)/cypress/psoc creator/4.2/psoc creator/import/gnu/arm/5.4.1/bin/../lib/gcc/arm-none-eabi/5.4.1/armv7-m\libgcc.a
LOAD c:/program files (x86)/cypress/psoc creator/4.2/psoc creator/import/gnu/arm/5.4.1/bin/../lib/gcc/arm-none-eabi/5.4.1/../../../../arm-none-eabi/lib/armv7-m\libg_nano.a
LOAD c:/program files (x86)/cypress/psoc creator/4.2/psoc creator/import/gnu/arm/5.4.1/bin/../lib/gcc/arm-none-eabi/5.4.1/../../../../arm-none-eabi/lib/armv7-m\libc_nano.a
END GROUP
START GROUP
LOAD c:/program files (x86)/cypress/psoc creator/4.2/psoc creator/import/gnu/arm/5.4.1/bin/../lib/gcc/arm-none-eabi/5.4.1/armv7-m\libgcc.a
LOAD c:/program files (x86)/cypress/psoc creator/4.2/psoc creator/import/gnu/arm/5.4.1/bin/../lib/gcc/arm-none-eabi/5.4.1/../../../../arm-none-eabi/lib/armv7-m\libc_nano.a
END GROUP
LOAD c:/program files (x86)/cypress/psoc creator/4.2/psoc creator/import/gnu/arm/5.4.1/bin/../lib/gcc/arm-none-eabi/5.4.1/armv7-m/crtend.o
LOAD c:/program files (x86)/cypress/psoc creator/4.2/psoc creator/import/gnu/arm/5.4.1/bin/../lib/gcc/arm-none-eabi/5.4.1/armv7-m/crtn.o
START GROUP
LOAD c:/program files (x86)/cypress/psoc creator/4.2/psoc creator/import/gnu/arm/5.4.1/bin/../lib/gcc/arm-none-eabi/5.4.1/armv7-m\libgcc.a
LOAD c:/program files (x86)/cypress/psoc creator/4.2/psoc creator/import/gnu/arm/5.4.1/bin/../lib/gcc/arm-none-eabi/5.4.1/../../../../arm-none-eabi/lib/armv7-m\libc.a
LOAD c:/program files (x86)/cypress/psoc creator/4.2/psoc creator/import/gnu/arm/5.4.1/bin/../lib/gcc/arm-none-eabi/5.4.1/../../../../arm-none-eabi/lib/armv7-m\libnosys.a
END GROUP
                0x00000000                CY_APPL_ORIGIN = 0x0
                0x00000100                CY_FLASH_ROW_SIZE = 0x100
                0x00000020                CY_ECC_ROW_SIZE = 0x20
                0x00000000                CY_EE_IN_BTLDR = 0x0
                0x00000000                CY_APPL_LOADABLE = 0x0
                0x00000800                CY_EE_SIZE = 0x800
                0x00000001                CY_APPL_NUM = 0x1
                0x00000001                CY_APPL_MAX = 0x1
                0x00000040                CY_METADATA_SIZE = 0x40
                0x00000000                CY_APPL_LOADABLE = 0x0
                0x00000000                CY_CHECKSUM_EXCLUDE_SIZE = ALIGN (0x0, CY_FLASH_ROW_SIZE)
                [!provide]                PROVIDE (__cy_heap_start, _end)
                0x00000001                PROVIDE (__cy_region_num, ((__cy_regions_end - __cy_regions) / 0x10))
                0x20008000                PROVIDE (__cy_stack, (ORIGIN (ram) + LENGTH (ram)))
                [!provide]                PROVIDE (__cy_heap_end, (__cy_stack - 0x800))

.cybootloader   0x00000000        0x0
 *(.cybootloader)
                0x00000000                appl1_start = CY_APPL_ORIGIN?CY_APPL_ORIGIN:ALIGN (CY_FLASH_ROW_SIZE)
                0x0001ff00                appl2_start = (appl1_start + ALIGN ((((LENGTH (rom) - appl1_start) - (0x2 * CY_FLASH_ROW_SIZE)) / 0x2), CY_FLASH_ROW_SIZE))
                0x00000000                appl_start = (CY_APPL_NUM == 0x1)?appl1_start:appl2_start
                0x00000000                ecc_offset = ((appl_start / CY_FLASH_ROW_SIZE) * CY_ECC_ROW_SIZE)
                0x00000000                ee_offset = (CY_APPL_LOADABLE && ! (CY_EE_IN_BTLDR))?((CY_EE_SIZE / CY_APPL_MAX) * (CY_APPL_NUM - 0x1)):0x0
                0x00000800                ee_size = (CY_APPL_LOADABLE && ! (CY_EE_IN_BTLDR))?(CY_EE_SIZE / CY_APPL_MAX):CY_EE_SIZE
                [!provide]                PROVIDE (CY_ECC_OFFSET, ecc_offset)

.text           0x00000000      0xd4e
 CREATE_OBJECT_SYMBOLS
                0x00000000                PROVIDE (__cy_interrupt_vector, RomVectors)
 *(.romvectors)
 .romvectors    0x00000000       0x10 .\CortexM3\ARM_GCC_541\Debug\Cm3Start.o
                0x00000000                RomVectors
                0x00000001                ASSERT ((. != __cy_interrupt_vector), No interrupt vector)
                0x00000001                ASSERT (CY_APPL_ORIGIN?(SIZEOF (.cybootloader) <= CY_APPL_ORIGIN):0x1, Wrong image location)
                0x00000010                PROVIDE (__cy_reset, Reset)
 *(.text.Reset)
 .text.Reset    0x00000010       0x18 .\CortexM3\ARM_GCC_541\Debug\Cm3Start.o
                0x00000010                Reset
                0x00000001                ASSERT ((. != __cy_reset), No reset code)
 *(.dma_init)
                0x00000001                ASSERT ((((appl_start + .) <= 0x10000) || 0x1), DMA Init must be within the first 64k of flash)
 *(.text .text.* .gnu.linkonce.t.*)
 .text          0x00000028       0x5c c:/program files (x86)/cypress/psoc creator/4.2/psoc creator/import/gnu/arm/5.4.1/bin/../lib/gcc/arm-none-eabi/5.4.1/armv7-m/crtbegin.o
 .text.initializeComponenets
                0x00000084       0x28 .\CortexM3\ARM_GCC_541\Debug\main.o
                0x00000084                initializeComponenets
 .text.resetAllServoPositions
                0x000000ac       0x70 .\CortexM3\ARM_GCC_541\Debug\main.o
                0x000000ac                resetAllServoPositions
 .text.sadLeftEyebrow
                0x0000011c       0x14 .\CortexM3\ARM_GCC_541\Debug\main.o
                0x0000011c                sadLeftEyebrow
 .text.raisedLeftEyebrow
                0x00000130       0x10 .\CortexM3\ARM_GCC_541\Debug\main.o
                0x00000130                raisedLeftEyebrow
 .text.raisedRightEyebrow
                0x00000140       0x14 .\CortexM3\ARM_GCC_541\Debug\main.o
                0x00000140                raisedRightEyebrow
 .text.sadRightEyebrow
                0x00000154       0x10 .\CortexM3\ARM_GCC_541\Debug\main.o
                0x00000154                sadRightEyebrow
 .text.main     0x00000164       0x38 .\CortexM3\ARM_GCC_541\Debug\main.o
                0x00000164                main
 .text.CyClockStartupError
                0x0000019c        0x4 .\CortexM3\ARM_GCC_541\Debug\cyfitter_cfg.o
 .text.cfg_write_bytes32
                0x000001a0       0x34 .\CortexM3\ARM_GCC_541\Debug\cyfitter_cfg.o
 .text.AnalogSetDefault
                0x000001d4       0x28 .\CortexM3\ARM_GCC_541\Debug\cyfitter_cfg.o
 .text.CYMEMZERO
                0x000001fc        0xc .\CortexM3\ARM_GCC_541\Debug\cyfitter_cfg.o
 .text.ClockSetup
                0x00000208       0xfc .\CortexM3\ARM_GCC_541\Debug\cyfitter_cfg.o
 .text.CYCONFIGCPY
                0x00000304        0x8 .\CortexM3\ARM_GCC_541\Debug\cyfitter_cfg.o
 .text.cyfitter_cfg
                0x0000030c       0xf0 .\CortexM3\ARM_GCC_541\Debug\cyfitter_cfg.o
                0x0000030c                cyfitter_cfg
 .text.IntDefaultHandler
                0x000003fc       0x10 .\CortexM3\ARM_GCC_541\Debug\Cm3Start.o
                0x000003fc                IntDefaultHandler
 .text.Start_c  0x0000040c       0x4c .\CortexM3\ARM_GCC_541\Debug\Cm3Start.o
                0x0000040c                Start_c
 .text.initialize_psoc
                0x00000458       0x68 .\CortexM3\ARM_GCC_541\Debug\Cm3Start.o
                0x00000458                initialize_psoc
 .text.RightEyebrow_Enable
                0x000004c0       0x10 .\CortexM3\ARM_GCC_541\Debug\Robot_Control.a(RightEyebrow.o)
                0x000004c0                RightEyebrow_Enable
 .text.RightEyebrow_WriteCounter
                0x000004d0        0xc .\CortexM3\ARM_GCC_541\Debug\Robot_Control.a(RightEyebrow.o)
                0x000004d0                RightEyebrow_WriteCounter
 .text.RightEyebrow_WritePeriod
                0x000004dc        0xc .\CortexM3\ARM_GCC_541\Debug\Robot_Control.a(RightEyebrow.o)
                0x000004dc                RightEyebrow_WritePeriod
 .text.RightEyebrow_WriteCompare1
                0x000004e8        0xc .\CortexM3\ARM_GCC_541\Debug\Robot_Control.a(RightEyebrow.o)
                0x000004e8                RightEyebrow_WriteCompare1
 .text.RightEyebrow_WriteCompare2
                0x000004f4        0xc .\CortexM3\ARM_GCC_541\Debug\Robot_Control.a(RightEyebrow.o)
                0x000004f4                RightEyebrow_WriteCompare2
 .text.RightEyebrow_SetInterruptMode
                0x00000500        0xc .\CortexM3\ARM_GCC_541\Debug\Robot_Control.a(RightEyebrow.o)
                0x00000500                RightEyebrow_SetInterruptMode
 .text.RightEyebrow_ReadStatusRegister
                0x0000050c        0xc .\CortexM3\ARM_GCC_541\Debug\Robot_Control.a(RightEyebrow.o)
                0x0000050c                RightEyebrow_ReadStatusRegister
 .text.RightEyebrow_ReadCapture
                0x00000518        0xc .\CortexM3\ARM_GCC_541\Debug\Robot_Control.a(RightEyebrow.o)
                0x00000518                RightEyebrow_ReadCapture
 .text.RightEyebrow_ClearFIFO
                0x00000524       0x14 .\CortexM3\ARM_GCC_541\Debug\Robot_Control.a(RightEyebrow.o)
                0x00000524                RightEyebrow_ClearFIFO
 .text.RightEyebrow_Init
                0x00000538       0x64 .\CortexM3\ARM_GCC_541\Debug\Robot_Control.a(RightEyebrow.o)
                0x00000538                RightEyebrow_Init
 .text.RightEyebrow_Start
                0x0000059c       0x1c .\CortexM3\ARM_GCC_541\Debug\Robot_Control.a(RightEyebrow.o)
                0x0000059c                RightEyebrow_Start
 .text.EyelidGroup_Enable
                0x000005b8       0x10 .\CortexM3\ARM_GCC_541\Debug\Robot_Control.a(EyelidGroup.o)
                0x000005b8                EyelidGroup_Enable
 .text.EyelidGroup_WriteCounter
                0x000005c8        0xc .\CortexM3\ARM_GCC_541\Debug\Robot_Control.a(EyelidGroup.o)
                0x000005c8                EyelidGroup_WriteCounter
 .text.EyelidGroup_WritePeriod
                0x000005d4        0xc .\CortexM3\ARM_GCC_541\Debug\Robot_Control.a(EyelidGroup.o)
                0x000005d4                EyelidGroup_WritePeriod
 .text.EyelidGroup_WriteCompare1
                0x000005e0        0xc .\CortexM3\ARM_GCC_541\Debug\Robot_Control.a(EyelidGroup.o)
                0x000005e0                EyelidGroup_WriteCompare1
 .text.EyelidGroup_WriteCompare2
                0x000005ec        0xc .\CortexM3\ARM_GCC_541\Debug\Robot_Control.a(EyelidGroup.o)
                0x000005ec                EyelidGroup_WriteCompare2
 .text.EyelidGroup_SetInterruptMode
                0x000005f8        0xc .\CortexM3\ARM_GCC_541\Debug\Robot_Control.a(EyelidGroup.o)
                0x000005f8                EyelidGroup_SetInterruptMode
 .text.EyelidGroup_ReadStatusRegister
                0x00000604        0xc .\CortexM3\ARM_GCC_541\Debug\Robot_Control.a(EyelidGroup.o)
                0x00000604                EyelidGroup_ReadStatusRegister
 .text.EyelidGroup_ReadCapture
                0x00000610        0xc .\CortexM3\ARM_GCC_541\Debug\Robot_Control.a(EyelidGroup.o)
                0x00000610                EyelidGroup_ReadCapture
 .text.EyelidGroup_ClearFIFO
                0x0000061c       0x14 .\CortexM3\ARM_GCC_541\Debug\Robot_Control.a(EyelidGroup.o)
                0x0000061c                EyelidGroup_ClearFIFO
 .text.EyelidGroup_Init
                0x00000630       0x64 .\CortexM3\ARM_GCC_541\Debug\Robot_Control.a(EyelidGroup.o)
                0x00000630                EyelidGroup_Init
 .text.EyelidGroup_Start
                0x00000694       0x1c .\CortexM3\ARM_GCC_541\Debug\Robot_Control.a(EyelidGroup.o)
                0x00000694                EyelidGroup_Start
 .text.EyeBallVertical_Enable
                0x000006b0       0x10 .\CortexM3\ARM_GCC_541\Debug\Robot_Control.a(EyeBallVertical.o)
                0x000006b0                EyeBallVertical_Enable
 .text.EyeBallVertical_WriteCounter
                0x000006c0        0xc .\CortexM3\ARM_GCC_541\Debug\Robot_Control.a(EyeBallVertical.o)
                0x000006c0                EyeBallVertical_WriteCounter
 .text.EyeBallVertical_WritePeriod
                0x000006cc        0xc .\CortexM3\ARM_GCC_541\Debug\Robot_Control.a(EyeBallVertical.o)
                0x000006cc                EyeBallVertical_WritePeriod
 .text.EyeBallVertical_WriteCompare1
                0x000006d8        0xc .\CortexM3\ARM_GCC_541\Debug\Robot_Control.a(EyeBallVertical.o)
                0x000006d8                EyeBallVertical_WriteCompare1
 .text.EyeBallVertical_WriteCompare2
                0x000006e4        0xc .\CortexM3\ARM_GCC_541\Debug\Robot_Control.a(EyeBallVertical.o)
                0x000006e4                EyeBallVertical_WriteCompare2
 .text.EyeBallVertical_SetInterruptMode
                0x000006f0        0xc .\CortexM3\ARM_GCC_541\Debug\Robot_Control.a(EyeBallVertical.o)
                0x000006f0                EyeBallVertical_SetInterruptMode
 .text.EyeBallVertical_ReadStatusRegister
                0x000006fc        0xc .\CortexM3\ARM_GCC_541\Debug\Robot_Control.a(EyeBallVertical.o)
                0x000006fc                EyeBallVertical_ReadStatusRegister
 .text.EyeBallVertical_ReadCapture
                0x00000708        0xc .\CortexM3\ARM_GCC_541\Debug\Robot_Control.a(EyeBallVertical.o)
                0x00000708                EyeBallVertical_ReadCapture
 .text.EyeBallVertical_ClearFIFO
                0x00000714       0x14 .\CortexM3\ARM_GCC_541\Debug\Robot_Control.a(EyeBallVertical.o)
                0x00000714                EyeBallVertical_ClearFIFO
 .text.EyeBallVertical_Init
                0x00000728       0x64 .\CortexM3\ARM_GCC_541\Debug\Robot_Control.a(EyeBallVertical.o)
                0x00000728                EyeBallVertical_Init
 .text.EyeBallVertical_Start
                0x0000078c       0x1c .\CortexM3\ARM_GCC_541\Debug\Robot_Control.a(EyeBallVertical.o)
                0x0000078c                EyeBallVertical_Start
 .text.BaseJaw_Enable
                0x000007a8       0x10 .\CortexM3\ARM_GCC_541\Debug\Robot_Control.a(BaseJaw.o)
                0x000007a8                BaseJaw_Enable
 .text.BaseJaw_WriteCounter
                0x000007b8        0xc .\CortexM3\ARM_GCC_541\Debug\Robot_Control.a(BaseJaw.o)
                0x000007b8                BaseJaw_WriteCounter
 .text.BaseJaw_WritePeriod
                0x000007c4        0xc .\CortexM3\ARM_GCC_541\Debug\Robot_Control.a(BaseJaw.o)
                0x000007c4                BaseJaw_WritePeriod
 .text.BaseJaw_WriteCompare1
                0x000007d0        0xc .\CortexM3\ARM_GCC_541\Debug\Robot_Control.a(BaseJaw.o)
                0x000007d0                BaseJaw_WriteCompare1
 .text.BaseJaw_WriteCompare2
                0x000007dc        0xc .\CortexM3\ARM_GCC_541\Debug\Robot_Control.a(BaseJaw.o)
                0x000007dc                BaseJaw_WriteCompare2
 .text.BaseJaw_SetInterruptMode
                0x000007e8        0xc .\CortexM3\ARM_GCC_541\Debug\Robot_Control.a(BaseJaw.o)
                0x000007e8                BaseJaw_SetInterruptMode
 .text.BaseJaw_ReadStatusRegister
                0x000007f4        0xc .\CortexM3\ARM_GCC_541\Debug\Robot_Control.a(BaseJaw.o)
                0x000007f4                BaseJaw_ReadStatusRegister
 .text.BaseJaw_ReadCapture
                0x00000800        0xc .\CortexM3\ARM_GCC_541\Debug\Robot_Control.a(BaseJaw.o)
                0x00000800                BaseJaw_ReadCapture
 .text.BaseJaw_ClearFIFO
                0x0000080c       0x14 .\CortexM3\ARM_GCC_541\Debug\Robot_Control.a(BaseJaw.o)
                0x0000080c                BaseJaw_ClearFIFO
 .text.BaseJaw_Init
                0x00000820       0x64 .\CortexM3\ARM_GCC_541\Debug\Robot_Control.a(BaseJaw.o)
                0x00000820                BaseJaw_Init
 .text.BaseJaw_Start
                0x00000884       0x1c .\CortexM3\ARM_GCC_541\Debug\Robot_Control.a(BaseJaw.o)
                0x00000884                BaseJaw_Start
 .text.LeftEyebrow_Enable
                0x000008a0       0x10 .\CortexM3\ARM_GCC_541\Debug\Robot_Control.a(LeftEyebrow.o)
                0x000008a0                LeftEyebrow_Enable
 .text.LeftEyebrow_WriteCounter
                0x000008b0        0xc .\CortexM3\ARM_GCC_541\Debug\Robot_Control.a(LeftEyebrow.o)
                0x000008b0                LeftEyebrow_WriteCounter
 .text.LeftEyebrow_WritePeriod
                0x000008bc        0xc .\CortexM3\ARM_GCC_541\Debug\Robot_Control.a(LeftEyebrow.o)
                0x000008bc                LeftEyebrow_WritePeriod
 .text.LeftEyebrow_WriteCompare1
                0x000008c8        0xc .\CortexM3\ARM_GCC_541\Debug\Robot_Control.a(LeftEyebrow.o)
                0x000008c8                LeftEyebrow_WriteCompare1
 .text.LeftEyebrow_WriteCompare2
                0x000008d4        0xc .\CortexM3\ARM_GCC_541\Debug\Robot_Control.a(LeftEyebrow.o)
                0x000008d4                LeftEyebrow_WriteCompare2
 .text.LeftEyebrow_SetInterruptMode
                0x000008e0        0xc .\CortexM3\ARM_GCC_541\Debug\Robot_Control.a(LeftEyebrow.o)
                0x000008e0                LeftEyebrow_SetInterruptMode
 .text.LeftEyebrow_ReadStatusRegister
                0x000008ec        0xc .\CortexM3\ARM_GCC_541\Debug\Robot_Control.a(LeftEyebrow.o)
                0x000008ec                LeftEyebrow_ReadStatusRegister
 .text.LeftEyebrow_ReadCapture
                0x000008f8        0xc .\CortexM3\ARM_GCC_541\Debug\Robot_Control.a(LeftEyebrow.o)
                0x000008f8                LeftEyebrow_ReadCapture
 .text.LeftEyebrow_ClearFIFO
                0x00000904       0x14 .\CortexM3\ARM_GCC_541\Debug\Robot_Control.a(LeftEyebrow.o)
                0x00000904                LeftEyebrow_ClearFIFO
 .text.LeftEyebrow_Init
                0x00000918       0x64 .\CortexM3\ARM_GCC_541\Debug\Robot_Control.a(LeftEyebrow.o)
                0x00000918                LeftEyebrow_Init
 .text.LeftEyebrow_Start
                0x0000097c       0x1c .\CortexM3\ARM_GCC_541\Debug\Robot_Control.a(LeftEyebrow.o)
                0x0000097c                LeftEyebrow_Start
 .text.EyeBallHorizontal_Enable
                0x00000998       0x10 .\CortexM3\ARM_GCC_541\Debug\Robot_Control.a(EyeBallHorizontal.o)
                0x00000998                EyeBallHorizontal_Enable
 .text.EyeBallHorizontal_WriteCounter
                0x000009a8        0xc .\CortexM3\ARM_GCC_541\Debug\Robot_Control.a(EyeBallHorizontal.o)
                0x000009a8                EyeBallHorizontal_WriteCounter
 .text.EyeBallHorizontal_WritePeriod
                0x000009b4        0xc .\CortexM3\ARM_GCC_541\Debug\Robot_Control.a(EyeBallHorizontal.o)
                0x000009b4                EyeBallHorizontal_WritePeriod
 .text.EyeBallHorizontal_WriteCompare1
                0x000009c0        0xc .\CortexM3\ARM_GCC_541\Debug\Robot_Control.a(EyeBallHorizontal.o)
                0x000009c0                EyeBallHorizontal_WriteCompare1
 .text.EyeBallHorizontal_WriteCompare2
                0x000009cc        0xc .\CortexM3\ARM_GCC_541\Debug\Robot_Control.a(EyeBallHorizontal.o)
                0x000009cc                EyeBallHorizontal_WriteCompare2
 .text.EyeBallHorizontal_SetInterruptMode
                0x000009d8        0xc .\CortexM3\ARM_GCC_541\Debug\Robot_Control.a(EyeBallHorizontal.o)
                0x000009d8                EyeBallHorizontal_SetInterruptMode
 .text.EyeBallHorizontal_ReadStatusRegister
                0x000009e4        0xc .\CortexM3\ARM_GCC_541\Debug\Robot_Control.a(EyeBallHorizontal.o)
                0x000009e4                EyeBallHorizontal_ReadStatusRegister
 .text.EyeBallHorizontal_ReadCapture
                0x000009f0        0xc .\CortexM3\ARM_GCC_541\Debug\Robot_Control.a(EyeBallHorizontal.o)
                0x000009f0                EyeBallHorizontal_ReadCapture
 .text.EyeBallHorizontal_ClearFIFO
                0x000009fc       0x14 .\CortexM3\ARM_GCC_541\Debug\Robot_Control.a(EyeBallHorizontal.o)
                0x000009fc                EyeBallHorizontal_ClearFIFO
 .text.EyeBallHorizontal_Init
                0x00000a10       0x64 .\CortexM3\ARM_GCC_541\Debug\Robot_Control.a(EyeBallHorizontal.o)
                0x00000a10                EyeBallHorizontal_Init
 .text.EyeBallHorizontal_Start
                0x00000a74       0x1c .\CortexM3\ARM_GCC_541\Debug\Robot_Control.a(EyeBallHorizontal.o)
                0x00000a74                EyeBallHorizontal_Start
 .text.Neck_Enable
                0x00000a90       0x10 .\CortexM3\ARM_GCC_541\Debug\Robot_Control.a(Neck.o)
                0x00000a90                Neck_Enable
 .text.Neck_WriteCounter
                0x00000aa0        0xc .\CortexM3\ARM_GCC_541\Debug\Robot_Control.a(Neck.o)
                0x00000aa0                Neck_WriteCounter
 .text.Neck_WritePeriod
                0x00000aac        0xc .\CortexM3\ARM_GCC_541\Debug\Robot_Control.a(Neck.o)
                0x00000aac                Neck_WritePeriod
 .text.Neck_WriteCompare1
                0x00000ab8        0xc .\CortexM3\ARM_GCC_541\Debug\Robot_Control.a(Neck.o)
                0x00000ab8                Neck_WriteCompare1
 .text.Neck_WriteCompare2
                0x00000ac4        0xc .\CortexM3\ARM_GCC_541\Debug\Robot_Control.a(Neck.o)
                0x00000ac4                Neck_WriteCompare2
 .text.Neck_SetInterruptMode
                0x00000ad0        0xc .\CortexM3\ARM_GCC_541\Debug\Robot_Control.a(Neck.o)
                0x00000ad0                Neck_SetInterruptMode
 .text.Neck_ReadStatusRegister
                0x00000adc        0xc .\CortexM3\ARM_GCC_541\Debug\Robot_Control.a(Neck.o)
                0x00000adc                Neck_ReadStatusRegister
 .text.Neck_ReadCapture
                0x00000ae8        0xc .\CortexM3\ARM_GCC_541\Debug\Robot_Control.a(Neck.o)
                0x00000ae8                Neck_ReadCapture
 .text.Neck_ClearFIFO
                0x00000af4       0x14 .\CortexM3\ARM_GCC_541\Debug\Robot_Control.a(Neck.o)
                0x00000af4                Neck_ClearFIFO
 .text.Neck_Init
                0x00000b08       0x64 .\CortexM3\ARM_GCC_541\Debug\Robot_Control.a(Neck.o)
                0x00000b08                Neck_Init
 .text.Neck_Start
                0x00000b6c       0x1c .\CortexM3\ARM_GCC_541\Debug\Robot_Control.a(Neck.o)
                0x00000b6c                Neck_Start
 .text.Lip_Enable
                0x00000b88       0x10 .\CortexM3\ARM_GCC_541\Debug\Robot_Control.a(Lip.o)
                0x00000b88                Lip_Enable
 .text.Lip_WriteCounter
                0x00000b98        0xc .\CortexM3\ARM_GCC_541\Debug\Robot_Control.a(Lip.o)
                0x00000b98                Lip_WriteCounter
 .text.Lip_WritePeriod
                0x00000ba4        0xc .\CortexM3\ARM_GCC_541\Debug\Robot_Control.a(Lip.o)
                0x00000ba4                Lip_WritePeriod
 .text.Lip_WriteCompare1
                0x00000bb0        0xc .\CortexM3\ARM_GCC_541\Debug\Robot_Control.a(Lip.o)
                0x00000bb0                Lip_WriteCompare1
 .text.Lip_WriteCompare2
                0x00000bbc        0xc .\CortexM3\ARM_GCC_541\Debug\Robot_Control.a(Lip.o)
                0x00000bbc                Lip_WriteCompare2
 .text.Lip_SetInterruptMode
                0x00000bc8        0xc .\CortexM3\ARM_GCC_541\Debug\Robot_Control.a(Lip.o)
                0x00000bc8                Lip_SetInterruptMode
 .text.Lip_ReadStatusRegister
                0x00000bd4        0xc .\CortexM3\ARM_GCC_541\Debug\Robot_Control.a(Lip.o)
                0x00000bd4                Lip_ReadStatusRegister
 .text.Lip_ReadCapture
                0x00000be0        0xc .\CortexM3\ARM_GCC_541\Debug\Robot_Control.a(Lip.o)
                0x00000be0                Lip_ReadCapture
 .text.Lip_ClearFIFO
                0x00000bec       0x14 .\CortexM3\ARM_GCC_541\Debug\Robot_Control.a(Lip.o)
                0x00000bec                Lip_ClearFIFO
 .text.Lip_Init
                0x00000c00       0x64 .\CortexM3\ARM_GCC_541\Debug\Robot_Control.a(Lip.o)
                0x00000c00                Lip_Init
 .text.Lip_Start
                0x00000c64       0x1c .\CortexM3\ARM_GCC_541\Debug\Robot_Control.a(Lip.o)
                0x00000c64                Lip_Start
 .text.CyDelay  0x00000c80       0x2c .\CortexM3\ARM_GCC_541\Debug\Robot_Control.a(CyLib.o)
                0x00000c80                CyDelay
 *fill*         0x00000cac        0x4 
 .text          0x00000cb0       0x20 .\CortexM3\ARM_GCC_541\Debug\Robot_Control.a(CyBootAsmGnu.o)
                0x00000cb0                CyDelayCycles
                0x00000cc0                CyEnterCriticalSection
                0x00000cc8                CyExitCriticalSection
 .text.__errno  0x00000cd0        0xc c:/program files (x86)/cypress/psoc creator/4.2/psoc creator/import/gnu/arm/5.4.1/bin/../lib/gcc/arm-none-eabi/5.4.1/../../../../arm-none-eabi/lib/armv7-m\libg_nano.a(lib_a-errno.o)
                0x00000cd0                __errno
 .text.__libc_init_array
                0x00000cdc       0x4c c:/program files (x86)/cypress/psoc creator/4.2/psoc creator/import/gnu/arm/5.4.1/bin/../lib/gcc/arm-none-eabi/5.4.1/../../../../arm-none-eabi/lib/armv7-m\libg_nano.a(lib_a-init.o)
                0x00000cdc                __libc_init_array
 .text.memcpy   0x00000d28       0x16 c:/program files (x86)/cypress/psoc creator/4.2/psoc creator/import/gnu/arm/5.4.1/bin/../lib/gcc/arm-none-eabi/5.4.1/../../../../arm-none-eabi/lib/armv7-m\libg_nano.a(lib_a-memcpy-stub.o)
                0x00000d28                memcpy
 .text.memset   0x00000d3e       0x10 c:/program files (x86)/cypress/psoc creator/4.2/psoc creator/import/gnu/arm/5.4.1/bin/../lib/gcc/arm-none-eabi/5.4.1/../../../../arm-none-eabi/lib/armv7-m\libg_nano.a(lib_a-memset.o)
                0x00000d3e                memset
 *(.plt)
 *(.gnu.warning)
 *(.glue_7t)
 .glue_7t       0x00000d4e        0x0 linker stubs
 *(.glue_7)
 .glue_7        0x00000d4e        0x0 linker stubs
 *(.vfp11_veneer)
 .vfp11_veneer  0x00000d4e        0x0 linker stubs
 *(.bootloader)
 *(.ARM.extab* .gnu.linkonce.armextab.*)
 *(.gcc_except_table)

.v4_bx          0x00000d50        0x0
 .v4_bx         0x00000d50        0x0 linker stubs

.iplt           0x00000d50        0x0
 .iplt          0x00000d50        0x0 c:/program files (x86)/cypress/psoc creator/4.2/psoc creator/import/gnu/arm/5.4.1/bin/../lib/gcc/arm-none-eabi/5.4.1/armv7-m/crtbegin.o

.eh_frame_hdr
 *(.eh_frame_hdr)

.eh_frame       0x00000d50        0x4
 *(.eh_frame)
 .eh_frame      0x00000d50        0x0 c:/program files (x86)/cypress/psoc creator/4.2/psoc creator/import/gnu/arm/5.4.1/bin/../lib/gcc/arm-none-eabi/5.4.1/armv7-m/crtbegin.o
 .eh_frame      0x00000d50        0x4 c:/program files (x86)/cypress/psoc creator/4.2/psoc creator/import/gnu/arm/5.4.1/bin/../lib/gcc/arm-none-eabi/5.4.1/armv7-m/crtend.o
                [!provide]                PROVIDE (__exidx_start, .)

.ARM.exidx
 *(.ARM.exidx* .gnu.linkonce.armexidx.*)
                0x00000d54                __exidx_end = .

.rodata         0x00000d54       0x6c
 *(.rodata .rodata.* .gnu.linkonce.r.*)
 .rodata        0x00000d54       0x30 .\CortexM3\ARM_GCC_541\Debug\cyfitter_cfg.o
 .rodata.str1.1
                0x00000d84        0x2 c:/program files (x86)/cypress/psoc creator/4.2/psoc creator/import/gnu/arm/5.4.1/bin/../lib/gcc/arm-none-eabi/5.4.1/../../../../arm-none-eabi/lib/armv7-m\libg_nano.a(lib_a-impure.o)
                0x00000d88                . = ALIGN (0x4)
 *fill*         0x00000d86        0x2 
 *(.init)
 .init          0x00000d88        0x4 c:/program files (x86)/cypress/psoc creator/4.2/psoc creator/import/gnu/arm/5.4.1/bin/../lib/gcc/arm-none-eabi/5.4.1/armv7-m/crti.o
                0x00000d88                _init
 .init          0x00000d8c        0x8 c:/program files (x86)/cypress/psoc creator/4.2/psoc creator/import/gnu/arm/5.4.1/bin/../lib/gcc/arm-none-eabi/5.4.1/armv7-m/crtn.o
                0x00000d94                . = ALIGN (0x4)
                0x00000d94                __preinit_array_start = .
 *(.preinit_array)
                0x00000d94                __preinit_array_end = .
                0x00000d94                . = ALIGN (0x4)
                0x00000d94                __init_array_start = .
 *(SORT(.init_array.*))
 *(.init_array)
 .init_array    0x00000d94        0x4 c:/program files (x86)/cypress/psoc creator/4.2/psoc creator/import/gnu/arm/5.4.1/bin/../lib/gcc/arm-none-eabi/5.4.1/armv7-m/crtbegin.o
 .init_array    0x00000d98        0x4 .\CortexM3\ARM_GCC_541\Debug\Cm3Start.o
                0x00000d9c                __init_array_end = .
                0x00000d9c                . = ALIGN (0x4)
 *(.fini)
 .fini          0x00000d9c        0x4 c:/program files (x86)/cypress/psoc creator/4.2/psoc creator/import/gnu/arm/5.4.1/bin/../lib/gcc/arm-none-eabi/5.4.1/armv7-m/crti.o
                0x00000d9c                _fini
 .fini          0x00000da0        0x8 c:/program files (x86)/cypress/psoc creator/4.2/psoc creator/import/gnu/arm/5.4.1/bin/../lib/gcc/arm-none-eabi/5.4.1/armv7-m/crtn.o
                0x00000da8                . = ALIGN (0x4)
                0x00000da8                __fini_array_start = .
 *(.fini_array)
 .fini_array    0x00000da8        0x4 c:/program files (x86)/cypress/psoc creator/4.2/psoc creator/import/gnu/arm/5.4.1/bin/../lib/gcc/arm-none-eabi/5.4.1/armv7-m/crtbegin.o
 *(SORT(.fini_array.*))
                0x00000dac                __fini_array_end = .
                0x00000dac                . = ALIGN (0x4)
 *crtbegin.o(.ctors)
 *(EXCLUDE_FILE(*crtend.o) .ctors)
 *(SORT(.ctors.*))
 *crtend.o(.ctors)
                0x00000dac                . = ALIGN (0x4)
 *crtbegin.o(.dtors)
 *(EXCLUDE_FILE(*crtend.o) .dtors)
 *(SORT(.dtors.*))
 *crtend.o(.dtors)
                0x00000dac                . = ALIGN (0x4)
                0x00000dac                __cy_regions = .
                0x00000dac        0x4 LONG 0xdc0 __cy_region_init_ram
                0x00000db0        0x4 LONG 0x1fff80c8 __cy_region_start_data
                0x00000db4        0x4 LONG 0x78 __cy_region_init_size_ram
                0x00000db8        0x4 LONG 0x28 __cy_region_zero_size_ram
                0x00000dbc                __cy_regions_end = .
                0x00000dc0                . = ALIGN (0x8)
 *fill*         0x00000dbc        0x4 
                0x00000dc0                _etext = .

.cy_checksum_exclude
                0x00000dc0        0x0
 *(.cy_checksum_exclude)

.ramvectors     0x1fff8000       0xc0
                0x1fff8000                __cy_region_start_ram = .
 *(.ramvectors)
 .ramvectors    0x1fff8000       0xc0 .\CortexM3\ARM_GCC_541\Debug\Cm3Start.o
                0x1fff8000                CyRamVectors

.noinit         0x1fff80c0        0x1
 *(.noinit)
 .noinit        0x1fff80c0        0x1 .\CortexM3\ARM_GCC_541\Debug\Robot_Control.a(CyLib.o)
                0x1fff80c0                CyResetStatus

.data           0x1fff80c8       0x78 load address 0x00000dc0
                0x1fff80c8                __cy_region_start_data = .
 *(.jcr)
 .jcr           0x1fff80c8        0x0 c:/program files (x86)/cypress/psoc creator/4.2/psoc creator/import/gnu/arm/5.4.1/bin/../lib/gcc/arm-none-eabi/5.4.1/armv7-m/crtbegin.o
 .jcr           0x1fff80c8        0x4 c:/program files (x86)/cypress/psoc creator/4.2/psoc creator/import/gnu/arm/5.4.1/bin/../lib/gcc/arm-none-eabi/5.4.1/armv7-m/crtend.o
 *(.got.plt)
 *(.got)
 *(.shdata)
 *(.data .data.* .gnu.linkonce.d.*)
 .data          0x1fff80cc       0x10 .\CortexM3\ARM_GCC_541\Debug\Robot_Control.a(CyLib.o)
                0x1fff80cc                cydelay_32k_ms
                0x1fff80d0                cydelay_freq_khz
                0x1fff80d4                cydelay_freq_mhz
                0x1fff80d8                cydelay_freq_hz
 .data.impure_data
                0x1fff80dc       0x60 c:/program files (x86)/cypress/psoc creator/4.2/psoc creator/import/gnu/arm/5.4.1/bin/../lib/gcc/arm-none-eabi/5.4.1/../../../../arm-none-eabi/lib/armv7-m\libg_nano.a(lib_a-impure.o)
 .data._impure_ptr
                0x1fff813c        0x4 c:/program files (x86)/cypress/psoc creator/4.2/psoc creator/import/gnu/arm/5.4.1/bin/../lib/gcc/arm-none-eabi/5.4.1/../../../../arm-none-eabi/lib/armv7-m\libg_nano.a(lib_a-impure.o)
                0x1fff813c                _impure_ptr
                0x1fff8140                . = ALIGN (0x8)
 *(.ram)
                0x1fff8140                _edata = .

.igot.plt       0x1fff8140        0x0 load address 0x00000e38
 .igot.plt      0x1fff8140        0x0 c:/program files (x86)/cypress/psoc creator/4.2/psoc creator/import/gnu/arm/5.4.1/bin/../lib/gcc/arm-none-eabi/5.4.1/armv7-m/crtbegin.o

.bss            0x1fff8140       0x28 load address 0x00000e38
                0x1fff8140                PROVIDE (__bss_start__, .)
 *(.shbss)
 *(.bss .bss.* .gnu.linkonce.b.*)
 .bss           0x1fff8140       0x1c c:/program files (x86)/cypress/psoc creator/4.2/psoc creator/import/gnu/arm/5.4.1/bin/../lib/gcc/arm-none-eabi/5.4.1/armv7-m/crtbegin.o
 .bss           0x1fff815c        0x1 .\CortexM3\ARM_GCC_541\Debug\Robot_Control.a(RightEyebrow.o)
                0x1fff815c                RightEyebrow_initVar
 .bss           0x1fff815d        0x1 .\CortexM3\ARM_GCC_541\Debug\Robot_Control.a(EyelidGroup.o)
                0x1fff815d                EyelidGroup_initVar
 .bss           0x1fff815e        0x1 .\CortexM3\ARM_GCC_541\Debug\Robot_Control.a(EyeBallVertical.o)
                0x1fff815e                EyeBallVertical_initVar
 .bss           0x1fff815f        0x1 .\CortexM3\ARM_GCC_541\Debug\Robot_Control.a(BaseJaw.o)
                0x1fff815f                BaseJaw_initVar
 .bss           0x1fff8160        0x1 .\CortexM3\ARM_GCC_541\Debug\Robot_Control.a(LeftEyebrow.o)
                0x1fff8160                LeftEyebrow_initVar
 .bss           0x1fff8161        0x1 .\CortexM3\ARM_GCC_541\Debug\Robot_Control.a(EyeBallHorizontal.o)
                0x1fff8161                EyeBallHorizontal_initVar
 .bss           0x1fff8162        0x1 .\CortexM3\ARM_GCC_541\Debug\Robot_Control.a(Neck.o)
                0x1fff8162                Neck_initVar
 .bss           0x1fff8163        0x1 .\CortexM3\ARM_GCC_541\Debug\Robot_Control.a(Lip.o)
                0x1fff8163                Lip_initVar
 *(COMMON)
                0x1fff8168                . = ALIGN (0x8)
 *fill*         0x1fff8164        0x4 
 *(.ram.b)
                0x1fff8168                _end = .
                0x1fff8168                __end = .
                0x1fff8168                PROVIDE (end, .)
                0x1fff8168                PROVIDE (__bss_end__, .)
                0x00000dc0                __cy_region_init_ram = LOADADDR (.data)
                0x00000078                __cy_region_init_size_ram = (_edata - ADDR (.data))
                0x00000028                __cy_region_zero_size_ram = (_end - _edata)

.heap           0x1fff8168       0x80 load address 0x00000e38
                0x1fff8168                . = _end
                0x1fff81e8                . = (. + 0x80)
 *fill*         0x1fff8168       0x80 
                0x1fff81e8                __cy_heap_limit = .

.stack          0x20007800      0x800
                0x20007800                __cy_stack_limit = .
                0x20008000                . = (. + 0x800)
 *fill*         0x20007800      0x800 
                0x00000001                ASSERT ((__cy_stack_limit >= __cy_heap_limit), region RAM overflowed with stack)
                0x00000000                cy_checksum_exclude_size = (CY_APPL_LOADABLE == 0x1)?SIZEOF (.cy_checksum_exclude):0x0
                0x00000001                ASSERT ((cy_checksum_exclude_size <= CY_CHECKSUM_EXCLUDE_SIZE), CY_BOOT: Section .cy_checksum_exclude size exceedes specified limit.)

.cyloadermeta
 *(.cyloadermeta)

.cyloadablemeta
 *(.cyloadablemeta)

.cyconfigecc    0x80000000      0x7a8
 *(.cyconfigecc)
 .cyconfigecc   0x80000000      0x7a8 .\CortexM3\ARM_GCC_541\Debug\cymetadata.o
                0x80000000                cy_meta_configecc

.cycustnvl      0x90000000        0x4
 *(.cycustnvl)
 .cycustnvl     0x90000000        0x4 .\CortexM3\ARM_GCC_541\Debug\cymetadata.o
                0x90000000                cy_meta_custnvl

.cywolatch      0x90100000        0x4
 *(.cywolatch)
 .cywolatch     0x90100000        0x4 .\CortexM3\ARM_GCC_541\Debug\cymetadata.o
                0x90100000                cy_meta_wonvl

.cyeeprom       0x90200000        0x0
 *(.cyeeprom)
                0x00000001                ASSERT ((. <= ((0x90200000 + ee_offset) + ee_size)), .cyeeprom data will not fit in EEPROM)

.cyflashprotect
                0x90400000      0x100
 *(.cyflashprotect)
 .cyflashprotect
                0x90400000      0x100 .\CortexM3\ARM_GCC_541\Debug\cymetadata.o
                0x90400000                cy_meta_flashprotect

.cymeta         0x90500000        0xc
 *(.cymeta)
 .cymeta        0x90500000        0xc .\CortexM3\ARM_GCC_541\Debug\cymetadata.o
                0x90500000                cy_metadata

.rel.dyn        0x00000e38        0x0 load address 0x9050000c
 .rel.iplt      0x00000e38        0x0 c:/program files (x86)/cypress/psoc creator/4.2/psoc creator/import/gnu/arm/5.4.1/bin/../lib/gcc/arm-none-eabi/5.4.1/armv7-m/crtbegin.o

.stab
 *(.stab)

.stabstr
 *(.stabstr)

.debug
 *(.debug)

.line
 *(.line)

.debug_srcinfo
 *(.debug_srcinfo)

.debug_sfnames
 *(.debug_sfnames)

.debug_aranges  0x00000000      0xac8
 *(.debug_aranges)
 .debug_aranges
                0x00000000       0x70 .\CortexM3\ARM_GCC_541\Debug\main.o
 .debug_aranges
                0x00000070       0x58 .\CortexM3\ARM_GCC_541\Debug\cyfitter_cfg.o
 .debug_aranges
                0x000000c8       0x18 .\CortexM3\ARM_GCC_541\Debug\cymetadata.o
 .debug_aranges
                0x000000e0       0x48 .\CortexM3\ARM_GCC_541\Debug\Cm3Start.o
 .debug_aranges
                0x00000128       0xa8 .\CortexM3\ARM_GCC_541\Debug\Robot_Control.a(RightEyebrow.o)
 .debug_aranges
                0x000001d0       0xa8 .\CortexM3\ARM_GCC_541\Debug\Robot_Control.a(EyelidGroup.o)
 .debug_aranges
                0x00000278       0xa8 .\CortexM3\ARM_GCC_541\Debug\Robot_Control.a(EyeBallVertical.o)
 .debug_aranges
                0x00000320       0xa8 .\CortexM3\ARM_GCC_541\Debug\Robot_Control.a(BaseJaw.o)
 .debug_aranges
                0x000003c8       0xa8 .\CortexM3\ARM_GCC_541\Debug\Robot_Control.a(LeftEyebrow.o)
 .debug_aranges
                0x00000470       0xa8 .\CortexM3\ARM_GCC_541\Debug\Robot_Control.a(EyeBallHorizontal.o)
 .debug_aranges
                0x00000518       0xa8 .\CortexM3\ARM_GCC_541\Debug\Robot_Control.a(Neck.o)
 .debug_aranges
                0x000005c0       0xa8 .\CortexM3\ARM_GCC_541\Debug\Robot_Control.a(Lip.o)
 .debug_aranges
                0x00000668      0x2a0 .\CortexM3\ARM_GCC_541\Debug\Robot_Control.a(CyLib.o)
 .debug_aranges
                0x00000908       0x98 .\CortexM3\ARM_GCC_541\Debug\Robot_Control.a(cyPm.o)
 .debug_aranges
                0x000009a0       0x20 .\CortexM3\ARM_GCC_541\Debug\Robot_Control.a(CyBootAsmGnu.o)
 .debug_aranges
                0x000009c0       0x88 .\CortexM3\ARM_GCC_541\Debug\Robot_Control.a(CyFlash.o)
 .debug_aranges
                0x00000a48       0x80 .\CortexM3\ARM_GCC_541\Debug\Robot_Control.a(CySpc.o)

.debug_pubnames
 *(.debug_pubnames)

.debug_info     0x00000000     0x56a9
 *(.debug_info .gnu.linkonce.wi.*)
 .debug_info    0x00000000      0x609 .\CortexM3\ARM_GCC_541\Debug\main.o
 .debug_info    0x00000609      0x4c9 .\CortexM3\ARM_GCC_541\Debug\cyfitter_cfg.o
 .debug_info    0x00000ad2      0x139 .\CortexM3\ARM_GCC_541\Debug\cymetadata.o
 .debug_info    0x00000c0b      0x3bb .\CortexM3\ARM_GCC_541\Debug\Cm3Start.o
 .debug_info    0x00000fc6      0x3a0 .\CortexM3\ARM_GCC_541\Debug\Robot_Control.a(RightEyebrow.o)
 .debug_info    0x00001366      0x3a0 .\CortexM3\ARM_GCC_541\Debug\Robot_Control.a(EyelidGroup.o)
 .debug_info    0x00001706      0x3a0 .\CortexM3\ARM_GCC_541\Debug\Robot_Control.a(EyeBallVertical.o)
 .debug_info    0x00001aa6      0x3a0 .\CortexM3\ARM_GCC_541\Debug\Robot_Control.a(BaseJaw.o)
 .debug_info    0x00001e46      0x3a0 .\CortexM3\ARM_GCC_541\Debug\Robot_Control.a(LeftEyebrow.o)
 .debug_info    0x000021e6      0x3a0 .\CortexM3\ARM_GCC_541\Debug\Robot_Control.a(EyeBallHorizontal.o)
 .debug_info    0x00002586      0x3a0 .\CortexM3\ARM_GCC_541\Debug\Robot_Control.a(Neck.o)
 .debug_info    0x00002926      0x3a0 .\CortexM3\ARM_GCC_541\Debug\Robot_Control.a(Lip.o)
 .debug_info    0x00002cc6     0x1374 .\CortexM3\ARM_GCC_541\Debug\Robot_Control.a(CyLib.o)
 .debug_info    0x0000403a      0xa2a .\CortexM3\ARM_GCC_541\Debug\Robot_Control.a(cyPm.o)
 .debug_info    0x00004a64       0xa8 .\CortexM3\ARM_GCC_541\Debug\Robot_Control.a(CyBootAsmGnu.o)
 .debug_info    0x00004b0c      0x64d .\CortexM3\ARM_GCC_541\Debug\Robot_Control.a(CyFlash.o)
 .debug_info    0x00005159      0x550 .\CortexM3\ARM_GCC_541\Debug\Robot_Control.a(CySpc.o)

.debug_abbrev   0x00000000     0x1609
 *(.debug_abbrev)
 .debug_abbrev  0x00000000       0xc6 .\CortexM3\ARM_GCC_541\Debug\main.o
 .debug_abbrev  0x000000c6      0x1fe .\CortexM3\ARM_GCC_541\Debug\cyfitter_cfg.o
 .debug_abbrev  0x000002c4       0x77 .\CortexM3\ARM_GCC_541\Debug\cymetadata.o
 .debug_abbrev  0x0000033b      0x1e8 .\CortexM3\ARM_GCC_541\Debug\Cm3Start.o
 .debug_abbrev  0x00000523      0x133 .\CortexM3\ARM_GCC_541\Debug\Robot_Control.a(RightEyebrow.o)
 .debug_abbrev  0x00000656      0x133 .\CortexM3\ARM_GCC_541\Debug\Robot_Control.a(EyelidGroup.o)
 .debug_abbrev  0x00000789      0x133 .\CortexM3\ARM_GCC_541\Debug\Robot_Control.a(EyeBallVertical.o)
 .debug_abbrev  0x000008bc      0x133 .\CortexM3\ARM_GCC_541\Debug\Robot_Control.a(BaseJaw.o)
 .debug_abbrev  0x000009ef      0x133 .\CortexM3\ARM_GCC_541\Debug\Robot_Control.a(LeftEyebrow.o)
 .debug_abbrev  0x00000b22      0x133 .\CortexM3\ARM_GCC_541\Debug\Robot_Control.a(EyeBallHorizontal.o)
 .debug_abbrev  0x00000c55      0x133 .\CortexM3\ARM_GCC_541\Debug\Robot_Control.a(Neck.o)
 .debug_abbrev  0x00000d88      0x133 .\CortexM3\ARM_GCC_541\Debug\Robot_Control.a(Lip.o)
 .debug_abbrev  0x00000ebb      0x254 .\CortexM3\ARM_GCC_541\Debug\Robot_Control.a(CyLib.o)
 .debug_abbrev  0x0000110f      0x1ab .\CortexM3\ARM_GCC_541\Debug\Robot_Control.a(cyPm.o)
 .debug_abbrev  0x000012ba       0x14 .\CortexM3\ARM_GCC_541\Debug\Robot_Control.a(CyBootAsmGnu.o)
 .debug_abbrev  0x000012ce      0x1a7 .\CortexM3\ARM_GCC_541\Debug\Robot_Control.a(CyFlash.o)
 .debug_abbrev  0x00001475      0x194 .\CortexM3\ARM_GCC_541\Debug\Robot_Control.a(CySpc.o)

.debug_line     0x00000000     0x260a
 *(.debug_line)
 .debug_line    0x00000000      0x2cb .\CortexM3\ARM_GCC_541\Debug\main.o
 .debug_line    0x000002cb      0x1e5 .\CortexM3\ARM_GCC_541\Debug\cyfitter_cfg.o
 .debug_line    0x000004b0      0x141 .\CortexM3\ARM_GCC_541\Debug\cymetadata.o
 .debug_line    0x000005f1      0x234 .\CortexM3\ARM_GCC_541\Debug\Cm3Start.o
 .debug_line    0x00000825      0x1b3 .\CortexM3\ARM_GCC_541\Debug\Robot_Control.a(RightEyebrow.o)
 .debug_line    0x000009d8      0x1b2 .\CortexM3\ARM_GCC_541\Debug\Robot_Control.a(EyelidGroup.o)
 .debug_line    0x00000b8a      0x1b6 .\CortexM3\ARM_GCC_541\Debug\Robot_Control.a(EyeBallVertical.o)
 .debug_line    0x00000d40      0x1ae .\CortexM3\ARM_GCC_541\Debug\Robot_Control.a(BaseJaw.o)
 .debug_line    0x00000eee      0x1b2 .\CortexM3\ARM_GCC_541\Debug\Robot_Control.a(LeftEyebrow.o)
 .debug_line    0x000010a0      0x1b8 .\CortexM3\ARM_GCC_541\Debug\Robot_Control.a(EyeBallHorizontal.o)
 .debug_line    0x00001258      0x1ab .\CortexM3\ARM_GCC_541\Debug\Robot_Control.a(Neck.o)
 .debug_line    0x00001403      0x1aa .\CortexM3\ARM_GCC_541\Debug\Robot_Control.a(Lip.o)
 .debug_line    0x000015ad      0x816 .\CortexM3\ARM_GCC_541\Debug\Robot_Control.a(CyLib.o)
 .debug_line    0x00001dc3      0x367 .\CortexM3\ARM_GCC_541\Debug\Robot_Control.a(cyPm.o)
 .debug_line    0x0000212a       0x66 .\CortexM3\ARM_GCC_541\Debug\Robot_Control.a(CyBootAsmGnu.o)
 .debug_line    0x00002190      0x21a .\CortexM3\ARM_GCC_541\Debug\Robot_Control.a(CyFlash.o)
 .debug_line    0x000023aa      0x260 .\CortexM3\ARM_GCC_541\Debug\Robot_Control.a(CySpc.o)

.debug_frame    0x00000000     0x1a80
 *(.debug_frame)
 .debug_frame   0x00000000      0x144 .\CortexM3\ARM_GCC_541\Debug\main.o
 .debug_frame   0x00000144       0xe4 .\CortexM3\ARM_GCC_541\Debug\cyfitter_cfg.o
 .debug_frame   0x00000228       0xb8 .\CortexM3\ARM_GCC_541\Debug\Cm3Start.o
 .debug_frame   0x000002e0      0x154 .\CortexM3\ARM_GCC_541\Debug\Robot_Control.a(RightEyebrow.o)
 .debug_frame   0x00000434      0x154 .\CortexM3\ARM_GCC_541\Debug\Robot_Control.a(EyelidGroup.o)
 .debug_frame   0x00000588      0x154 .\CortexM3\ARM_GCC_541\Debug\Robot_Control.a(EyeBallVertical.o)
 .debug_frame   0x000006dc      0x154 .\CortexM3\ARM_GCC_541\Debug\Robot_Control.a(BaseJaw.o)
 .debug_frame   0x00000830      0x154 .\CortexM3\ARM_GCC_541\Debug\Robot_Control.a(LeftEyebrow.o)
 .debug_frame   0x00000984      0x154 .\CortexM3\ARM_GCC_541\Debug\Robot_Control.a(EyeBallHorizontal.o)
 .debug_frame   0x00000ad8      0x154 .\CortexM3\ARM_GCC_541\Debug\Robot_Control.a(Neck.o)
 .debug_frame   0x00000c2c      0x154 .\CortexM3\ARM_GCC_541\Debug\Robot_Control.a(Lip.o)
 .debug_frame   0x00000d80      0x738 .\CortexM3\ARM_GCC_541\Debug\Robot_Control.a(CyLib.o)
 .debug_frame   0x000014b8      0x1f8 .\CortexM3\ARM_GCC_541\Debug\Robot_Control.a(cyPm.o)
 .debug_frame   0x000016b0      0x194 .\CortexM3\ARM_GCC_541\Debug\Robot_Control.a(CyFlash.o)
 .debug_frame   0x00001844      0x180 .\CortexM3\ARM_GCC_541\Debug\Robot_Control.a(CySpc.o)
 .debug_frame   0x000019c4       0x20 c:/program files (x86)/cypress/psoc creator/4.2/psoc creator/import/gnu/arm/5.4.1/bin/../lib/gcc/arm-none-eabi/5.4.1/../../../../arm-none-eabi/lib/armv7-m\libg_nano.a(lib_a-errno.o)
 .debug_frame   0x000019e4       0x28 c:/program files (x86)/cypress/psoc creator/4.2/psoc creator/import/gnu/arm/5.4.1/bin/../lib/gcc/arm-none-eabi/5.4.1/../../../../arm-none-eabi/lib/armv7-m\libg_nano.a(lib_a-exit.o)
 .debug_frame   0x00001a0c       0x2c c:/program files (x86)/cypress/psoc creator/4.2/psoc creator/import/gnu/arm/5.4.1/bin/../lib/gcc/arm-none-eabi/5.4.1/../../../../arm-none-eabi/lib/armv7-m\libg_nano.a(lib_a-init.o)
 .debug_frame   0x00001a38       0x28 c:/program files (x86)/cypress/psoc creator/4.2/psoc creator/import/gnu/arm/5.4.1/bin/../lib/gcc/arm-none-eabi/5.4.1/../../../../arm-none-eabi/lib/armv7-m\libg_nano.a(lib_a-memcpy-stub.o)
 .debug_frame   0x00001a60       0x20 c:/program files (x86)/cypress/psoc creator/4.2/psoc creator/import/gnu/arm/5.4.1/bin/../lib/gcc/arm-none-eabi/5.4.1/../../../../arm-none-eabi/lib/armv7-m\libg_nano.a(lib_a-memset.o)

.debug_str      0x00000000     0x2379
 *(.debug_str)
 .debug_str     0x00000000      0x44d .\CortexM3\ARM_GCC_541\Debug\main.o
                                0x495 (size before relaxing)
 .debug_str     0x0000044d      0x187 .\CortexM3\ARM_GCC_541\Debug\cyfitter_cfg.o
                                0x327 (size before relaxing)
 .debug_str     0x000005d4       0x7f .\CortexM3\ARM_GCC_541\Debug\cymetadata.o
                                0x1fc (size before relaxing)
 .debug_str     0x00000653      0x144 .\CortexM3\ARM_GCC_541\Debug\Cm3Start.o
                                0x322 (size before relaxing)
 .debug_str     0x00000797      0x23e .\CortexM3\ARM_GCC_541\Debug\Robot_Control.a(RightEyebrow.o)
                                0x432 (size before relaxing)
 .debug_str     0x000009d5      0x1c6 .\CortexM3\ARM_GCC_541\Debug\Robot_Control.a(EyelidGroup.o)
                                0x41d (size before relaxing)
 .debug_str     0x00000b9b      0x20e .\CortexM3\ARM_GCC_541\Debug\Robot_Control.a(EyeBallVertical.o)
                                0x471 (size before relaxing)
 .debug_str     0x00000da9      0x17e .\CortexM3\ARM_GCC_541\Debug\Robot_Control.a(BaseJaw.o)
                                0x3c9 (size before relaxing)
 .debug_str     0x00000f27      0x1c6 .\CortexM3\ARM_GCC_541\Debug\Robot_Control.a(LeftEyebrow.o)
                                0x41d (size before relaxing)
 .debug_str     0x000010ed      0x232 .\CortexM3\ARM_GCC_541\Debug\Robot_Control.a(EyeBallHorizontal.o)
                                0x49b (size before relaxing)
 .debug_str     0x0000131f      0x148 .\CortexM3\ARM_GCC_541\Debug\Robot_Control.a(Neck.o)
                                0x38a (size before relaxing)
 .debug_str     0x00001467      0x136 .\CortexM3\ARM_GCC_541\Debug\Robot_Control.a(Lip.o)
                                0x375 (size before relaxing)
 .debug_str     0x0000159d      0x810 .\CortexM3\ARM_GCC_541\Debug\Robot_Control.a(CyLib.o)
                                0xa5f (size before relaxing)
 .debug_str     0x00001dad      0x365 .\CortexM3\ARM_GCC_541\Debug\Robot_Control.a(cyPm.o)
                                0x74b (size before relaxing)
 .debug_str     0x00002112      0x1bb .\CortexM3\ARM_GCC_541\Debug\Robot_Control.a(CyFlash.o)
                                0x3d8 (size before relaxing)
 .debug_str     0x000022cd       0xac .\CortexM3\ARM_GCC_541\Debug\Robot_Control.a(CySpc.o)
                                0x350 (size before relaxing)

.debug_loc      0x00000000     0x1af7
 *(.debug_loc)
 .debug_loc     0x00000000      0x1d7 .\CortexM3\ARM_GCC_541\Debug\cyfitter_cfg.o
 .debug_loc     0x000001d7      0x144 .\CortexM3\ARM_GCC_541\Debug\Cm3Start.o
 .debug_loc     0x0000031b       0x26 .\CortexM3\ARM_GCC_541\Debug\Robot_Control.a(RightEyebrow.o)
 .debug_loc     0x00000341       0x26 .\CortexM3\ARM_GCC_541\Debug\Robot_Control.a(EyelidGroup.o)
 .debug_loc     0x00000367       0x26 .\CortexM3\ARM_GCC_541\Debug\Robot_Control.a(EyeBallVertical.o)
 .debug_loc     0x0000038d       0x26 .\CortexM3\ARM_GCC_541\Debug\Robot_Control.a(BaseJaw.o)
 .debug_loc     0x000003b3       0x26 .\CortexM3\ARM_GCC_541\Debug\Robot_Control.a(LeftEyebrow.o)
 .debug_loc     0x000003d9       0x26 .\CortexM3\ARM_GCC_541\Debug\Robot_Control.a(EyeBallHorizontal.o)
 .debug_loc     0x000003ff       0x26 .\CortexM3\ARM_GCC_541\Debug\Robot_Control.a(Neck.o)
 .debug_loc     0x00000425       0x26 .\CortexM3\ARM_GCC_541\Debug\Robot_Control.a(Lip.o)
 .debug_loc     0x0000044b      0xa11 .\CortexM3\ARM_GCC_541\Debug\Robot_Control.a(CyLib.o)
 .debug_loc     0x00000e5c      0x1e4 .\CortexM3\ARM_GCC_541\Debug\Robot_Control.a(cyPm.o)
 .debug_loc     0x00001040      0x3b2 .\CortexM3\ARM_GCC_541\Debug\Robot_Control.a(CyFlash.o)
 .debug_loc     0x000013f2      0x705 .\CortexM3\ARM_GCC_541\Debug\Robot_Control.a(CySpc.o)

.debug_macinfo
 *(.debug_macinfo)

.debug_ranges   0x00000000      0x9a0
 *(.debug_ranges)
 .debug_ranges  0x00000000       0x60 .\CortexM3\ARM_GCC_541\Debug\main.o
 .debug_ranges  0x00000060       0x48 .\CortexM3\ARM_GCC_541\Debug\cyfitter_cfg.o
 .debug_ranges  0x000000a8       0x38 .\CortexM3\ARM_GCC_541\Debug\Cm3Start.o
 .debug_ranges  0x000000e0       0x98 .\CortexM3\ARM_GCC_541\Debug\Robot_Control.a(RightEyebrow.o)
 .debug_ranges  0x00000178       0x98 .\CortexM3\ARM_GCC_541\Debug\Robot_Control.a(EyelidGroup.o)
 .debug_ranges  0x00000210       0x98 .\CortexM3\ARM_GCC_541\Debug\Robot_Control.a(EyeBallVertical.o)
 .debug_ranges  0x000002a8       0x98 .\CortexM3\ARM_GCC_541\Debug\Robot_Control.a(BaseJaw.o)
 .debug_ranges  0x00000340       0x98 .\CortexM3\ARM_GCC_541\Debug\Robot_Control.a(LeftEyebrow.o)
 .debug_ranges  0x000003d8       0x98 .\CortexM3\ARM_GCC_541\Debug\Robot_Control.a(EyeBallHorizontal.o)
 .debug_ranges  0x00000470       0x98 .\CortexM3\ARM_GCC_541\Debug\Robot_Control.a(Neck.o)
 .debug_ranges  0x00000508       0x98 .\CortexM3\ARM_GCC_541\Debug\Robot_Control.a(Lip.o)
 .debug_ranges  0x000005a0      0x290 .\CortexM3\ARM_GCC_541\Debug\Robot_Control.a(CyLib.o)
 .debug_ranges  0x00000830       0x88 .\CortexM3\ARM_GCC_541\Debug\Robot_Control.a(cyPm.o)
 .debug_ranges  0x000008b8       0x78 .\CortexM3\ARM_GCC_541\Debug\Robot_Control.a(CyFlash.o)
 .debug_ranges  0x00000930       0x70 .\CortexM3\ARM_GCC_541\Debug\Robot_Control.a(CySpc.o)

.comment        0x00000000       0x6e
 .comment       0x00000000       0x6e .\CortexM3\ARM_GCC_541\Debug\main.o
                                 0x6f (size before relaxing)
 .comment       0x0000006e       0x6f .\CortexM3\ARM_GCC_541\Debug\cyfitter_cfg.o
 .comment       0x0000006e       0x6f .\CortexM3\ARM_GCC_541\Debug\cymetadata.o
 .comment       0x0000006e       0x6f .\CortexM3\ARM_GCC_541\Debug\Cm3Start.o
 .comment       0x0000006e       0x6f .\CortexM3\ARM_GCC_541\Debug\Robot_Control.a(RightEyebrow.o)
 .comment       0x0000006e       0x6f .\CortexM3\ARM_GCC_541\Debug\Robot_Control.a(EyelidGroup.o)
 .comment       0x0000006e       0x6f .\CortexM3\ARM_GCC_541\Debug\Robot_Control.a(EyeBallVertical.o)
 .comment       0x0000006e       0x6f .\CortexM3\ARM_GCC_541\Debug\Robot_Control.a(BaseJaw.o)
 .comment       0x0000006e       0x6f .\CortexM3\ARM_GCC_541\Debug\Robot_Control.a(LeftEyebrow.o)
 .comment       0x0000006e       0x6f .\CortexM3\ARM_GCC_541\Debug\Robot_Control.a(EyeBallHorizontal.o)
 .comment       0x0000006e       0x6f .\CortexM3\ARM_GCC_541\Debug\Robot_Control.a(Neck.o)
 .comment       0x0000006e       0x6f .\CortexM3\ARM_GCC_541\Debug\Robot_Control.a(Lip.o)
 .comment       0x0000006e       0x6f .\CortexM3\ARM_GCC_541\Debug\Robot_Control.a(CyLib.o)
 .comment       0x0000006e       0x6f .\CortexM3\ARM_GCC_541\Debug\Robot_Control.a(cyPm.o)
 .comment       0x0000006e       0x6f .\CortexM3\ARM_GCC_541\Debug\Robot_Control.a(CyFlash.o)
 .comment       0x0000006e       0x6f .\CortexM3\ARM_GCC_541\Debug\Robot_Control.a(CySpc.o)

.debug_weaknames
 *(.debug_weaknames)

.debug_funcnames
 *(.debug_funcnames)

.debug_typenames
 *(.debug_typenames)

.debug_varnames
 *(.debug_varnames)

.note.gnu.arm.ident
 *(.note.gnu.arm.ident)

.ARM.attributes
                0x00000000       0x29
 *(.ARM.attributes)
 .ARM.attributes
                0x00000000       0x1d c:/program files (x86)/cypress/psoc creator/4.2/psoc creator/import/gnu/arm/5.4.1/bin/../lib/gcc/arm-none-eabi/5.4.1/armv7-m/crti.o
 .ARM.attributes
                0x0000001d       0x2d c:/program files (x86)/cypress/psoc creator/4.2/psoc creator/import/gnu/arm/5.4.1/bin/../lib/gcc/arm-none-eabi/5.4.1/armv7-m/crtbegin.o
 .ARM.attributes
                0x0000004a       0x1b c:/program files (x86)/cypress/psoc creator/4.2/psoc creator/import/gnu/arm/5.4.1/bin/../lib/gcc/arm-none-eabi/5.4.1/../../../../arm-none-eabi/lib/armv7-m/crt0.o
 .ARM.attributes
                0x00000065       0x33 .\CortexM3\ARM_GCC_541\Debug\main.o
 .ARM.attributes
                0x00000098       0x33 .\CortexM3\ARM_GCC_541\Debug\cyfitter_cfg.o
 .ARM.attributes
                0x000000cb       0x33 .\CortexM3\ARM_GCC_541\Debug\cymetadata.o
 .ARM.attributes
                0x000000fe       0x33 .\CortexM3\ARM_GCC_541\Debug\Cm3Start.o
 .ARM.attributes
                0x00000131       0x33 .\CortexM3\ARM_GCC_541\Debug\Robot_Control.a(RightEyebrow.o)
 .ARM.attributes
                0x00000164       0x33 .\CortexM3\ARM_GCC_541\Debug\Robot_Control.a(EyelidGroup.o)
 .ARM.attributes
                0x00000197       0x33 .\CortexM3\ARM_GCC_541\Debug\Robot_Control.a(EyeBallVertical.o)
 .ARM.attributes
                0x000001ca       0x33 .\CortexM3\ARM_GCC_541\Debug\Robot_Control.a(BaseJaw.o)
 .ARM.attributes
                0x000001fd       0x33 .\CortexM3\ARM_GCC_541\Debug\Robot_Control.a(LeftEyebrow.o)
 .ARM.attributes
                0x00000230       0x33 .\CortexM3\ARM_GCC_541\Debug\Robot_Control.a(EyeBallHorizontal.o)
 .ARM.attributes
                0x00000263       0x33 .\CortexM3\ARM_GCC_541\Debug\Robot_Control.a(Neck.o)
 .ARM.attributes
                0x00000296       0x33 .\CortexM3\ARM_GCC_541\Debug\Robot_Control.a(Lip.o)
 .ARM.attributes
                0x000002c9       0x33 .\CortexM3\ARM_GCC_541\Debug\Robot_Control.a(CyLib.o)
 .ARM.attributes
                0x000002fc       0x33 .\CortexM3\ARM_GCC_541\Debug\Robot_Control.a(cyPm.o)
 .ARM.attributes
                0x0000032f       0x21 .\CortexM3\ARM_GCC_541\Debug\Robot_Control.a(CyBootAsmGnu.o)
 .ARM.attributes
                0x00000350       0x33 .\CortexM3\ARM_GCC_541\Debug\Robot_Control.a(CyFlash.o)
 .ARM.attributes
                0x00000383       0x33 .\CortexM3\ARM_GCC_541\Debug\Robot_Control.a(CySpc.o)
 .ARM.attributes
                0x000003b6       0x2d c:/program files (x86)/cypress/psoc creator/4.2/psoc creator/import/gnu/arm/5.4.1/bin/../lib/gcc/arm-none-eabi/5.4.1/../../../../arm-none-eabi/lib/armv7-m\libg_nano.a(lib_a-errno.o)
 .ARM.attributes
                0x000003e3       0x2d c:/program files (x86)/cypress/psoc creator/4.2/psoc creator/import/gnu/arm/5.4.1/bin/../lib/gcc/arm-none-eabi/5.4.1/../../../../arm-none-eabi/lib/armv7-m\libg_nano.a(lib_a-exit.o)
 .ARM.attributes
                0x00000410       0x2d c:/program files (x86)/cypress/psoc creator/4.2/psoc creator/import/gnu/arm/5.4.1/bin/../lib/gcc/arm-none-eabi/5.4.1/../../../../arm-none-eabi/lib/armv7-m\libg_nano.a(lib_a-impure.o)
 .ARM.attributes
                0x0000043d       0x2d c:/program files (x86)/cypress/psoc creator/4.2/psoc creator/import/gnu/arm/5.4.1/bin/../lib/gcc/arm-none-eabi/5.4.1/../../../../arm-none-eabi/lib/armv7-m\libg_nano.a(lib_a-init.o)
 .ARM.attributes
                0x0000046a       0x2d c:/program files (x86)/cypress/psoc creator/4.2/psoc creator/import/gnu/arm/5.4.1/bin/../lib/gcc/arm-none-eabi/5.4.1/../../../../arm-none-eabi/lib/armv7-m\libg_nano.a(lib_a-memcpy-stub.o)
 .ARM.attributes
                0x00000497       0x2d c:/program files (x86)/cypress/psoc creator/4.2/psoc creator/import/gnu/arm/5.4.1/bin/../lib/gcc/arm-none-eabi/5.4.1/../../../../arm-none-eabi/lib/armv7-m\libg_nano.a(lib_a-memset.o)
 .ARM.attributes
                0x000004c4       0x2d c:/program files (x86)/cypress/psoc creator/4.2/psoc creator/import/gnu/arm/5.4.1/bin/../lib/gcc/arm-none-eabi/5.4.1/armv7-m/crtend.o
 .ARM.attributes
                0x000004f1       0x1d c:/program files (x86)/cypress/psoc creator/4.2/psoc creator/import/gnu/arm/5.4.1/bin/../lib/gcc/arm-none-eabi/5.4.1/armv7-m/crtn.o

/DISCARD/
 *(.note.GNU-stack)
OUTPUT(C:\Users\Sandeep Nadella\OneDrive\Documents\PSoC Creator\SD_Workspace\Robot_Control.cydsn\CortexM3\ARM_GCC_541\Debug\Robot_Control.elf elf32-littlearm)
