Archive member included because of file (symbol)

.\CortexM3\ARM_GCC_493\Debug\Design01.a(cyfitter_cfg.o)
                              .\CortexM3\ARM_GCC_493\Debug\Cm3Start.o (cyfitter_cfg)
.\CortexM3\ARM_GCC_493\Debug\Design01.a(CyBootAsmGnu.o)
                              .\CortexM3\ARM_GCC_493\Debug\Design01.a(cyfitter_cfg.o) (CyDelayCycles)
.\CortexM3\ARM_GCC_493\Debug\Design01.a(CyLib.o)
                              .\CortexM3\ARM_GCC_493\Debug\Cm3Start.o (CyHalt)
.\CortexM3\ARM_GCC_493\Debug\Design01.a(cyPm.o)
                              .\CortexM3\ARM_GCC_493\Debug\Design01.a(CyLib.o) (CyPmReadStatus)
.\CortexM3\ARM_GCC_493\Debug\Design01.a(Right_Eyebrow.o)
                              .\CortexM3\ARM_GCC_493\Debug\main.o (Right_Eyebrow_Stop)
.\CortexM3\ARM_GCC_493\Debug\Design01.a(Left_Eyebrow.o)
                              .\CortexM3\ARM_GCC_493\Debug\main.o (Left_Eyebrow_WriteCompare1)
.\CortexM3\ARM_GCC_493\Debug\Design01.a(Right_Eye.o)
                              .\CortexM3\ARM_GCC_493\Debug\main.o (Right_Eye_WriteCompare1)
.\CortexM3\ARM_GCC_493\Debug\Design01.a(Left_Eye.o)
                              .\CortexM3\ARM_GCC_493\Debug\main.o (Left_Eye_WriteCompare1)
.\CortexM3\ARM_GCC_493\Debug\Design01.a(Base_Jaw.o)
                              .\CortexM3\ARM_GCC_493\Debug\main.o (Base_Jaw_WriteCompare1)
.\CortexM3\ARM_GCC_493\Debug\Design01.a(Neck.o)
                              .\CortexM3\ARM_GCC_493\Debug\main.o (Neck_WriteCompare1)
.\CortexM3\ARM_GCC_493\Debug\Design01.a(Lip.o)
                              .\CortexM3\ARM_GCC_493\Debug\main.o (Lip_WriteCompare1)
.\CortexM3\ARM_GCC_493\Debug\Design01.a(Jaw.o)
                              .\CortexM3\ARM_GCC_493\Debug\main.o (Jaw_WriteCompare1)
.\CortexM3\ARM_GCC_493\Debug\Design01.a(CyFlash.o)
                              .\CortexM3\ARM_GCC_493\Debug\Design01.a(cyPm.o) (CyFlash_SetWaitCycles)
.\CortexM3\ARM_GCC_493\Debug\Design01.a(CySpc.o)
                              .\CortexM3\ARM_GCC_493\Debug\Design01.a(CyFlash.o) (CySpcStart)
f:/apps/psoc creator/3.3/psoc creator/import/gnu/arm/4.9.3/bin/../lib/gcc/arm-none-eabi/4.9.3/../../../../arm-none-eabi/lib/armv7-m\libg_nano.a(lib_a-errno.o)
                              .\CortexM3\ARM_GCC_493\Debug\Cm3Start.o (__errno)
f:/apps/psoc creator/3.3/psoc creator/import/gnu/arm/4.9.3/bin/../lib/gcc/arm-none-eabi/4.9.3/../../../../arm-none-eabi/lib/armv7-m\libg_nano.a(lib_a-exit.o)
                              f:/apps/psoc creator/3.3/psoc creator/import/gnu/arm/4.9.3/bin/../lib/gcc/arm-none-eabi/4.9.3/../../../../arm-none-eabi/lib/armv7-m/crt0.o (exit)
f:/apps/psoc creator/3.3/psoc creator/import/gnu/arm/4.9.3/bin/../lib/gcc/arm-none-eabi/4.9.3/../../../../arm-none-eabi/lib/armv7-m\libg_nano.a(lib_a-impure.o)
                              f:/apps/psoc creator/3.3/psoc creator/import/gnu/arm/4.9.3/bin/../lib/gcc/arm-none-eabi/4.9.3/../../../../arm-none-eabi/lib/armv7-m\libg_nano.a(lib_a-exit.o) (_global_impure_ptr)
f:/apps/psoc creator/3.3/psoc creator/import/gnu/arm/4.9.3/bin/../lib/gcc/arm-none-eabi/4.9.3/../../../../arm-none-eabi/lib/armv7-m\libg_nano.a(lib_a-init.o)
                              f:/apps/psoc creator/3.3/psoc creator/import/gnu/arm/4.9.3/bin/../lib/gcc/arm-none-eabi/4.9.3/../../../../arm-none-eabi/lib/armv7-m/crt0.o (__libc_init_array)
f:/apps/psoc creator/3.3/psoc creator/import/gnu/arm/4.9.3/bin/../lib/gcc/arm-none-eabi/4.9.3/../../../../arm-none-eabi/lib/armv7-m\libg_nano.a(lib_a-memcpy.o)
                              .\CortexM3\ARM_GCC_493\Debug\Design01.a(cyfitter_cfg.o) (memcpy)
f:/apps/psoc creator/3.3/psoc creator/import/gnu/arm/4.9.3/bin/../lib/gcc/arm-none-eabi/4.9.3/../../../../arm-none-eabi/lib/armv7-m\libg_nano.a(lib_a-memset.o)
                              f:/apps/psoc creator/3.3/psoc creator/import/gnu/arm/4.9.3/bin/../lib/gcc/arm-none-eabi/4.9.3/../../../../arm-none-eabi/lib/armv7-m/crt0.o (memset)

Allocating common symbols
Common symbol       size              file

dieTemperature      0x2               .\CortexM3\ARM_GCC_493\Debug\Design01.a(CyFlash.o)

Discarded input sections

 .text          0x00000000        0x0 f:/apps/psoc creator/3.3/psoc creator/import/gnu/arm/4.9.3/bin/../lib/gcc/arm-none-eabi/4.9.3/armv7-m/crti.o
 .data          0x00000000        0x0 f:/apps/psoc creator/3.3/psoc creator/import/gnu/arm/4.9.3/bin/../lib/gcc/arm-none-eabi/4.9.3/armv7-m/crti.o
 .bss           0x00000000        0x0 f:/apps/psoc creator/3.3/psoc creator/import/gnu/arm/4.9.3/bin/../lib/gcc/arm-none-eabi/4.9.3/armv7-m/crti.o
 .data          0x00000000        0x4 f:/apps/psoc creator/3.3/psoc creator/import/gnu/arm/4.9.3/bin/../lib/gcc/arm-none-eabi/4.9.3/armv7-m/crtbegin.o
 .text          0x00000000       0x74 f:/apps/psoc creator/3.3/psoc creator/import/gnu/arm/4.9.3/bin/../lib/gcc/arm-none-eabi/4.9.3/../../../../arm-none-eabi/lib/armv7-m/crt0.o
 .data          0x00000000        0x0 f:/apps/psoc creator/3.3/psoc creator/import/gnu/arm/4.9.3/bin/../lib/gcc/arm-none-eabi/4.9.3/../../../../arm-none-eabi/lib/armv7-m/crt0.o
 .bss           0x00000000        0x0 f:/apps/psoc creator/3.3/psoc creator/import/gnu/arm/4.9.3/bin/../lib/gcc/arm-none-eabi/4.9.3/../../../../arm-none-eabi/lib/armv7-m/crt0.o
 .ARM.extab     0x00000000        0x0 f:/apps/psoc creator/3.3/psoc creator/import/gnu/arm/4.9.3/bin/../lib/gcc/arm-none-eabi/4.9.3/../../../../arm-none-eabi/lib/armv7-m/crt0.o
 .ARM.exidx     0x00000000        0x8 f:/apps/psoc creator/3.3/psoc creator/import/gnu/arm/4.9.3/bin/../lib/gcc/arm-none-eabi/4.9.3/../../../../arm-none-eabi/lib/armv7-m/crt0.o
 .text          0x00000000        0x0 .\CortexM3\ARM_GCC_493\Debug\main.o
 .data          0x00000000        0x0 .\CortexM3\ARM_GCC_493\Debug\main.o
 .bss           0x00000000        0x0 .\CortexM3\ARM_GCC_493\Debug\main.o
 .text.moveEyes
                0x00000000       0x14 .\CortexM3\ARM_GCC_493\Debug\main.o
 .text.stopAllComponents
                0x00000000        0x8 .\CortexM3\ARM_GCC_493\Debug\main.o
 .text          0x00000000        0x0 .\CortexM3\ARM_GCC_493\Debug\cymetadata.o
 .data          0x00000000        0x0 .\CortexM3\ARM_GCC_493\Debug\cymetadata.o
 .bss           0x00000000        0x0 .\CortexM3\ARM_GCC_493\Debug\cymetadata.o
 .text          0x00000000        0x0 .\CortexM3\ARM_GCC_493\Debug\Cm3Start.o
 .data          0x00000000        0x4 .\CortexM3\ARM_GCC_493\Debug\Cm3Start.o
 .bss           0x00000000        0x0 .\CortexM3\ARM_GCC_493\Debug\Cm3Start.o
 .text._exit    0x00000000        0xc .\CortexM3\ARM_GCC_493\Debug\Cm3Start.o
 .text._sbrk    0x00000000       0x30 .\CortexM3\ARM_GCC_493\Debug\Cm3Start.o
 .text          0x00000000        0x0 .\CortexM3\ARM_GCC_493\Debug\Design01.a(cyfitter_cfg.o)
 .data          0x00000000        0x0 .\CortexM3\ARM_GCC_493\Debug\Design01.a(cyfitter_cfg.o)
 .bss           0x00000000        0x0 .\CortexM3\ARM_GCC_493\Debug\Design01.a(cyfitter_cfg.o)
 .text.SetAnalogRoutingPumps
                0x00000000       0x10 .\CortexM3\ARM_GCC_493\Debug\Design01.a(cyfitter_cfg.o)
 .data          0x00000000        0x0 .\CortexM3\ARM_GCC_493\Debug\Design01.a(CyBootAsmGnu.o)
 .bss           0x00000000        0x0 .\CortexM3\ARM_GCC_493\Debug\Design01.a(CyBootAsmGnu.o)
 .text          0x00000000        0x0 .\CortexM3\ARM_GCC_493\Debug\Design01.a(CyLib.o)
 .bss           0x00000000       0x1c .\CortexM3\ARM_GCC_493\Debug\Design01.a(CyLib.o)
 .text.CyUSB_PowerOnCheck
                0x00000000       0x48 .\CortexM3\ARM_GCC_493\Debug\Design01.a(CyLib.o)
 .text.CyBusClk_Internal_SetDivider
                0x00000000       0x48 .\CortexM3\ARM_GCC_493\Debug\Design01.a(CyLib.o)
 .text.CyPLL_OUT_Stop
                0x00000000       0x10 .\CortexM3\ARM_GCC_493\Debug\Design01.a(CyLib.o)
 .text.CyIMO_Stop
                0x00000000       0x1c .\CortexM3\ARM_GCC_493\Debug\Design01.a(CyLib.o)
 .text.CyIMO_EnableDoubler
                0x00000000       0x10 .\CortexM3\ARM_GCC_493\Debug\Design01.a(CyLib.o)
 .text.CyIMO_DisableDoubler
                0x00000000       0x10 .\CortexM3\ARM_GCC_493\Debug\Design01.a(CyLib.o)
 .text.CyMasterClk_SetSource
                0x00000000       0x18 .\CortexM3\ARM_GCC_493\Debug\Design01.a(CyLib.o)
 .text.CyMasterClk_SetDivider
                0x00000000        0xc .\CortexM3\ARM_GCC_493\Debug\Design01.a(CyLib.o)
 .text.CyBusClk_SetDivider
                0x00000000       0x70 .\CortexM3\ARM_GCC_493\Debug\Design01.a(CyLib.o)
 .text.CyUsbClk_SetSource
                0x00000000       0x18 .\CortexM3\ARM_GCC_493\Debug\Design01.a(CyLib.o)
 .text.CyILO_Start1K
                0x00000000       0x10 .\CortexM3\ARM_GCC_493\Debug\Design01.a(CyLib.o)
 .text.CyILO_Stop1K
                0x00000000       0x10 .\CortexM3\ARM_GCC_493\Debug\Design01.a(CyLib.o)
 .text.CyILO_Start100K
                0x00000000       0x10 .\CortexM3\ARM_GCC_493\Debug\Design01.a(CyLib.o)
 .text.CyILO_Stop100K
                0x00000000       0x10 .\CortexM3\ARM_GCC_493\Debug\Design01.a(CyLib.o)
 .text.CyPLL_OUT_Start
                0x00000000       0x78 .\CortexM3\ARM_GCC_493\Debug\Design01.a(CyLib.o)
 .text.CyIMO_Start
                0x00000000       0x60 .\CortexM3\ARM_GCC_493\Debug\Design01.a(CyLib.o)
 .text.CyILO_Enable33K
                0x00000000       0x10 .\CortexM3\ARM_GCC_493\Debug\Design01.a(CyLib.o)
 .text.CyILO_Disable33K
                0x00000000       0x10 .\CortexM3\ARM_GCC_493\Debug\Design01.a(CyLib.o)
 .text.CyILO_SetSource
                0x00000000       0x18 .\CortexM3\ARM_GCC_493\Debug\Design01.a(CyLib.o)
 .text.CyILO_SetPowerMode
                0x00000000       0x24 .\CortexM3\ARM_GCC_493\Debug\Design01.a(CyLib.o)
 .text.CyXTAL_32KHZ_Stop
                0x00000000       0x30 .\CortexM3\ARM_GCC_493\Debug\Design01.a(CyLib.o)
 .text.CyXTAL_32KHZ_ReadStatus
                0x00000000       0x10 .\CortexM3\ARM_GCC_493\Debug\Design01.a(CyLib.o)
 .text.CyXTAL_Start
                0x00000000       0xac .\CortexM3\ARM_GCC_493\Debug\Design01.a(CyLib.o)
 .text.CyXTAL_Stop
                0x00000000       0x10 .\CortexM3\ARM_GCC_493\Debug\Design01.a(CyLib.o)
 .text.CyXTAL_EnableErrStatus
                0x00000000       0x10 .\CortexM3\ARM_GCC_493\Debug\Design01.a(CyLib.o)
 .text.CyXTAL_DisableErrStatus
                0x00000000       0x10 .\CortexM3\ARM_GCC_493\Debug\Design01.a(CyLib.o)
 .text.CyXTAL_ReadStatus
                0x00000000       0x18 .\CortexM3\ARM_GCC_493\Debug\Design01.a(CyLib.o)
 .text.CyXTAL_EnableFaultRecovery
                0x00000000       0x10 .\CortexM3\ARM_GCC_493\Debug\Design01.a(CyLib.o)
 .text.CyXTAL_DisableFaultRecovery
                0x00000000       0x10 .\CortexM3\ARM_GCC_493\Debug\Design01.a(CyLib.o)
 .text.CyXTAL_SetStartup
                0x00000000       0x18 .\CortexM3\ARM_GCC_493\Debug\Design01.a(CyLib.o)
 .text.CyXTAL_SetFbVoltage
                0x00000000       0x18 .\CortexM3\ARM_GCC_493\Debug\Design01.a(CyLib.o)
 .text.CyXTAL_SetWdVoltage
                0x00000000       0x18 .\CortexM3\ARM_GCC_493\Debug\Design01.a(CyLib.o)
 .text.CyHalt   0x00000000        0x4 .\CortexM3\ARM_GCC_493\Debug\Design01.a(CyLib.o)
 .text.CyPLL_OUT_SetPQ
                0x00000000       0x60 .\CortexM3\ARM_GCC_493\Debug\Design01.a(CyLib.o)
 .text.CyPLL_OUT_SetSource
                0x00000000       0x34 .\CortexM3\ARM_GCC_493\Debug\Design01.a(CyLib.o)
 .text.CyIMO_SetTrimValue
                0x00000000       0xcc .\CortexM3\ARM_GCC_493\Debug\Design01.a(CyLib.o)
 .text.CyIMO_SetFreq
                0x00000000       0xf4 .\CortexM3\ARM_GCC_493\Debug\Design01.a(CyLib.o)
 .text.CyIMO_SetSource
                0x00000000       0x58 .\CortexM3\ARM_GCC_493\Debug\Design01.a(CyLib.o)
 .text.CySoftwareReset
                0x00000000       0x10 .\CortexM3\ARM_GCC_493\Debug\Design01.a(CyLib.o)
 .text.CyDelayUs
                0x00000000       0x14 .\CortexM3\ARM_GCC_493\Debug\Design01.a(CyLib.o)
 .text.CyXTAL_32KHZ_SetPowerMode
                0x00000000       0x84 .\CortexM3\ARM_GCC_493\Debug\Design01.a(CyLib.o)
 .text.CyXTAL_32KHZ_Start
                0x00000000       0x70 .\CortexM3\ARM_GCC_493\Debug\Design01.a(CyLib.o)
 .text.CyDelayFreq
                0x00000000       0x4c .\CortexM3\ARM_GCC_493\Debug\Design01.a(CyLib.o)
 .text.CyWdtStart
                0x00000000       0x40 .\CortexM3\ARM_GCC_493\Debug\Design01.a(CyLib.o)
 .text.CyWdtClear
                0x00000000        0xc .\CortexM3\ARM_GCC_493\Debug\Design01.a(CyLib.o)
 .text.CyVdStickyStatus
                0x00000000       0x2c .\CortexM3\ARM_GCC_493\Debug\Design01.a(CyLib.o)
 .text.CyVdLvDigitEnable
                0x00000000       0x84 .\CortexM3\ARM_GCC_493\Debug\Design01.a(CyLib.o)
 .text.CyVdLvAnalogEnable
                0x00000000       0x80 .\CortexM3\ARM_GCC_493\Debug\Design01.a(CyLib.o)
 .text.CyVdLvDigitDisable
                0x00000000       0x30 .\CortexM3\ARM_GCC_493\Debug\Design01.a(CyLib.o)
 .text.CyVdLvAnalogDisable
                0x00000000       0x28 .\CortexM3\ARM_GCC_493\Debug\Design01.a(CyLib.o)
 .text.CyVdHvAnalogEnable
                0x00000000       0x54 .\CortexM3\ARM_GCC_493\Debug\Design01.a(CyLib.o)
 .text.CyVdHvAnalogDisable
                0x00000000       0x20 .\CortexM3\ARM_GCC_493\Debug\Design01.a(CyLib.o)
 .text.CyVdRealTimeStatus
                0x00000000       0x1c .\CortexM3\ARM_GCC_493\Debug\Design01.a(CyLib.o)
 .text.CyDisableInts
                0x00000000       0x1c .\CortexM3\ARM_GCC_493\Debug\Design01.a(CyLib.o)
 .text.CyEnableInts
                0x00000000       0x18 .\CortexM3\ARM_GCC_493\Debug\Design01.a(CyLib.o)
 .text.CyFlushCache
                0x00000000       0x44 .\CortexM3\ARM_GCC_493\Debug\Design01.a(CyLib.o)
 .text.CyIntSetSysVector
                0x00000000       0x28 .\CortexM3\ARM_GCC_493\Debug\Design01.a(CyLib.o)
 .text.CyIntGetSysVector
                0x00000000       0x20 .\CortexM3\ARM_GCC_493\Debug\Design01.a(CyLib.o)
 .text.CyIntSetVector
                0x00000000       0x28 .\CortexM3\ARM_GCC_493\Debug\Design01.a(CyLib.o)
 .text.CyIntGetVector
                0x00000000       0x24 .\CortexM3\ARM_GCC_493\Debug\Design01.a(CyLib.o)
 .text.CyIntSetPriority
                0x00000000       0x30 .\CortexM3\ARM_GCC_493\Debug\Design01.a(CyLib.o)
 .text.CyIntGetPriority
                0x00000000       0x20 .\CortexM3\ARM_GCC_493\Debug\Design01.a(CyLib.o)
 .text.CyIntGetState
                0x00000000       0x24 .\CortexM3\ARM_GCC_493\Debug\Design01.a(CyLib.o)
 .text.CySysTickStop
                0x00000000       0x10 .\CortexM3\ARM_GCC_493\Debug\Design01.a(CyLib.o)
 .text.CySysTickEnableInterrupt
                0x00000000       0x10 .\CortexM3\ARM_GCC_493\Debug\Design01.a(CyLib.o)
 .text.CySysTickEnable
                0x00000000       0x18 .\CortexM3\ARM_GCC_493\Debug\Design01.a(CyLib.o)
 .text.CySysTickDisableInterrupt
                0x00000000       0x10 .\CortexM3\ARM_GCC_493\Debug\Design01.a(CyLib.o)
 .text.CySysTickSetReload
                0x00000000       0x10 .\CortexM3\ARM_GCC_493\Debug\Design01.a(CyLib.o)
 .text.CySysTickGetReload
                0x00000000       0x10 .\CortexM3\ARM_GCC_493\Debug\Design01.a(CyLib.o)
 .text.CySysTickGetValue
                0x00000000       0x10 .\CortexM3\ARM_GCC_493\Debug\Design01.a(CyLib.o)
 .text.CySysTickSetClockSource
                0x00000000       0x20 .\CortexM3\ARM_GCC_493\Debug\Design01.a(CyLib.o)
 .text.CySysTickGetCountFlag
                0x00000000       0x10 .\CortexM3\ARM_GCC_493\Debug\Design01.a(CyLib.o)
 .text.CySysTickServiceCallbacks
                0x00000000       0x28 .\CortexM3\ARM_GCC_493\Debug\Design01.a(CyLib.o)
 .text.CySysTickClear
                0x00000000        0xc .\CortexM3\ARM_GCC_493\Debug\Design01.a(CyLib.o)
 .text.CySysTickInit
                0x00000000       0x58 .\CortexM3\ARM_GCC_493\Debug\Design01.a(CyLib.o)
 .text.CySysTickStart
                0x00000000       0x1c .\CortexM3\ARM_GCC_493\Debug\Design01.a(CyLib.o)
 .text.CySysTickSetCallback
                0x00000000       0x10 .\CortexM3\ARM_GCC_493\Debug\Design01.a(CyLib.o)
 .text.CySysTickGetCallback
                0x00000000       0x10 .\CortexM3\ARM_GCC_493\Debug\Design01.a(CyLib.o)
 .text.CyGetUniqueId
                0x00000000       0x70 .\CortexM3\ARM_GCC_493\Debug\Design01.a(CyLib.o)
 .text          0x00000000        0x0 .\CortexM3\ARM_GCC_493\Debug\Design01.a(cyPm.o)
 .data          0x00000000        0x0 .\CortexM3\ARM_GCC_493\Debug\Design01.a(cyPm.o)
 .bss           0x00000000       0x44 .\CortexM3\ARM_GCC_493\Debug\Design01.a(cyPm.o)
 .text.CyPmHibSlpSaveSet
                0x00000000      0x1dc .\CortexM3\ARM_GCC_493\Debug\Design01.a(cyPm.o)
 .text.CyPmHibSlpRestore
                0x00000000       0xd4 .\CortexM3\ARM_GCC_493\Debug\Design01.a(cyPm.o)
 .text.CyPmHviLviSaveDisable
                0x00000000       0xa0 .\CortexM3\ARM_GCC_493\Debug\Design01.a(cyPm.o)
 .text.CyPmHibSaveSet
                0x00000000       0x8c .\CortexM3\ARM_GCC_493\Debug\Design01.a(cyPm.o)
 .text.CyPmHviLviRestore
                0x00000000       0x48 .\CortexM3\ARM_GCC_493\Debug\Design01.a(cyPm.o)
 .text.CyPmHibRestore
                0x00000000       0x58 .\CortexM3\ARM_GCC_493\Debug\Design01.a(cyPm.o)
 .text.CyPmSaveClocks
                0x00000000      0x218 .\CortexM3\ARM_GCC_493\Debug\Design01.a(cyPm.o)
 .text.CyPmRestoreClocks
                0x00000000      0x24c .\CortexM3\ARM_GCC_493\Debug\Design01.a(cyPm.o)
 .text.CyPmAltAct
                0x00000000       0x6c .\CortexM3\ARM_GCC_493\Debug\Design01.a(cyPm.o)
 .text.CyPmSleep
                0x00000000       0xf4 .\CortexM3\ARM_GCC_493\Debug\Design01.a(cyPm.o)
 .text.CyPmHibernateEx
                0x00000000       0xf4 .\CortexM3\ARM_GCC_493\Debug\Design01.a(cyPm.o)
 .text.CyPmHibernate
                0x00000000        0xc .\CortexM3\ARM_GCC_493\Debug\Design01.a(cyPm.o)
 .text.CyPmReadStatus
                0x00000000       0x30 .\CortexM3\ARM_GCC_493\Debug\Design01.a(cyPm.o)
 .text.CyPmCtwSetInterval
                0x00000000       0x5c .\CortexM3\ARM_GCC_493\Debug\Design01.a(cyPm.o)
 .text.CyPmOppsSet
                0x00000000       0x2c .\CortexM3\ARM_GCC_493\Debug\Design01.a(cyPm.o)
 .text.CyPmFtwSetInterval
                0x00000000       0x5c .\CortexM3\ARM_GCC_493\Debug\Design01.a(cyPm.o)
 .rodata        0x00000000       0x10 .\CortexM3\ARM_GCC_493\Debug\Design01.a(cyPm.o)
 .text          0x00000000        0x0 .\CortexM3\ARM_GCC_493\Debug\Design01.a(Right_Eyebrow.o)
 .data          0x00000000        0x0 .\CortexM3\ARM_GCC_493\Debug\Design01.a(Right_Eyebrow.o)
 .text.Right_Eyebrow_Stop
                0x00000000       0x10 .\CortexM3\ARM_GCC_493\Debug\Design01.a(Right_Eyebrow.o)
 .text.Right_Eyebrow_ReadCounter
                0x00000000       0x14 .\CortexM3\ARM_GCC_493\Debug\Design01.a(Right_Eyebrow.o)
 .text.Right_Eyebrow_ReadControlRegister
                0x00000000        0xc .\CortexM3\ARM_GCC_493\Debug\Design01.a(Right_Eyebrow.o)
 .text.Right_Eyebrow_WriteControlRegister
                0x00000000        0xc .\CortexM3\ARM_GCC_493\Debug\Design01.a(Right_Eyebrow.o)
 .text.Right_Eyebrow_ReadCompare1
                0x00000000        0xc .\CortexM3\ARM_GCC_493\Debug\Design01.a(Right_Eyebrow.o)
 .text.Right_Eyebrow_ReadCompare2
                0x00000000        0xc .\CortexM3\ARM_GCC_493\Debug\Design01.a(Right_Eyebrow.o)
 .text.Right_Eyebrow_ReadPeriod
                0x00000000        0xc .\CortexM3\ARM_GCC_493\Debug\Design01.a(Right_Eyebrow.o)
 .text          0x00000000        0x0 .\CortexM3\ARM_GCC_493\Debug\Design01.a(Left_Eyebrow.o)
 .data          0x00000000        0x0 .\CortexM3\ARM_GCC_493\Debug\Design01.a(Left_Eyebrow.o)
 .text.Left_Eyebrow_Stop
                0x00000000       0x10 .\CortexM3\ARM_GCC_493\Debug\Design01.a(Left_Eyebrow.o)
 .text.Left_Eyebrow_ReadCounter
                0x00000000       0x14 .\CortexM3\ARM_GCC_493\Debug\Design01.a(Left_Eyebrow.o)
 .text.Left_Eyebrow_ReadControlRegister
                0x00000000        0xc .\CortexM3\ARM_GCC_493\Debug\Design01.a(Left_Eyebrow.o)
 .text.Left_Eyebrow_WriteControlRegister
                0x00000000        0xc .\CortexM3\ARM_GCC_493\Debug\Design01.a(Left_Eyebrow.o)
 .text.Left_Eyebrow_ReadCompare1
                0x00000000        0xc .\CortexM3\ARM_GCC_493\Debug\Design01.a(Left_Eyebrow.o)
 .text.Left_Eyebrow_ReadCompare2
                0x00000000        0xc .\CortexM3\ARM_GCC_493\Debug\Design01.a(Left_Eyebrow.o)
 .text.Left_Eyebrow_ReadPeriod
                0x00000000        0xc .\CortexM3\ARM_GCC_493\Debug\Design01.a(Left_Eyebrow.o)
 .text          0x00000000        0x0 .\CortexM3\ARM_GCC_493\Debug\Design01.a(Right_Eye.o)
 .data          0x00000000        0x0 .\CortexM3\ARM_GCC_493\Debug\Design01.a(Right_Eye.o)
 .text.Right_Eye_Stop
                0x00000000       0x10 .\CortexM3\ARM_GCC_493\Debug\Design01.a(Right_Eye.o)
 .text.Right_Eye_ReadCounter
                0x00000000       0x14 .\CortexM3\ARM_GCC_493\Debug\Design01.a(Right_Eye.o)
 .text.Right_Eye_ReadControlRegister
                0x00000000        0xc .\CortexM3\ARM_GCC_493\Debug\Design01.a(Right_Eye.o)
 .text.Right_Eye_WriteControlRegister
                0x00000000        0xc .\CortexM3\ARM_GCC_493\Debug\Design01.a(Right_Eye.o)
 .text.Right_Eye_ReadCompare1
                0x00000000        0xc .\CortexM3\ARM_GCC_493\Debug\Design01.a(Right_Eye.o)
 .text.Right_Eye_ReadCompare2
                0x00000000        0xc .\CortexM3\ARM_GCC_493\Debug\Design01.a(Right_Eye.o)
 .text.Right_Eye_ReadPeriod
                0x00000000        0xc .\CortexM3\ARM_GCC_493\Debug\Design01.a(Right_Eye.o)
 .text          0x00000000        0x0 .\CortexM3\ARM_GCC_493\Debug\Design01.a(Left_Eye.o)
 .data          0x00000000        0x0 .\CortexM3\ARM_GCC_493\Debug\Design01.a(Left_Eye.o)
 .text.Left_Eye_Stop
                0x00000000       0x10 .\CortexM3\ARM_GCC_493\Debug\Design01.a(Left_Eye.o)
 .text.Left_Eye_ReadCounter
                0x00000000       0x14 .\CortexM3\ARM_GCC_493\Debug\Design01.a(Left_Eye.o)
 .text.Left_Eye_ReadControlRegister
                0x00000000        0xc .\CortexM3\ARM_GCC_493\Debug\Design01.a(Left_Eye.o)
 .text.Left_Eye_WriteControlRegister
                0x00000000        0xc .\CortexM3\ARM_GCC_493\Debug\Design01.a(Left_Eye.o)
 .text.Left_Eye_ReadCompare1
                0x00000000        0xc .\CortexM3\ARM_GCC_493\Debug\Design01.a(Left_Eye.o)
 .text.Left_Eye_ReadCompare2
                0x00000000        0xc .\CortexM3\ARM_GCC_493\Debug\Design01.a(Left_Eye.o)
 .text.Left_Eye_ReadPeriod
                0x00000000        0xc .\CortexM3\ARM_GCC_493\Debug\Design01.a(Left_Eye.o)
 .text          0x00000000        0x0 .\CortexM3\ARM_GCC_493\Debug\Design01.a(Base_Jaw.o)
 .data          0x00000000        0x0 .\CortexM3\ARM_GCC_493\Debug\Design01.a(Base_Jaw.o)
 .text.Base_Jaw_Stop
                0x00000000       0x10 .\CortexM3\ARM_GCC_493\Debug\Design01.a(Base_Jaw.o)
 .text.Base_Jaw_ReadCounter
                0x00000000       0x14 .\CortexM3\ARM_GCC_493\Debug\Design01.a(Base_Jaw.o)
 .text.Base_Jaw_ReadControlRegister
                0x00000000        0xc .\CortexM3\ARM_GCC_493\Debug\Design01.a(Base_Jaw.o)
 .text.Base_Jaw_WriteControlRegister
                0x00000000        0xc .\CortexM3\ARM_GCC_493\Debug\Design01.a(Base_Jaw.o)
 .text.Base_Jaw_ReadCompare1
                0x00000000        0xc .\CortexM3\ARM_GCC_493\Debug\Design01.a(Base_Jaw.o)
 .text.Base_Jaw_ReadCompare2
                0x00000000        0xc .\CortexM3\ARM_GCC_493\Debug\Design01.a(Base_Jaw.o)
 .text.Base_Jaw_ReadPeriod
                0x00000000        0xc .\CortexM3\ARM_GCC_493\Debug\Design01.a(Base_Jaw.o)
 .text          0x00000000        0x0 .\CortexM3\ARM_GCC_493\Debug\Design01.a(Neck.o)
 .data          0x00000000        0x0 .\CortexM3\ARM_GCC_493\Debug\Design01.a(Neck.o)
 .text.Neck_Stop
                0x00000000       0x10 .\CortexM3\ARM_GCC_493\Debug\Design01.a(Neck.o)
 .text.Neck_ReadCounter
                0x00000000       0x14 .\CortexM3\ARM_GCC_493\Debug\Design01.a(Neck.o)
 .text.Neck_ReadControlRegister
                0x00000000        0xc .\CortexM3\ARM_GCC_493\Debug\Design01.a(Neck.o)
 .text.Neck_WriteControlRegister
                0x00000000        0xc .\CortexM3\ARM_GCC_493\Debug\Design01.a(Neck.o)
 .text.Neck_ReadCompare1
                0x00000000        0xc .\CortexM3\ARM_GCC_493\Debug\Design01.a(Neck.o)
 .text.Neck_ReadCompare2
                0x00000000        0xc .\CortexM3\ARM_GCC_493\Debug\Design01.a(Neck.o)
 .text.Neck_ReadPeriod
                0x00000000        0xc .\CortexM3\ARM_GCC_493\Debug\Design01.a(Neck.o)
 .text          0x00000000        0x0 .\CortexM3\ARM_GCC_493\Debug\Design01.a(Lip.o)
 .data          0x00000000        0x0 .\CortexM3\ARM_GCC_493\Debug\Design01.a(Lip.o)
 .text.Lip_Stop
                0x00000000       0x10 .\CortexM3\ARM_GCC_493\Debug\Design01.a(Lip.o)
 .text.Lip_ReadCounter
                0x00000000       0x14 .\CortexM3\ARM_GCC_493\Debug\Design01.a(Lip.o)
 .text.Lip_ReadControlRegister
                0x00000000        0xc .\CortexM3\ARM_GCC_493\Debug\Design01.a(Lip.o)
 .text.Lip_WriteControlRegister
                0x00000000        0xc .\CortexM3\ARM_GCC_493\Debug\Design01.a(Lip.o)
 .text.Lip_ReadCompare1
                0x00000000        0xc .\CortexM3\ARM_GCC_493\Debug\Design01.a(Lip.o)
 .text.Lip_ReadCompare2
                0x00000000        0xc .\CortexM3\ARM_GCC_493\Debug\Design01.a(Lip.o)
 .text.Lip_ReadPeriod
                0x00000000        0xc .\CortexM3\ARM_GCC_493\Debug\Design01.a(Lip.o)
 .text          0x00000000        0x0 .\CortexM3\ARM_GCC_493\Debug\Design01.a(Jaw.o)
 .data          0x00000000        0x0 .\CortexM3\ARM_GCC_493\Debug\Design01.a(Jaw.o)
 .text.Jaw_Stop
                0x00000000       0x10 .\CortexM3\ARM_GCC_493\Debug\Design01.a(Jaw.o)
 .text.Jaw_ReadCounter
                0x00000000       0x14 .\CortexM3\ARM_GCC_493\Debug\Design01.a(Jaw.o)
 .text.Jaw_ReadControlRegister
                0x00000000        0xc .\CortexM3\ARM_GCC_493\Debug\Design01.a(Jaw.o)
 .text.Jaw_WriteControlRegister
                0x00000000        0xc .\CortexM3\ARM_GCC_493\Debug\Design01.a(Jaw.o)
 .text.Jaw_ReadCompare1
                0x00000000        0xc .\CortexM3\ARM_GCC_493\Debug\Design01.a(Jaw.o)
 .text.Jaw_ReadCompare2
                0x00000000        0xc .\CortexM3\ARM_GCC_493\Debug\Design01.a(Jaw.o)
 .text.Jaw_ReadPeriod
                0x00000000        0xc .\CortexM3\ARM_GCC_493\Debug\Design01.a(Jaw.o)
 .text          0x00000000        0x0 .\CortexM3\ARM_GCC_493\Debug\Design01.a(CyFlash.o)
 .data          0x00000000        0x0 .\CortexM3\ARM_GCC_493\Debug\Design01.a(CyFlash.o)
 .bss           0x00000000        0x4 .\CortexM3\ARM_GCC_493\Debug\Design01.a(CyFlash.o)
 .text.CyFlashGetSpcAlgorithm
                0x00000000       0x4c .\CortexM3\ARM_GCC_493\Debug\Design01.a(CyFlash.o)
 .text.CySetTempInt
                0x00000000       0x60 .\CortexM3\ARM_GCC_493\Debug\Design01.a(CyFlash.o)
 .text.CyFlash_Start
                0x00000000       0x54 .\CortexM3\ARM_GCC_493\Debug\Design01.a(CyFlash.o)
 .text.CyFlash_Stop
                0x00000000       0x24 .\CortexM3\ARM_GCC_493\Debug\Design01.a(CyFlash.o)
 .text.CySetTemp
                0x00000000       0x14 .\CortexM3\ARM_GCC_493\Debug\Design01.a(CyFlash.o)
 .text.CySetFlashEEBuffer
                0x00000000       0x28 .\CortexM3\ARM_GCC_493\Debug\Design01.a(CyFlash.o)
 .text.CyWriteRowFull
                0x00000000       0xf8 .\CortexM3\ARM_GCC_493\Debug\Design01.a(CyFlash.o)
 .text.CyWriteRowData
                0x00000000       0x14 .\CortexM3\ARM_GCC_493\Debug\Design01.a(CyFlash.o)
 .text.CyFlash_SetWaitCycles
                0x00000000       0x7c .\CortexM3\ARM_GCC_493\Debug\Design01.a(CyFlash.o)
 .text.CyEEPROM_Start
                0x00000000       0x54 .\CortexM3\ARM_GCC_493\Debug\Design01.a(CyFlash.o)
 .text.CyEEPROM_Stop
                0x00000000       0x24 .\CortexM3\ARM_GCC_493\Debug\Design01.a(CyFlash.o)
 .text.CyEEPROM_ReadReserve
                0x00000000       0x1c .\CortexM3\ARM_GCC_493\Debug\Design01.a(CyFlash.o)
 .text.CyEEPROM_ReadRelease
                0x00000000       0x10 .\CortexM3\ARM_GCC_493\Debug\Design01.a(CyFlash.o)
 COMMON         0x00000000        0x2 .\CortexM3\ARM_GCC_493\Debug\Design01.a(CyFlash.o)
 .text          0x00000000        0x0 .\CortexM3\ARM_GCC_493\Debug\Design01.a(CySpc.o)
 .data          0x00000000        0x0 .\CortexM3\ARM_GCC_493\Debug\Design01.a(CySpc.o)
 .bss           0x00000000        0x8 .\CortexM3\ARM_GCC_493\Debug\Design01.a(CySpc.o)
 .text.CySpcStart
                0x00000000       0x24 .\CortexM3\ARM_GCC_493\Debug\Design01.a(CySpc.o)
 .text.CySpcStop
                0x00000000       0x24 .\CortexM3\ARM_GCC_493\Debug\Design01.a(CySpc.o)
 .text.CySpcReadData
                0x00000000       0x34 .\CortexM3\ARM_GCC_493\Debug\Design01.a(CySpc.o)
 .text.CySpcLoadMultiByte
                0x00000000       0x78 .\CortexM3\ARM_GCC_493\Debug\Design01.a(CySpc.o)
 .text.CySpcLoadRow
                0x00000000       0x54 .\CortexM3\ARM_GCC_493\Debug\Design01.a(CySpc.o)
 .text.CySpcLoadRowFull
                0x00000000       0x80 .\CortexM3\ARM_GCC_493\Debug\Design01.a(CySpc.o)
 .text.CySpcWriteRow
                0x00000000       0x4c .\CortexM3\ARM_GCC_493\Debug\Design01.a(CySpc.o)
 .text.CySpcEraseSector
                0x00000000       0x3c .\CortexM3\ARM_GCC_493\Debug\Design01.a(CySpc.o)
 .text.CySpcGetTemp
                0x00000000       0x3c .\CortexM3\ARM_GCC_493\Debug\Design01.a(CySpc.o)
 .text.CySpcLock
                0x00000000       0x4c .\CortexM3\ARM_GCC_493\Debug\Design01.a(CySpc.o)
 .text.CySpcUnlock
                0x00000000       0x38 .\CortexM3\ARM_GCC_493\Debug\Design01.a(CySpc.o)
 .text.CySpcGetAlgorithm
                0x00000000       0x28 .\CortexM3\ARM_GCC_493\Debug\Design01.a(CySpc.o)
 .text          0x00000000        0x0 f:/apps/psoc creator/3.3/psoc creator/import/gnu/arm/4.9.3/bin/../lib/gcc/arm-none-eabi/4.9.3/../../../../arm-none-eabi/lib/armv7-m\libg_nano.a(lib_a-errno.o)
 .data          0x00000000        0x0 f:/apps/psoc creator/3.3/psoc creator/import/gnu/arm/4.9.3/bin/../lib/gcc/arm-none-eabi/4.9.3/../../../../arm-none-eabi/lib/armv7-m\libg_nano.a(lib_a-errno.o)
 .bss           0x00000000        0x0 f:/apps/psoc creator/3.3/psoc creator/import/gnu/arm/4.9.3/bin/../lib/gcc/arm-none-eabi/4.9.3/../../../../arm-none-eabi/lib/armv7-m\libg_nano.a(lib_a-errno.o)
 .text.__errno  0x00000000        0xc f:/apps/psoc creator/3.3/psoc creator/import/gnu/arm/4.9.3/bin/../lib/gcc/arm-none-eabi/4.9.3/../../../../arm-none-eabi/lib/armv7-m\libg_nano.a(lib_a-errno.o)
 .text          0x00000000        0x0 f:/apps/psoc creator/3.3/psoc creator/import/gnu/arm/4.9.3/bin/../lib/gcc/arm-none-eabi/4.9.3/../../../../arm-none-eabi/lib/armv7-m\libg_nano.a(lib_a-exit.o)
 .data          0x00000000        0x0 f:/apps/psoc creator/3.3/psoc creator/import/gnu/arm/4.9.3/bin/../lib/gcc/arm-none-eabi/4.9.3/../../../../arm-none-eabi/lib/armv7-m\libg_nano.a(lib_a-exit.o)
 .bss           0x00000000        0x0 f:/apps/psoc creator/3.3/psoc creator/import/gnu/arm/4.9.3/bin/../lib/gcc/arm-none-eabi/4.9.3/../../../../arm-none-eabi/lib/armv7-m\libg_nano.a(lib_a-exit.o)
 .text.exit     0x00000000       0x28 f:/apps/psoc creator/3.3/psoc creator/import/gnu/arm/4.9.3/bin/../lib/gcc/arm-none-eabi/4.9.3/../../../../arm-none-eabi/lib/armv7-m\libg_nano.a(lib_a-exit.o)
 .text          0x00000000        0x0 f:/apps/psoc creator/3.3/psoc creator/import/gnu/arm/4.9.3/bin/../lib/gcc/arm-none-eabi/4.9.3/../../../../arm-none-eabi/lib/armv7-m\libg_nano.a(lib_a-impure.o)
 .data          0x00000000        0x0 f:/apps/psoc creator/3.3/psoc creator/import/gnu/arm/4.9.3/bin/../lib/gcc/arm-none-eabi/4.9.3/../../../../arm-none-eabi/lib/armv7-m\libg_nano.a(lib_a-impure.o)
 .bss           0x00000000        0x0 f:/apps/psoc creator/3.3/psoc creator/import/gnu/arm/4.9.3/bin/../lib/gcc/arm-none-eabi/4.9.3/../../../../arm-none-eabi/lib/armv7-m\libg_nano.a(lib_a-impure.o)
 .data.impure_data
                0x00000000       0x60 f:/apps/psoc creator/3.3/psoc creator/import/gnu/arm/4.9.3/bin/../lib/gcc/arm-none-eabi/4.9.3/../../../../arm-none-eabi/lib/armv7-m\libg_nano.a(lib_a-impure.o)
 .data._impure_ptr
                0x00000000        0x4 f:/apps/psoc creator/3.3/psoc creator/import/gnu/arm/4.9.3/bin/../lib/gcc/arm-none-eabi/4.9.3/../../../../arm-none-eabi/lib/armv7-m\libg_nano.a(lib_a-impure.o)
 .rodata.str1.1
                0x00000000        0x2 f:/apps/psoc creator/3.3/psoc creator/import/gnu/arm/4.9.3/bin/../lib/gcc/arm-none-eabi/4.9.3/../../../../arm-none-eabi/lib/armv7-m\libg_nano.a(lib_a-impure.o)
 .rodata._global_impure_ptr
                0x00000000        0x4 f:/apps/psoc creator/3.3/psoc creator/import/gnu/arm/4.9.3/bin/../lib/gcc/arm-none-eabi/4.9.3/../../../../arm-none-eabi/lib/armv7-m\libg_nano.a(lib_a-impure.o)
 .text          0x00000000        0x0 f:/apps/psoc creator/3.3/psoc creator/import/gnu/arm/4.9.3/bin/../lib/gcc/arm-none-eabi/4.9.3/../../../../arm-none-eabi/lib/armv7-m\libg_nano.a(lib_a-init.o)
 .data          0x00000000        0x0 f:/apps/psoc creator/3.3/psoc creator/import/gnu/arm/4.9.3/bin/../lib/gcc/arm-none-eabi/4.9.3/../../../../arm-none-eabi/lib/armv7-m\libg_nano.a(lib_a-init.o)
 .bss           0x00000000        0x0 f:/apps/psoc creator/3.3/psoc creator/import/gnu/arm/4.9.3/bin/../lib/gcc/arm-none-eabi/4.9.3/../../../../arm-none-eabi/lib/armv7-m\libg_nano.a(lib_a-init.o)
 .text          0x00000000        0x0 f:/apps/psoc creator/3.3/psoc creator/import/gnu/arm/4.9.3/bin/../lib/gcc/arm-none-eabi/4.9.3/../../../../arm-none-eabi/lib/armv7-m\libg_nano.a(lib_a-memcpy.o)
 .data          0x00000000        0x0 f:/apps/psoc creator/3.3/psoc creator/import/gnu/arm/4.9.3/bin/../lib/gcc/arm-none-eabi/4.9.3/../../../../arm-none-eabi/lib/armv7-m\libg_nano.a(lib_a-memcpy.o)
 .bss           0x00000000        0x0 f:/apps/psoc creator/3.3/psoc creator/import/gnu/arm/4.9.3/bin/../lib/gcc/arm-none-eabi/4.9.3/../../../../arm-none-eabi/lib/armv7-m\libg_nano.a(lib_a-memcpy.o)
 .text          0x00000000        0x0 f:/apps/psoc creator/3.3/psoc creator/import/gnu/arm/4.9.3/bin/../lib/gcc/arm-none-eabi/4.9.3/../../../../arm-none-eabi/lib/armv7-m\libg_nano.a(lib_a-memset.o)
 .data          0x00000000        0x0 f:/apps/psoc creator/3.3/psoc creator/import/gnu/arm/4.9.3/bin/../lib/gcc/arm-none-eabi/4.9.3/../../../../arm-none-eabi/lib/armv7-m\libg_nano.a(lib_a-memset.o)
 .bss           0x00000000        0x0 f:/apps/psoc creator/3.3/psoc creator/import/gnu/arm/4.9.3/bin/../lib/gcc/arm-none-eabi/4.9.3/../../../../arm-none-eabi/lib/armv7-m\libg_nano.a(lib_a-memset.o)
 .text          0x00000000        0x0 f:/apps/psoc creator/3.3/psoc creator/import/gnu/arm/4.9.3/bin/../lib/gcc/arm-none-eabi/4.9.3/armv7-m/crtend.o
 .data          0x00000000        0x0 f:/apps/psoc creator/3.3/psoc creator/import/gnu/arm/4.9.3/bin/../lib/gcc/arm-none-eabi/4.9.3/armv7-m/crtend.o
 .bss           0x00000000        0x0 f:/apps/psoc creator/3.3/psoc creator/import/gnu/arm/4.9.3/bin/../lib/gcc/arm-none-eabi/4.9.3/armv7-m/crtend.o
 .text          0x00000000        0x0 f:/apps/psoc creator/3.3/psoc creator/import/gnu/arm/4.9.3/bin/../lib/gcc/arm-none-eabi/4.9.3/armv7-m/crtn.o
 .data          0x00000000        0x0 f:/apps/psoc creator/3.3/psoc creator/import/gnu/arm/4.9.3/bin/../lib/gcc/arm-none-eabi/4.9.3/armv7-m/crtn.o
 .bss           0x00000000        0x0 f:/apps/psoc creator/3.3/psoc creator/import/gnu/arm/4.9.3/bin/../lib/gcc/arm-none-eabi/4.9.3/armv7-m/crtn.o

Memory Configuration

Name             Origin             Length             Attributes
rom              0x00000000         0x00040000         xr
ram              0x1fff8000         0x00010000         xrw
*default*        0x00000000         0xffffffff

Linker script and memory map

LOAD f:/apps/psoc creator/3.3/psoc creator/import/gnu/arm/4.9.3/bin/../lib/gcc/arm-none-eabi/4.9.3/armv7-m/crti.o
LOAD f:/apps/psoc creator/3.3/psoc creator/import/gnu/arm/4.9.3/bin/../lib/gcc/arm-none-eabi/4.9.3/armv7-m/crtbegin.o
LOAD f:/apps/psoc creator/3.3/psoc creator/import/gnu/arm/4.9.3/bin/../lib/gcc/arm-none-eabi/4.9.3/../../../../arm-none-eabi/lib/armv7-m/crt0.o
START GROUP
LOAD .\CortexM3\ARM_GCC_493\Debug\main.o
LOAD .\CortexM3\ARM_GCC_493\Debug\cymetadata.o
LOAD .\CortexM3\ARM_GCC_493\Debug\Cm3Start.o
LOAD .\CortexM3\ARM_GCC_493\Debug\Design01.a
LOAD F:\Apps\PSoC Creator\3.3\PSoC Creator\psoc\content\cycomponentlibrary\CyComponentLibrary.cylib\CortexM3\ARM_GCC_493\Debug\CyComponentLibrary.a
END GROUP
START GROUP
LOAD f:/apps/psoc creator/3.3/psoc creator/import/gnu/arm/4.9.3/bin/../lib/gcc/arm-none-eabi/4.9.3/armv7-m\libgcc.a
LOAD f:/apps/psoc creator/3.3/psoc creator/import/gnu/arm/4.9.3/bin/../lib/gcc/arm-none-eabi/4.9.3/../../../../arm-none-eabi/lib/armv7-m\libg_nano.a
LOAD f:/apps/psoc creator/3.3/psoc creator/import/gnu/arm/4.9.3/bin/../lib/gcc/arm-none-eabi/4.9.3/../../../../arm-none-eabi/lib/armv7-m\libc_nano.a
END GROUP
START GROUP
LOAD f:/apps/psoc creator/3.3/psoc creator/import/gnu/arm/4.9.3/bin/../lib/gcc/arm-none-eabi/4.9.3/armv7-m\libgcc.a
LOAD f:/apps/psoc creator/3.3/psoc creator/import/gnu/arm/4.9.3/bin/../lib/gcc/arm-none-eabi/4.9.3/../../../../arm-none-eabi/lib/armv7-m\libc_nano.a
END GROUP
LOAD f:/apps/psoc creator/3.3/psoc creator/import/gnu/arm/4.9.3/bin/../lib/gcc/arm-none-eabi/4.9.3/armv7-m/crtend.o
LOAD f:/apps/psoc creator/3.3/psoc creator/import/gnu/arm/4.9.3/bin/../lib/gcc/arm-none-eabi/4.9.3/armv7-m/crtn.o
START GROUP
LOAD f:/apps/psoc creator/3.3/psoc creator/import/gnu/arm/4.9.3/bin/../lib/gcc/arm-none-eabi/4.9.3/armv7-m\libgcc.a
LOAD f:/apps/psoc creator/3.3/psoc creator/import/gnu/arm/4.9.3/bin/../lib/gcc/arm-none-eabi/4.9.3/../../../../arm-none-eabi/lib/armv7-m\libc.a
LOAD f:/apps/psoc creator/3.3/psoc creator/import/gnu/arm/4.9.3/bin/../lib/gcc/arm-none-eabi/4.9.3/../../../../arm-none-eabi/lib/armv7-m\libnosys.a
END GROUP
                0x00000000                CY_APPL_ORIGIN = 0x0
                0x00000100                CY_FLASH_ROW_SIZE = 0x100
                0x00000020                CY_ECC_ROW_SIZE = 0x20
                0x00000000                CY_EE_IN_BTLDR = 0x0
                0x00000000                CY_APPL_LOADABLE = 0x0
                0x00000800                CY_EE_SIZE = 0x800
                0x00000001                CY_APPL_NUM = 0x1
                0x00000001                CY_APPL_MAX = 0x1
                0x00000040                CY_METADATA_SIZE = 0x40
                0x00000000                CY_APPL_LOADABLE = 0x0
                0x00000000                CY_CHECKSUM_EXCLUDE_SIZE = ALIGN (0x0, CY_FLASH_ROW_SIZE)
                0x1fff8148                PROVIDE (__cy_heap_start, _end)
                0x00000001                PROVIDE (__cy_region_num, ((__cy_regions_end - __cy_regions) / 0x10))
                0x20008000                PROVIDE (__cy_stack, (ORIGIN (ram) + 0x10000))
                0x20007800                PROVIDE (__cy_heap_end, (__cy_stack - 0x800))

.cybootloader   0x00000000        0x0
 *(.cybootloader)
                0x00000000                appl1_start = CY_APPL_ORIGIN?CY_APPL_ORIGIN:ALIGN (CY_FLASH_ROW_SIZE)
                0x0001ff00                appl2_start = (appl1_start + ALIGN ((((0x40000 - appl1_start) - (0x2 * CY_FLASH_ROW_SIZE)) / 0x2), CY_FLASH_ROW_SIZE))
                0x00000000                appl_start = (CY_APPL_NUM == 0x1)?appl1_start:appl2_start
                0x00000000                ecc_offset = ((appl_start / CY_FLASH_ROW_SIZE) * CY_ECC_ROW_SIZE)
                0x00000000                ee_offset = (CY_APPL_LOADABLE && ! (CY_EE_IN_BTLDR))?((CY_EE_SIZE / CY_APPL_MAX) * (CY_APPL_NUM - 0x1)):0x0
                0x00000800                ee_size = (CY_APPL_LOADABLE && ! (CY_EE_IN_BTLDR))?(CY_EE_SIZE / CY_APPL_MAX):CY_EE_SIZE
                0x00000000                PROVIDE (CY_ECC_OFFSET, ecc_offset)

.text           0x00000000      0xe1e
 CREATE_OBJECT_SYMBOLS
                0x00000000                PROVIDE (__cy_interrupt_vector, RomVectors)
 *(.romvectors)
 .romvectors    0x00000000       0x10 .\CortexM3\ARM_GCC_493\Debug\Cm3Start.o
                0x00000000                RomVectors
                0x00000001                ASSERT ((. != __cy_interrupt_vector), No interrupt vector)
                0x00000001                ASSERT (CY_APPL_ORIGIN?(SIZEOF (.cybootloader) <= CY_APPL_ORIGIN):0x1, Wrong image location)
                0x00000010                PROVIDE (__cy_reset, Reset)
 *(.text.Reset)
 .text.Reset    0x00000010       0x18 .\CortexM3\ARM_GCC_493\Debug\Cm3Start.o
                0x00000010                Reset
                0x00000001                ASSERT ((. != __cy_reset), No reset code)
 *(.dma_init)
                0x00000001                ASSERT ((((appl_start + .) <= 0x10000) || 0x1), DMA Init must be within the first 64k of flash)
 *(.text .text.* .gnu.linkonce.t.*)
 .text          0x00000028       0x5c f:/apps/psoc creator/3.3/psoc creator/import/gnu/arm/4.9.3/bin/../lib/gcc/arm-none-eabi/4.9.3/armv7-m/crtbegin.o
 .text.sadRightEyebrow
                0x00000084       0x14 .\CortexM3\ARM_GCC_493\Debug\main.o
                0x00000084                sadRightEyebrow
 .text.sadLeftEyebrow
                0x00000098       0x14 .\CortexM3\ARM_GCC_493\Debug\main.o
                0x00000098                sadLeftEyebrow
 .text.moveEyesLeft
                0x000000ac       0x14 .\CortexM3\ARM_GCC_493\Debug\main.o
                0x000000ac                moveEyesLeft
 .text.moveEyesRight
                0x000000c0       0x14 .\CortexM3\ARM_GCC_493\Debug\main.o
                0x000000c0                moveEyesRight
 .text.moveNeck
                0x000000d4       0x2c .\CortexM3\ARM_GCC_493\Debug\main.o
                0x000000d4                moveNeck
 .text.rotateHead
                0x00000100       0x1c .\CortexM3\ARM_GCC_493\Debug\main.o
                0x00000100                rotateHead
 .text.tiltNeck
                0x0000011c       0x3c .\CortexM3\ARM_GCC_493\Debug\main.o
                0x0000011c                tiltNeck
 .text.moveJaw  0x00000158       0x24 .\CortexM3\ARM_GCC_493\Debug\main.o
                0x00000158                moveJaw
 .text.moveRightLip
                0x0000017c        0xc .\CortexM3\ARM_GCC_493\Debug\main.o
                0x0000017c                moveRightLip
 .text.moveLeftLip
                0x00000188        0xc .\CortexM3\ARM_GCC_493\Debug\main.o
                0x00000188                moveLeftLip
 .text.initializeAllComponenets
                0x00000194       0x24 .\CortexM3\ARM_GCC_493\Debug\main.o
                0x00000194                initializeAllComponenets
 .text.main     0x000001b8       0xa8 .\CortexM3\ARM_GCC_493\Debug\main.o
                0x000001b8                main
 .text.IntDefaultHandler
                0x00000260        0x4 .\CortexM3\ARM_GCC_493\Debug\Cm3Start.o
                0x00000260                IntDefaultHandler
 .text.Start_c  0x00000264       0x4c .\CortexM3\ARM_GCC_493\Debug\Cm3Start.o
                0x00000264                Start_c
 .text.initialize_psoc
                0x000002b0       0x74 .\CortexM3\ARM_GCC_493\Debug\Cm3Start.o
                0x000002b0                initialize_psoc
 .text.CyClockStartupError
                0x00000324        0x4 .\CortexM3\ARM_GCC_493\Debug\Design01.a(cyfitter_cfg.o)
 .text.cfg_write_bytes32
                0x00000328       0x34 .\CortexM3\ARM_GCC_493\Debug\Design01.a(cyfitter_cfg.o)
 .text.AnalogSetDefault
                0x0000035c       0x28 .\CortexM3\ARM_GCC_493\Debug\Design01.a(cyfitter_cfg.o)
 .text.CYMEMZERO
                0x00000384        0xc .\CortexM3\ARM_GCC_493\Debug\Design01.a(cyfitter_cfg.o)
 .text.ClockSetup
                0x00000390       0xf4 .\CortexM3\ARM_GCC_493\Debug\Design01.a(cyfitter_cfg.o)
 .text.CYCONFIGCPY
                0x00000484        0x8 .\CortexM3\ARM_GCC_493\Debug\Design01.a(cyfitter_cfg.o)
 .text.cyfitter_cfg
                0x0000048c       0xf0 .\CortexM3\ARM_GCC_493\Debug\Design01.a(cyfitter_cfg.o)
                0x0000048c                cyfitter_cfg
 *fill*         0x0000057c        0x4 
 .text          0x00000580       0x20 .\CortexM3\ARM_GCC_493\Debug\Design01.a(CyBootAsmGnu.o)
                0x00000580                CyDelayCycles
                0x00000590                CyEnterCriticalSection
                0x00000598                CyExitCriticalSection
 .text.CyDelay  0x000005a0       0x2c .\CortexM3\ARM_GCC_493\Debug\Design01.a(CyLib.o)
                0x000005a0                CyDelay
 .text.Right_Eyebrow_Enable
                0x000005cc       0x10 .\CortexM3\ARM_GCC_493\Debug\Design01.a(Right_Eyebrow.o)
                0x000005cc                Right_Eyebrow_Enable
 .text.Right_Eyebrow_WriteCounter
                0x000005dc        0xc .\CortexM3\ARM_GCC_493\Debug\Design01.a(Right_Eyebrow.o)
                0x000005dc                Right_Eyebrow_WriteCounter
 .text.Right_Eyebrow_WritePeriod
                0x000005e8        0xc .\CortexM3\ARM_GCC_493\Debug\Design01.a(Right_Eyebrow.o)
                0x000005e8                Right_Eyebrow_WritePeriod
 .text.Right_Eyebrow_WriteCompare1
                0x000005f4        0xc .\CortexM3\ARM_GCC_493\Debug\Design01.a(Right_Eyebrow.o)
                0x000005f4                Right_Eyebrow_WriteCompare1
 .text.Right_Eyebrow_WriteCompare2
                0x00000600        0xc .\CortexM3\ARM_GCC_493\Debug\Design01.a(Right_Eyebrow.o)
                0x00000600                Right_Eyebrow_WriteCompare2
 .text.Right_Eyebrow_SetInterruptMode
                0x0000060c        0xc .\CortexM3\ARM_GCC_493\Debug\Design01.a(Right_Eyebrow.o)
                0x0000060c                Right_Eyebrow_SetInterruptMode
 .text.Right_Eyebrow_ReadStatusRegister
                0x00000618        0xc .\CortexM3\ARM_GCC_493\Debug\Design01.a(Right_Eyebrow.o)
                0x00000618                Right_Eyebrow_ReadStatusRegister
 .text.Right_Eyebrow_ReadCapture
                0x00000624        0xc .\CortexM3\ARM_GCC_493\Debug\Design01.a(Right_Eyebrow.o)
                0x00000624                Right_Eyebrow_ReadCapture
 .text.Right_Eyebrow_ClearFIFO
                0x00000630       0x14 .\CortexM3\ARM_GCC_493\Debug\Design01.a(Right_Eyebrow.o)
                0x00000630                Right_Eyebrow_ClearFIFO
 .text.Right_Eyebrow_Init
                0x00000644       0x68 .\CortexM3\ARM_GCC_493\Debug\Design01.a(Right_Eyebrow.o)
                0x00000644                Right_Eyebrow_Init
 .text.Right_Eyebrow_Start
                0x000006ac       0x1c .\CortexM3\ARM_GCC_493\Debug\Design01.a(Right_Eyebrow.o)
                0x000006ac                Right_Eyebrow_Start
 .text.Left_Eyebrow_Enable
                0x000006c8       0x10 .\CortexM3\ARM_GCC_493\Debug\Design01.a(Left_Eyebrow.o)
                0x000006c8                Left_Eyebrow_Enable
 .text.Left_Eyebrow_WriteCounter
                0x000006d8        0xc .\CortexM3\ARM_GCC_493\Debug\Design01.a(Left_Eyebrow.o)
                0x000006d8                Left_Eyebrow_WriteCounter
 .text.Left_Eyebrow_WritePeriod
                0x000006e4        0xc .\CortexM3\ARM_GCC_493\Debug\Design01.a(Left_Eyebrow.o)
                0x000006e4                Left_Eyebrow_WritePeriod
 .text.Left_Eyebrow_WriteCompare1
                0x000006f0        0xc .\CortexM3\ARM_GCC_493\Debug\Design01.a(Left_Eyebrow.o)
                0x000006f0                Left_Eyebrow_WriteCompare1
 .text.Left_Eyebrow_WriteCompare2
                0x000006fc        0xc .\CortexM3\ARM_GCC_493\Debug\Design01.a(Left_Eyebrow.o)
                0x000006fc                Left_Eyebrow_WriteCompare2
 .text.Left_Eyebrow_SetInterruptMode
                0x00000708        0xc .\CortexM3\ARM_GCC_493\Debug\Design01.a(Left_Eyebrow.o)
                0x00000708                Left_Eyebrow_SetInterruptMode
 .text.Left_Eyebrow_ReadStatusRegister
                0x00000714        0xc .\CortexM3\ARM_GCC_493\Debug\Design01.a(Left_Eyebrow.o)
                0x00000714                Left_Eyebrow_ReadStatusRegister
 .text.Left_Eyebrow_ReadCapture
                0x00000720        0xc .\CortexM3\ARM_GCC_493\Debug\Design01.a(Left_Eyebrow.o)
                0x00000720                Left_Eyebrow_ReadCapture
 .text.Left_Eyebrow_ClearFIFO
                0x0000072c       0x14 .\CortexM3\ARM_GCC_493\Debug\Design01.a(Left_Eyebrow.o)
                0x0000072c                Left_Eyebrow_ClearFIFO
 .text.Left_Eyebrow_Init
                0x00000740       0x68 .\CortexM3\ARM_GCC_493\Debug\Design01.a(Left_Eyebrow.o)
                0x00000740                Left_Eyebrow_Init
 .text.Left_Eyebrow_Start
                0x000007a8       0x1c .\CortexM3\ARM_GCC_493\Debug\Design01.a(Left_Eyebrow.o)
                0x000007a8                Left_Eyebrow_Start
 .text.Right_Eye_Enable
                0x000007c4       0x10 .\CortexM3\ARM_GCC_493\Debug\Design01.a(Right_Eye.o)
                0x000007c4                Right_Eye_Enable
 .text.Right_Eye_WriteCounter
                0x000007d4        0xc .\CortexM3\ARM_GCC_493\Debug\Design01.a(Right_Eye.o)
                0x000007d4                Right_Eye_WriteCounter
 .text.Right_Eye_WritePeriod
                0x000007e0        0xc .\CortexM3\ARM_GCC_493\Debug\Design01.a(Right_Eye.o)
                0x000007e0                Right_Eye_WritePeriod
 .text.Right_Eye_WriteCompare1
                0x000007ec        0xc .\CortexM3\ARM_GCC_493\Debug\Design01.a(Right_Eye.o)
                0x000007ec                Right_Eye_WriteCompare1
 .text.Right_Eye_WriteCompare2
                0x000007f8        0xc .\CortexM3\ARM_GCC_493\Debug\Design01.a(Right_Eye.o)
                0x000007f8                Right_Eye_WriteCompare2
 .text.Right_Eye_SetInterruptMode
                0x00000804        0xc .\CortexM3\ARM_GCC_493\Debug\Design01.a(Right_Eye.o)
                0x00000804                Right_Eye_SetInterruptMode
 .text.Right_Eye_ReadStatusRegister
                0x00000810        0xc .\CortexM3\ARM_GCC_493\Debug\Design01.a(Right_Eye.o)
                0x00000810                Right_Eye_ReadStatusRegister
 .text.Right_Eye_ReadCapture
                0x0000081c        0xc .\CortexM3\ARM_GCC_493\Debug\Design01.a(Right_Eye.o)
                0x0000081c                Right_Eye_ReadCapture
 .text.Right_Eye_ClearFIFO
                0x00000828       0x14 .\CortexM3\ARM_GCC_493\Debug\Design01.a(Right_Eye.o)
                0x00000828                Right_Eye_ClearFIFO
 .text.Right_Eye_Init
                0x0000083c       0x68 .\CortexM3\ARM_GCC_493\Debug\Design01.a(Right_Eye.o)
                0x0000083c                Right_Eye_Init
 .text.Right_Eye_Start
                0x000008a4       0x1c .\CortexM3\ARM_GCC_493\Debug\Design01.a(Right_Eye.o)
                0x000008a4                Right_Eye_Start
 .text.Left_Eye_Enable
                0x000008c0       0x10 .\CortexM3\ARM_GCC_493\Debug\Design01.a(Left_Eye.o)
                0x000008c0                Left_Eye_Enable
 .text.Left_Eye_WriteCounter
                0x000008d0        0xc .\CortexM3\ARM_GCC_493\Debug\Design01.a(Left_Eye.o)
                0x000008d0                Left_Eye_WriteCounter
 .text.Left_Eye_WritePeriod
                0x000008dc        0xc .\CortexM3\ARM_GCC_493\Debug\Design01.a(Left_Eye.o)
                0x000008dc                Left_Eye_WritePeriod
 .text.Left_Eye_WriteCompare1
                0x000008e8        0xc .\CortexM3\ARM_GCC_493\Debug\Design01.a(Left_Eye.o)
                0x000008e8                Left_Eye_WriteCompare1
 .text.Left_Eye_WriteCompare2
                0x000008f4        0xc .\CortexM3\ARM_GCC_493\Debug\Design01.a(Left_Eye.o)
                0x000008f4                Left_Eye_WriteCompare2
 .text.Left_Eye_SetInterruptMode
                0x00000900        0xc .\CortexM3\ARM_GCC_493\Debug\Design01.a(Left_Eye.o)
                0x00000900                Left_Eye_SetInterruptMode
 .text.Left_Eye_ReadStatusRegister
                0x0000090c        0xc .\CortexM3\ARM_GCC_493\Debug\Design01.a(Left_Eye.o)
                0x0000090c                Left_Eye_ReadStatusRegister
 .text.Left_Eye_ReadCapture
                0x00000918        0xc .\CortexM3\ARM_GCC_493\Debug\Design01.a(Left_Eye.o)
                0x00000918                Left_Eye_ReadCapture
 .text.Left_Eye_ClearFIFO
                0x00000924       0x14 .\CortexM3\ARM_GCC_493\Debug\Design01.a(Left_Eye.o)
                0x00000924                Left_Eye_ClearFIFO
 .text.Left_Eye_Init
                0x00000938       0x68 .\CortexM3\ARM_GCC_493\Debug\Design01.a(Left_Eye.o)
                0x00000938                Left_Eye_Init
 .text.Left_Eye_Start
                0x000009a0       0x1c .\CortexM3\ARM_GCC_493\Debug\Design01.a(Left_Eye.o)
                0x000009a0                Left_Eye_Start
 .text.Base_Jaw_Enable
                0x000009bc       0x10 .\CortexM3\ARM_GCC_493\Debug\Design01.a(Base_Jaw.o)
                0x000009bc                Base_Jaw_Enable
 .text.Base_Jaw_WriteCounter
                0x000009cc        0xc .\CortexM3\ARM_GCC_493\Debug\Design01.a(Base_Jaw.o)
                0x000009cc                Base_Jaw_WriteCounter
 .text.Base_Jaw_WritePeriod
                0x000009d8        0xc .\CortexM3\ARM_GCC_493\Debug\Design01.a(Base_Jaw.o)
                0x000009d8                Base_Jaw_WritePeriod
 .text.Base_Jaw_WriteCompare1
                0x000009e4        0xc .\CortexM3\ARM_GCC_493\Debug\Design01.a(Base_Jaw.o)
                0x000009e4                Base_Jaw_WriteCompare1
 .text.Base_Jaw_WriteCompare2
                0x000009f0        0xc .\CortexM3\ARM_GCC_493\Debug\Design01.a(Base_Jaw.o)
                0x000009f0                Base_Jaw_WriteCompare2
 .text.Base_Jaw_SetInterruptMode
                0x000009fc        0xc .\CortexM3\ARM_GCC_493\Debug\Design01.a(Base_Jaw.o)
                0x000009fc                Base_Jaw_SetInterruptMode
 .text.Base_Jaw_ReadStatusRegister
                0x00000a08        0xc .\CortexM3\ARM_GCC_493\Debug\Design01.a(Base_Jaw.o)
                0x00000a08                Base_Jaw_ReadStatusRegister
 .text.Base_Jaw_ReadCapture
                0x00000a14        0xc .\CortexM3\ARM_GCC_493\Debug\Design01.a(Base_Jaw.o)
                0x00000a14                Base_Jaw_ReadCapture
 .text.Base_Jaw_ClearFIFO
                0x00000a20       0x14 .\CortexM3\ARM_GCC_493\Debug\Design01.a(Base_Jaw.o)
                0x00000a20                Base_Jaw_ClearFIFO
 .text.Base_Jaw_Init
                0x00000a34       0x68 .\CortexM3\ARM_GCC_493\Debug\Design01.a(Base_Jaw.o)
                0x00000a34                Base_Jaw_Init
 .text.Base_Jaw_Start
                0x00000a9c       0x1c .\CortexM3\ARM_GCC_493\Debug\Design01.a(Base_Jaw.o)
                0x00000a9c                Base_Jaw_Start
 .text.Neck_Enable
                0x00000ab8       0x10 .\CortexM3\ARM_GCC_493\Debug\Design01.a(Neck.o)
                0x00000ab8                Neck_Enable
 .text.Neck_WriteCounter
                0x00000ac8        0xc .\CortexM3\ARM_GCC_493\Debug\Design01.a(Neck.o)
                0x00000ac8                Neck_WriteCounter
 .text.Neck_WritePeriod
                0x00000ad4        0xc .\CortexM3\ARM_GCC_493\Debug\Design01.a(Neck.o)
                0x00000ad4                Neck_WritePeriod
 .text.Neck_WriteCompare1
                0x00000ae0        0xc .\CortexM3\ARM_GCC_493\Debug\Design01.a(Neck.o)
                0x00000ae0                Neck_WriteCompare1
 .text.Neck_WriteCompare2
                0x00000aec        0xc .\CortexM3\ARM_GCC_493\Debug\Design01.a(Neck.o)
                0x00000aec                Neck_WriteCompare2
 .text.Neck_SetInterruptMode
                0x00000af8        0xc .\CortexM3\ARM_GCC_493\Debug\Design01.a(Neck.o)
                0x00000af8                Neck_SetInterruptMode
 .text.Neck_ReadStatusRegister
                0x00000b04        0xc .\CortexM3\ARM_GCC_493\Debug\Design01.a(Neck.o)
                0x00000b04                Neck_ReadStatusRegister
 .text.Neck_ReadCapture
                0x00000b10        0xc .\CortexM3\ARM_GCC_493\Debug\Design01.a(Neck.o)
                0x00000b10                Neck_ReadCapture
 .text.Neck_ClearFIFO
                0x00000b1c       0x14 .\CortexM3\ARM_GCC_493\Debug\Design01.a(Neck.o)
                0x00000b1c                Neck_ClearFIFO
 .text.Neck_Init
                0x00000b30       0x68 .\CortexM3\ARM_GCC_493\Debug\Design01.a(Neck.o)
                0x00000b30                Neck_Init
 .text.Neck_Start
                0x00000b98       0x1c .\CortexM3\ARM_GCC_493\Debug\Design01.a(Neck.o)
                0x00000b98                Neck_Start
 .text.Lip_Enable
                0x00000bb4       0x10 .\CortexM3\ARM_GCC_493\Debug\Design01.a(Lip.o)
                0x00000bb4                Lip_Enable
 .text.Lip_WriteCounter
                0x00000bc4        0xc .\CortexM3\ARM_GCC_493\Debug\Design01.a(Lip.o)
                0x00000bc4                Lip_WriteCounter
 .text.Lip_WritePeriod
                0x00000bd0        0xc .\CortexM3\ARM_GCC_493\Debug\Design01.a(Lip.o)
                0x00000bd0                Lip_WritePeriod
 .text.Lip_WriteCompare1
                0x00000bdc        0xc .\CortexM3\ARM_GCC_493\Debug\Design01.a(Lip.o)
                0x00000bdc                Lip_WriteCompare1
 .text.Lip_WriteCompare2
                0x00000be8        0xc .\CortexM3\ARM_GCC_493\Debug\Design01.a(Lip.o)
                0x00000be8                Lip_WriteCompare2
 .text.Lip_SetInterruptMode
                0x00000bf4        0xc .\CortexM3\ARM_GCC_493\Debug\Design01.a(Lip.o)
                0x00000bf4                Lip_SetInterruptMode
 .text.Lip_ReadStatusRegister
                0x00000c00        0xc .\CortexM3\ARM_GCC_493\Debug\Design01.a(Lip.o)
                0x00000c00                Lip_ReadStatusRegister
 .text.Lip_ReadCapture
                0x00000c0c        0xc .\CortexM3\ARM_GCC_493\Debug\Design01.a(Lip.o)
                0x00000c0c                Lip_ReadCapture
 .text.Lip_ClearFIFO
                0x00000c18       0x14 .\CortexM3\ARM_GCC_493\Debug\Design01.a(Lip.o)
                0x00000c18                Lip_ClearFIFO
 .text.Lip_Init
                0x00000c2c       0x68 .\CortexM3\ARM_GCC_493\Debug\Design01.a(Lip.o)
                0x00000c2c                Lip_Init
 .text.Lip_Start
                0x00000c94       0x1c .\CortexM3\ARM_GCC_493\Debug\Design01.a(Lip.o)
                0x00000c94                Lip_Start
 .text.Jaw_Enable
                0x00000cb0       0x10 .\CortexM3\ARM_GCC_493\Debug\Design01.a(Jaw.o)
                0x00000cb0                Jaw_Enable
 .text.Jaw_WriteCounter
                0x00000cc0        0xc .\CortexM3\ARM_GCC_493\Debug\Design01.a(Jaw.o)
                0x00000cc0                Jaw_WriteCounter
 .text.Jaw_WritePeriod
                0x00000ccc        0xc .\CortexM3\ARM_GCC_493\Debug\Design01.a(Jaw.o)
                0x00000ccc                Jaw_WritePeriod
 .text.Jaw_WriteCompare1
                0x00000cd8        0xc .\CortexM3\ARM_GCC_493\Debug\Design01.a(Jaw.o)
                0x00000cd8                Jaw_WriteCompare1
 .text.Jaw_WriteCompare2
                0x00000ce4        0xc .\CortexM3\ARM_GCC_493\Debug\Design01.a(Jaw.o)
                0x00000ce4                Jaw_WriteCompare2
 .text.Jaw_SetInterruptMode
                0x00000cf0        0xc .\CortexM3\ARM_GCC_493\Debug\Design01.a(Jaw.o)
                0x00000cf0                Jaw_SetInterruptMode
 .text.Jaw_ReadStatusRegister
                0x00000cfc        0xc .\CortexM3\ARM_GCC_493\Debug\Design01.a(Jaw.o)
                0x00000cfc                Jaw_ReadStatusRegister
 .text.Jaw_ReadCapture
                0x00000d08        0xc .\CortexM3\ARM_GCC_493\Debug\Design01.a(Jaw.o)
                0x00000d08                Jaw_ReadCapture
 .text.Jaw_ClearFIFO
                0x00000d14       0x14 .\CortexM3\ARM_GCC_493\Debug\Design01.a(Jaw.o)
                0x00000d14                Jaw_ClearFIFO
 .text.Jaw_Init
                0x00000d28       0x68 .\CortexM3\ARM_GCC_493\Debug\Design01.a(Jaw.o)
                0x00000d28                Jaw_Init
 .text.Jaw_Start
                0x00000d90       0x1c .\CortexM3\ARM_GCC_493\Debug\Design01.a(Jaw.o)
                0x00000d90                Jaw_Start
 .text.__libc_init_array
                0x00000dac       0x4c f:/apps/psoc creator/3.3/psoc creator/import/gnu/arm/4.9.3/bin/../lib/gcc/arm-none-eabi/4.9.3/../../../../arm-none-eabi/lib/armv7-m\libg_nano.a(lib_a-init.o)
                0x00000dac                __libc_init_array
 .text.memcpy   0x00000df8       0x16 f:/apps/psoc creator/3.3/psoc creator/import/gnu/arm/4.9.3/bin/../lib/gcc/arm-none-eabi/4.9.3/../../../../arm-none-eabi/lib/armv7-m\libg_nano.a(lib_a-memcpy.o)
                0x00000df8                memcpy
 .text.memset   0x00000e0e       0x10 f:/apps/psoc creator/3.3/psoc creator/import/gnu/arm/4.9.3/bin/../lib/gcc/arm-none-eabi/4.9.3/../../../../arm-none-eabi/lib/armv7-m\libg_nano.a(lib_a-memset.o)
                0x00000e0e                memset
 *(.plt)
 *(.gnu.warning)
 *(.glue_7t)
 .glue_7t       0x00000000        0x0 linker stubs
 *(.glue_7)
 .glue_7        0x00000000        0x0 linker stubs
 *(.vfp11_veneer)
 .vfp11_veneer  0x00000000        0x0 linker stubs
 *(.bootloader)
 *(.ARM.extab* .gnu.linkonce.armextab.*)
 *(.gcc_except_table)

.v4_bx          0x00000e20        0x0
 .v4_bx         0x00000000        0x0 linker stubs

.iplt           0x00000e20        0x0
 .iplt          0x00000000        0x0 f:/apps/psoc creator/3.3/psoc creator/import/gnu/arm/4.9.3/bin/../lib/gcc/arm-none-eabi/4.9.3/armv7-m/crtbegin.o

.eh_frame_hdr
 *(.eh_frame_hdr)

.eh_frame       0x00000e20        0x4
 *(.eh_frame)
 .eh_frame      0x00000e20        0x0 f:/apps/psoc creator/3.3/psoc creator/import/gnu/arm/4.9.3/bin/../lib/gcc/arm-none-eabi/4.9.3/armv7-m/crtbegin.o
 .eh_frame      0x00000e20        0x4 f:/apps/psoc creator/3.3/psoc creator/import/gnu/arm/4.9.3/bin/../lib/gcc/arm-none-eabi/4.9.3/armv7-m/crtend.o
                0x00000e24                PROVIDE (__exidx_start, .)

.ARM.exidx
 *(.ARM.exidx* .gnu.linkonce.armexidx.*)
                0x00000e24                __exidx_end = .

.rodata         0x00000e24       0x64
 *(.rodata .rodata.* .gnu.linkonce.r.*)
 .rodata        0x00000e24       0x30 .\CortexM3\ARM_GCC_493\Debug\Design01.a(cyfitter_cfg.o)
                0x00000e54                . = ALIGN (0x4)
 *(.init)
 .init          0x00000e54        0x4 f:/apps/psoc creator/3.3/psoc creator/import/gnu/arm/4.9.3/bin/../lib/gcc/arm-none-eabi/4.9.3/armv7-m/crti.o
                0x00000e54                _init
 .init          0x00000e58        0x8 f:/apps/psoc creator/3.3/psoc creator/import/gnu/arm/4.9.3/bin/../lib/gcc/arm-none-eabi/4.9.3/armv7-m/crtn.o
                0x00000e60                . = ALIGN (0x4)
                0x00000e60                __preinit_array_start = .
 *(.preinit_array)
                0x00000e60                __preinit_array_end = .
                0x00000e60                . = ALIGN (0x4)
                0x00000e60                __init_array_start = .
 *(SORT(.init_array.*))
 *(.init_array)
 .init_array    0x00000e60        0x4 f:/apps/psoc creator/3.3/psoc creator/import/gnu/arm/4.9.3/bin/../lib/gcc/arm-none-eabi/4.9.3/armv7-m/crtbegin.o
 .init_array    0x00000e64        0x4 .\CortexM3\ARM_GCC_493\Debug\Cm3Start.o
                0x00000e68                __init_array_end = .
                0x00000e68                . = ALIGN (0x4)
 *(.fini)
 .fini          0x00000e68        0x4 f:/apps/psoc creator/3.3/psoc creator/import/gnu/arm/4.9.3/bin/../lib/gcc/arm-none-eabi/4.9.3/armv7-m/crti.o
                0x00000e68                _fini
 .fini          0x00000e6c        0x8 f:/apps/psoc creator/3.3/psoc creator/import/gnu/arm/4.9.3/bin/../lib/gcc/arm-none-eabi/4.9.3/armv7-m/crtn.o
                0x00000e74                . = ALIGN (0x4)
                0x00000e74                __fini_array_start = .
 *(.fini_array)
 .fini_array    0x00000e74        0x4 f:/apps/psoc creator/3.3/psoc creator/import/gnu/arm/4.9.3/bin/../lib/gcc/arm-none-eabi/4.9.3/armv7-m/crtbegin.o
 *(SORT(.fini_array.*))
                0x00000e78                __fini_array_end = .
                0x00000e78                . = ALIGN (0x4)
 *crtbegin.o(.ctors)
 *(EXCLUDE_FILE(*crtend.o) .ctors)
 *(SORT(.ctors.*))
 *crtend.o(.ctors)
                0x00000e78                . = ALIGN (0x4)
 *crtbegin.o(.dtors)
 *(EXCLUDE_FILE(*crtend.o) .dtors)
 *(SORT(.dtors.*))
 *crtend.o(.dtors)
                0x00000e78                . = ALIGN (0x4)
                0x00000e78                __cy_regions = .
                0x00000e78        0x4 LONG 0xe88 __cy_region_init_ram
                0x00000e7c        0x4 LONG 0x1fff8108 __cy_region_start_data
                0x00000e80        0x4 LONG 0x18 __cy_region_init_size_ram
                0x00000e84        0x4 LONG 0x28 __cy_region_zero_size_ram
                0x00000e88                __cy_regions_end = .
                0x00000e88                . = ALIGN (0x8)
                0x00000e88                _etext = .

.cy_checksum_exclude
                0x00000e88        0x0
 *(.cy_checksum_exclude)

.ramvectors     0x1fff8000      0x100
                0x1fff8000                __cy_region_start_ram = .
 *(.ramvectors)
 .ramvectors    0x1fff8000      0x100 .\CortexM3\ARM_GCC_493\Debug\Cm3Start.o
                0x1fff8000                CyRamVectors

.noinit         0x1fff8100        0x5
 *(.noinit)
 .noinit        0x1fff8100        0x4 .\CortexM3\ARM_GCC_493\Debug\Cm3Start.o
 .noinit        0x1fff8104        0x1 .\CortexM3\ARM_GCC_493\Debug\Design01.a(CyLib.o)
                0x1fff8104                CyResetStatus

.data           0x1fff8108       0x18 load address 0x00000e88
                0x1fff8108                __cy_region_start_data = .
 *(.jcr)
 .jcr           0x1fff8108        0x0 f:/apps/psoc creator/3.3/psoc creator/import/gnu/arm/4.9.3/bin/../lib/gcc/arm-none-eabi/4.9.3/armv7-m/crtbegin.o
 .jcr           0x1fff8108        0x4 f:/apps/psoc creator/3.3/psoc creator/import/gnu/arm/4.9.3/bin/../lib/gcc/arm-none-eabi/4.9.3/armv7-m/crtend.o
 *(.got.plt)
 *(.got)
 *(.shdata)
 *(.data .data.* .gnu.linkonce.d.*)
 .data          0x1fff810c       0x10 .\CortexM3\ARM_GCC_493\Debug\Design01.a(CyLib.o)
                0x1fff810c                cydelay_32k_ms
                0x1fff8110                cydelay_freq_khz
                0x1fff8114                cydelay_freq_mhz
                0x1fff8118                cydelay_freq_hz
                0x1fff8120                . = ALIGN (0x8)
 *fill*         0x1fff811c        0x4 
 *(.ram)
                0x1fff8120                _edata = .

.igot.plt       0x1fff8120        0x0 load address 0x00000ea0
 .igot.plt      0x00000000        0x0 f:/apps/psoc creator/3.3/psoc creator/import/gnu/arm/4.9.3/bin/../lib/gcc/arm-none-eabi/4.9.3/armv7-m/crtbegin.o

.bss            0x1fff8120       0x28 load address 0x00000ea0
                0x1fff8120                PROVIDE (__bss_start__, .)
 *(.shbss)
 *(.bss .bss.* .gnu.linkonce.b.*)
 .bss           0x1fff8120       0x1c f:/apps/psoc creator/3.3/psoc creator/import/gnu/arm/4.9.3/bin/../lib/gcc/arm-none-eabi/4.9.3/armv7-m/crtbegin.o
 .bss           0x1fff813c        0x1 .\CortexM3\ARM_GCC_493\Debug\Design01.a(Right_Eyebrow.o)
                0x1fff813c                Right_Eyebrow_initVar
 .bss           0x1fff813d        0x1 .\CortexM3\ARM_GCC_493\Debug\Design01.a(Left_Eyebrow.o)
                0x1fff813d                Left_Eyebrow_initVar
 .bss           0x1fff813e        0x1 .\CortexM3\ARM_GCC_493\Debug\Design01.a(Right_Eye.o)
                0x1fff813e                Right_Eye_initVar
 .bss           0x1fff813f        0x1 .\CortexM3\ARM_GCC_493\Debug\Design01.a(Left_Eye.o)
                0x1fff813f                Left_Eye_initVar
 .bss           0x1fff8140        0x1 .\CortexM3\ARM_GCC_493\Debug\Design01.a(Base_Jaw.o)
                0x1fff8140                Base_Jaw_initVar
 .bss           0x1fff8141        0x1 .\CortexM3\ARM_GCC_493\Debug\Design01.a(Neck.o)
                0x1fff8141                Neck_initVar
 .bss           0x1fff8142        0x1 .\CortexM3\ARM_GCC_493\Debug\Design01.a(Lip.o)
                0x1fff8142                Lip_initVar
 .bss           0x1fff8143        0x1 .\CortexM3\ARM_GCC_493\Debug\Design01.a(Jaw.o)
                0x1fff8143                Jaw_initVar
 *(COMMON)
                0x1fff8148                . = ALIGN (0x8)
 *fill*         0x1fff8144        0x4 
 *(.ram.b)
                0x1fff8148                _end = .
                0x1fff8148                __end = .
                0x1fff8148                PROVIDE (end, .)
                0x1fff8148                PROVIDE (__bss_end__, .)
                0x00000e88                __cy_region_init_ram = LOADADDR (.data)
                0x00000018                __cy_region_init_size_ram = (_edata - ADDR (.data))
                0x00000028                __cy_region_zero_size_ram = (_end - _edata)

.heap           0x1fff8148       0x80 load address 0x00000ea0
                0x1fff8148                . = _end
                0x1fff81c8                . = (. + 0x80)
 *fill*         0x1fff8148       0x80 
                0x1fff81c8                __cy_heap_limit = .

.stack          0x20007800      0x800
                0x20007800                __cy_stack_limit = .
                0x20008000                . = (. + 0x800)
 *fill*         0x20007800      0x800 
                0x00000001                ASSERT ((__cy_stack_limit >= __cy_heap_limit), region RAM overflowed with stack)
                0x00000000                cy_checksum_exclude_size = (CY_APPL_LOADABLE == 0x1)?SIZEOF (.cy_checksum_exclude):0x0
                0x00000001                ASSERT ((cy_checksum_exclude_size <= CY_CHECKSUM_EXCLUDE_SIZE), CY_BOOT: Section .cy_checksum_exclude size exceedes specified limit.)

.cyloadermeta
 *(.cyloadermeta)

.cyloadablemeta
 *(.cyloadablemeta)

.cyconfigecc    0x80000000      0x7ac
 *(.cyconfigecc)
 .cyconfigecc   0x80000000      0x7ac .\CortexM3\ARM_GCC_493\Debug\cymetadata.o
                0x80000000                cy_meta_configecc

.cycustnvl      0x90000000        0x4
 *(.cycustnvl)
 .cycustnvl     0x90000000        0x4 .\CortexM3\ARM_GCC_493\Debug\cymetadata.o
                0x90000000                cy_meta_custnvl

.cywolatch      0x90100000        0x4
 *(.cywolatch)
 .cywolatch     0x90100000        0x4 .\CortexM3\ARM_GCC_493\Debug\cymetadata.o
                0x90100000                cy_meta_wonvl

.cyeeprom       0x90200000        0x0
 *(.cyeeprom)
                0x00000001                ASSERT ((. <= ((0x90200000 + ee_offset) + ee_size)), .cyeeprom data will not fit in EEPROM)

.cyflashprotect
                0x90400000      0x100
 *(.cyflashprotect)
 .cyflashprotect
                0x90400000      0x100 .\CortexM3\ARM_GCC_493\Debug\cymetadata.o
                0x90400000                cy_meta_flashprotect

.cymeta         0x90500000        0xc
 *(.cymeta)
 .cymeta        0x90500000        0xc .\CortexM3\ARM_GCC_493\Debug\cymetadata.o
                0x90500000                cy_metadata

.rel.dyn        0x00000ea0        0x0 load address 0x9050000c
 .rel.iplt      0x00000000        0x0 f:/apps/psoc creator/3.3/psoc creator/import/gnu/arm/4.9.3/bin/../lib/gcc/arm-none-eabi/4.9.3/armv7-m/crtbegin.o

.stab
 *(.stab)

.stabstr
 *(.stabstr)

.debug
 *(.debug)

.line
 *(.line)

.debug_srcinfo
 *(.debug_srcinfo)

.debug_sfnames
 *(.debug_sfnames)

.debug_aranges  0x00000000      0xac8
 *(.debug_aranges)
 .debug_aranges
                0x00000000       0x88 .\CortexM3\ARM_GCC_493\Debug\main.o
 .debug_aranges
                0x00000088       0x18 .\CortexM3\ARM_GCC_493\Debug\cymetadata.o
 .debug_aranges
                0x000000a0       0x48 .\CortexM3\ARM_GCC_493\Debug\Cm3Start.o
 .debug_aranges
                0x000000e8       0x58 .\CortexM3\ARM_GCC_493\Debug\Design01.a(cyfitter_cfg.o)
 .debug_aranges
                0x00000140       0x20 .\CortexM3\ARM_GCC_493\Debug\Design01.a(CyBootAsmGnu.o)
 .debug_aranges
                0x00000160      0x298 .\CortexM3\ARM_GCC_493\Debug\Design01.a(CyLib.o)
 .debug_aranges
                0x000003f8       0x98 .\CortexM3\ARM_GCC_493\Debug\Design01.a(cyPm.o)
 .debug_aranges
                0x00000490       0xa8 .\CortexM3\ARM_GCC_493\Debug\Design01.a(Right_Eyebrow.o)
 .debug_aranges
                0x00000538       0xa8 .\CortexM3\ARM_GCC_493\Debug\Design01.a(Left_Eyebrow.o)
 .debug_aranges
                0x000005e0       0xa8 .\CortexM3\ARM_GCC_493\Debug\Design01.a(Right_Eye.o)
 .debug_aranges
                0x00000688       0xa8 .\CortexM3\ARM_GCC_493\Debug\Design01.a(Left_Eye.o)
 .debug_aranges
                0x00000730       0xa8 .\CortexM3\ARM_GCC_493\Debug\Design01.a(Base_Jaw.o)
 .debug_aranges
                0x000007d8       0xa8 .\CortexM3\ARM_GCC_493\Debug\Design01.a(Neck.o)
 .debug_aranges
                0x00000880       0xa8 .\CortexM3\ARM_GCC_493\Debug\Design01.a(Lip.o)
 .debug_aranges
                0x00000928       0xa8 .\CortexM3\ARM_GCC_493\Debug\Design01.a(Jaw.o)
 .debug_aranges
                0x000009d0       0x80 .\CortexM3\ARM_GCC_493\Debug\Design01.a(CyFlash.o)
 .debug_aranges
                0x00000a50       0x78 .\CortexM3\ARM_GCC_493\Debug\Design01.a(CySpc.o)

.debug_pubnames
 *(.debug_pubnames)

.debug_info     0x00000000     0x57e5
 *(.debug_info .gnu.linkonce.wi.*)
 .debug_info    0x00000000      0x801 .\CortexM3\ARM_GCC_493\Debug\main.o
 .debug_info    0x00000801      0x13f .\CortexM3\ARM_GCC_493\Debug\cymetadata.o
 .debug_info    0x00000940      0x39f .\CortexM3\ARM_GCC_493\Debug\Cm3Start.o
 .debug_info    0x00000cdf      0x4d3 .\CortexM3\ARM_GCC_493\Debug\Design01.a(cyfitter_cfg.o)
 .debug_info    0x000011b2       0x83 .\CortexM3\ARM_GCC_493\Debug\Design01.a(CyBootAsmGnu.o)
 .debug_info    0x00001235     0x136f .\CortexM3\ARM_GCC_493\Debug\Design01.a(CyLib.o)
 .debug_info    0x000025a4      0xa57 .\CortexM3\ARM_GCC_493\Debug\Design01.a(cyPm.o)
 .debug_info    0x00002ffb      0x39f .\CortexM3\ARM_GCC_493\Debug\Design01.a(Right_Eyebrow.o)
 .debug_info    0x0000339a      0x39f .\CortexM3\ARM_GCC_493\Debug\Design01.a(Left_Eyebrow.o)
 .debug_info    0x00003739      0x39f .\CortexM3\ARM_GCC_493\Debug\Design01.a(Right_Eye.o)
 .debug_info    0x00003ad8      0x39f .\CortexM3\ARM_GCC_493\Debug\Design01.a(Left_Eye.o)
 .debug_info    0x00003e77      0x39f .\CortexM3\ARM_GCC_493\Debug\Design01.a(Base_Jaw.o)
 .debug_info    0x00004216      0x39f .\CortexM3\ARM_GCC_493\Debug\Design01.a(Neck.o)
 .debug_info    0x000045b5      0x39f .\CortexM3\ARM_GCC_493\Debug\Design01.a(Lip.o)
 .debug_info    0x00004954      0x39f .\CortexM3\ARM_GCC_493\Debug\Design01.a(Jaw.o)
 .debug_info    0x00004cf3      0x608 .\CortexM3\ARM_GCC_493\Debug\Design01.a(CyFlash.o)
 .debug_info    0x000052fb      0x4ea .\CortexM3\ARM_GCC_493\Debug\Design01.a(CySpc.o)

.debug_abbrev   0x00000000     0x1849
 *(.debug_abbrev)
 .debug_abbrev  0x00000000      0x122 .\CortexM3\ARM_GCC_493\Debug\main.o
 .debug_abbrev  0x00000122       0x77 .\CortexM3\ARM_GCC_493\Debug\cymetadata.o
 .debug_abbrev  0x00000199      0x200 .\CortexM3\ARM_GCC_493\Debug\Cm3Start.o
 .debug_abbrev  0x00000399      0x203 .\CortexM3\ARM_GCC_493\Debug\Design01.a(cyfitter_cfg.o)
 .debug_abbrev  0x0000059c       0x14 .\CortexM3\ARM_GCC_493\Debug\Design01.a(CyBootAsmGnu.o)
 .debug_abbrev  0x000005b0      0x296 .\CortexM3\ARM_GCC_493\Debug\Design01.a(CyLib.o)
 .debug_abbrev  0x00000846      0x1ed .\CortexM3\ARM_GCC_493\Debug\Design01.a(cyPm.o)
 .debug_abbrev  0x00000a33      0x14d .\CortexM3\ARM_GCC_493\Debug\Design01.a(Right_Eyebrow.o)
 .debug_abbrev  0x00000b80      0x14d .\CortexM3\ARM_GCC_493\Debug\Design01.a(Left_Eyebrow.o)
 .debug_abbrev  0x00000ccd      0x14d .\CortexM3\ARM_GCC_493\Debug\Design01.a(Right_Eye.o)
 .debug_abbrev  0x00000e1a      0x14d .\CortexM3\ARM_GCC_493\Debug\Design01.a(Left_Eye.o)
 .debug_abbrev  0x00000f67      0x14d .\CortexM3\ARM_GCC_493\Debug\Design01.a(Base_Jaw.o)
 .debug_abbrev  0x000010b4      0x14d .\CortexM3\ARM_GCC_493\Debug\Design01.a(Neck.o)
 .debug_abbrev  0x00001201      0x14d .\CortexM3\ARM_GCC_493\Debug\Design01.a(Lip.o)
 .debug_abbrev  0x0000134e      0x14d .\CortexM3\ARM_GCC_493\Debug\Design01.a(Jaw.o)
 .debug_abbrev  0x0000149b      0x1ed .\CortexM3\ARM_GCC_493\Debug\Design01.a(CyFlash.o)
 .debug_abbrev  0x00001688      0x1c1 .\CortexM3\ARM_GCC_493\Debug\Design01.a(CySpc.o)

.debug_line     0x00000000     0x24d7
 *(.debug_line)
 .debug_line    0x00000000      0x312 .\CortexM3\ARM_GCC_493\Debug\main.o
 .debug_line    0x00000312       0x53 .\CortexM3\ARM_GCC_493\Debug\cymetadata.o
 .debug_line    0x00000365      0x21b .\CortexM3\ARM_GCC_493\Debug\Cm3Start.o
 .debug_line    0x00000580      0x1d5 .\CortexM3\ARM_GCC_493\Debug\Design01.a(cyfitter_cfg.o)
 .debug_line    0x00000755       0x68 .\CortexM3\ARM_GCC_493\Debug\Design01.a(CyBootAsmGnu.o)
 .debug_line    0x000007bd      0x806 .\CortexM3\ARM_GCC_493\Debug\Design01.a(CyLib.o)
 .debug_line    0x00000fc3      0x366 .\CortexM3\ARM_GCC_493\Debug\Design01.a(cyPm.o)
 .debug_line    0x00001329      0x1b6 .\CortexM3\ARM_GCC_493\Debug\Design01.a(Right_Eyebrow.o)
 .debug_line    0x000014df      0x1b5 .\CortexM3\ARM_GCC_493\Debug\Design01.a(Left_Eyebrow.o)
 .debug_line    0x00001694      0x1b2 .\CortexM3\ARM_GCC_493\Debug\Design01.a(Right_Eye.o)
 .debug_line    0x00001846      0x1b1 .\CortexM3\ARM_GCC_493\Debug\Design01.a(Left_Eye.o)
 .debug_line    0x000019f7      0x1b1 .\CortexM3\ARM_GCC_493\Debug\Design01.a(Base_Jaw.o)
 .debug_line    0x00001ba8      0x1ad .\CortexM3\ARM_GCC_493\Debug\Design01.a(Neck.o)
 .debug_line    0x00001d55      0x1ac .\CortexM3\ARM_GCC_493\Debug\Design01.a(Lip.o)
 .debug_line    0x00001f01      0x1ac .\CortexM3\ARM_GCC_493\Debug\Design01.a(Jaw.o)
 .debug_line    0x000020ad      0x1ec .\CortexM3\ARM_GCC_493\Debug\Design01.a(CyFlash.o)
 .debug_line    0x00002299      0x23e .\CortexM3\ARM_GCC_493\Debug\Design01.a(CySpc.o)

.debug_frame    0x00000000     0x1a78
 *(.debug_frame)
 .debug_frame   0x00000000      0x198 .\CortexM3\ARM_GCC_493\Debug\main.o
 .debug_frame   0x00000198       0xac .\CortexM3\ARM_GCC_493\Debug\Cm3Start.o
 .debug_frame   0x00000244       0xe4 .\CortexM3\ARM_GCC_493\Debug\Design01.a(cyfitter_cfg.o)
 .debug_frame   0x00000328      0x728 .\CortexM3\ARM_GCC_493\Debug\Design01.a(CyLib.o)
 .debug_frame   0x00000a50      0x1f8 .\CortexM3\ARM_GCC_493\Debug\Design01.a(cyPm.o)
 .debug_frame   0x00000c48      0x154 .\CortexM3\ARM_GCC_493\Debug\Design01.a(Right_Eyebrow.o)
 .debug_frame   0x00000d9c      0x154 .\CortexM3\ARM_GCC_493\Debug\Design01.a(Left_Eyebrow.o)
 .debug_frame   0x00000ef0      0x154 .\CortexM3\ARM_GCC_493\Debug\Design01.a(Right_Eye.o)
 .debug_frame   0x00001044      0x154 .\CortexM3\ARM_GCC_493\Debug\Design01.a(Left_Eye.o)
 .debug_frame   0x00001198      0x154 .\CortexM3\ARM_GCC_493\Debug\Design01.a(Base_Jaw.o)
 .debug_frame   0x000012ec      0x154 .\CortexM3\ARM_GCC_493\Debug\Design01.a(Neck.o)
 .debug_frame   0x00001440      0x154 .\CortexM3\ARM_GCC_493\Debug\Design01.a(Lip.o)
 .debug_frame   0x00001594      0x154 .\CortexM3\ARM_GCC_493\Debug\Design01.a(Jaw.o)
 .debug_frame   0x000016e8      0x174 .\CortexM3\ARM_GCC_493\Debug\Design01.a(CyFlash.o)
 .debug_frame   0x0000185c      0x160 .\CortexM3\ARM_GCC_493\Debug\Design01.a(CySpc.o)
 .debug_frame   0x000019bc       0x20 f:/apps/psoc creator/3.3/psoc creator/import/gnu/arm/4.9.3/bin/../lib/gcc/arm-none-eabi/4.9.3/../../../../arm-none-eabi/lib/armv7-m\libg_nano.a(lib_a-errno.o)
 .debug_frame   0x000019dc       0x28 f:/apps/psoc creator/3.3/psoc creator/import/gnu/arm/4.9.3/bin/../lib/gcc/arm-none-eabi/4.9.3/../../../../arm-none-eabi/lib/armv7-m\libg_nano.a(lib_a-exit.o)
 .debug_frame   0x00001a04       0x2c f:/apps/psoc creator/3.3/psoc creator/import/gnu/arm/4.9.3/bin/../lib/gcc/arm-none-eabi/4.9.3/../../../../arm-none-eabi/lib/armv7-m\libg_nano.a(lib_a-init.o)
 .debug_frame   0x00001a30       0x28 f:/apps/psoc creator/3.3/psoc creator/import/gnu/arm/4.9.3/bin/../lib/gcc/arm-none-eabi/4.9.3/../../../../arm-none-eabi/lib/armv7-m\libg_nano.a(lib_a-memcpy.o)
 .debug_frame   0x00001a58       0x20 f:/apps/psoc creator/3.3/psoc creator/import/gnu/arm/4.9.3/bin/../lib/gcc/arm-none-eabi/4.9.3/../../../../arm-none-eabi/lib/armv7-m\libg_nano.a(lib_a-memset.o)

.debug_str      0x00000000     0x2035
 *(.debug_str)
 .debug_str     0x00000000      0x3c9 .\CortexM3\ARM_GCC_493\Debug\main.o
                                0x426 (size before relaxing)
 .debug_str     0x000003c9       0x7d .\CortexM3\ARM_GCC_493\Debug\cymetadata.o
                                0x1dd (size before relaxing)
 .debug_str     0x00000446      0x165 .\CortexM3\ARM_GCC_493\Debug\Cm3Start.o
                                0x2f1 (size before relaxing)
 .debug_str     0x000005ab      0x150 .\CortexM3\ARM_GCC_493\Debug\Design01.a(cyfitter_cfg.o)
                                0x2f6 (size before relaxing)
 .debug_str     0x000006fb      0x827 .\CortexM3\ARM_GCC_493\Debug\Design01.a(CyLib.o)
                                0xa16 (size before relaxing)
 .debug_str     0x00000f22      0x35b .\CortexM3\ARM_GCC_493\Debug\Design01.a(cyPm.o)
                                0x70e (size before relaxing)
 .debug_str     0x0000127d      0x212 .\CortexM3\ARM_GCC_493\Debug\Design01.a(Right_Eyebrow.o)
                                0x416 (size before relaxing)
 .debug_str     0x0000148f      0x1da .\CortexM3\ARM_GCC_493\Debug\Design01.a(Left_Eyebrow.o)
                                0x401 (size before relaxing)
 .debug_str     0x00001669      0x1a4 .\CortexM3\ARM_GCC_493\Debug\Design01.a(Right_Eye.o)
                                0x3c2 (size before relaxing)
 .debug_str     0x0000180d      0x192 .\CortexM3\ARM_GCC_493\Debug\Design01.a(Left_Eye.o)
                                0x3ad (size before relaxing)
 .debug_str     0x0000199f      0x1a9 .\CortexM3\ARM_GCC_493\Debug\Design01.a(Base_Jaw.o)
                                0x3ad (size before relaxing)
 .debug_str     0x00001b48      0x14a .\CortexM3\ARM_GCC_493\Debug\Design01.a(Neck.o)
                                0x359 (size before relaxing)
 .debug_str     0x00001c92      0x138 .\CortexM3\ARM_GCC_493\Debug\Design01.a(Lip.o)
                                0x344 (size before relaxing)
 .debug_str     0x00001dca       0x1f .\CortexM3\ARM_GCC_493\Debug\Design01.a(Jaw.o)
                                0x344 (size before relaxing)
 .debug_str     0x00001de9      0x19e .\CortexM3\ARM_GCC_493\Debug\Design01.a(CyFlash.o)
                                0x388 (size before relaxing)
 .debug_str     0x00001f87       0xae .\CortexM3\ARM_GCC_493\Debug\Design01.a(CySpc.o)
                                0x311 (size before relaxing)

.debug_loc      0x00000000     0x1a53
 *(.debug_loc)
 .debug_loc     0x00000000       0xc6 .\CortexM3\ARM_GCC_493\Debug\main.o
 .debug_loc     0x000000c6      0x144 .\CortexM3\ARM_GCC_493\Debug\Cm3Start.o
 .debug_loc     0x0000020a      0x1d7 .\CortexM3\ARM_GCC_493\Debug\Design01.a(cyfitter_cfg.o)
 .debug_loc     0x000003e1      0xa11 .\CortexM3\ARM_GCC_493\Debug\Design01.a(CyLib.o)
 .debug_loc     0x00000df2      0x1e4 .\CortexM3\ARM_GCC_493\Debug\Design01.a(cyPm.o)
 .debug_loc     0x00000fd6       0x26 .\CortexM3\ARM_GCC_493\Debug\Design01.a(Right_Eyebrow.o)
 .debug_loc     0x00000ffc       0x26 .\CortexM3\ARM_GCC_493\Debug\Design01.a(Left_Eyebrow.o)
 .debug_loc     0x00001022       0x26 .\CortexM3\ARM_GCC_493\Debug\Design01.a(Right_Eye.o)
 .debug_loc     0x00001048       0x26 .\CortexM3\ARM_GCC_493\Debug\Design01.a(Left_Eye.o)
 .debug_loc     0x0000106e       0x26 .\CortexM3\ARM_GCC_493\Debug\Design01.a(Base_Jaw.o)
 .debug_loc     0x00001094       0x26 .\CortexM3\ARM_GCC_493\Debug\Design01.a(Neck.o)
 .debug_loc     0x000010ba       0x26 .\CortexM3\ARM_GCC_493\Debug\Design01.a(Lip.o)
 .debug_loc     0x000010e0       0x26 .\CortexM3\ARM_GCC_493\Debug\Design01.a(Jaw.o)
 .debug_loc     0x00001106      0x300 .\CortexM3\ARM_GCC_493\Debug\Design01.a(CyFlash.o)
 .debug_loc     0x00001406      0x64d .\CortexM3\ARM_GCC_493\Debug\Design01.a(CySpc.o)

.debug_macinfo
 *(.debug_macinfo)

.debug_ranges   0x00000000      0x9a0
 *(.debug_ranges)
 .debug_ranges  0x00000000       0x78 .\CortexM3\ARM_GCC_493\Debug\main.o
 .debug_ranges  0x00000078       0x38 .\CortexM3\ARM_GCC_493\Debug\Cm3Start.o
 .debug_ranges  0x000000b0       0x48 .\CortexM3\ARM_GCC_493\Debug\Design01.a(cyfitter_cfg.o)
 .debug_ranges  0x000000f8      0x288 .\CortexM3\ARM_GCC_493\Debug\Design01.a(CyLib.o)
 .debug_ranges  0x00000380       0x88 .\CortexM3\ARM_GCC_493\Debug\Design01.a(cyPm.o)
 .debug_ranges  0x00000408       0x98 .\CortexM3\ARM_GCC_493\Debug\Design01.a(Right_Eyebrow.o)
 .debug_ranges  0x000004a0       0x98 .\CortexM3\ARM_GCC_493\Debug\Design01.a(Left_Eyebrow.o)
 .debug_ranges  0x00000538       0x98 .\CortexM3\ARM_GCC_493\Debug\Design01.a(Right_Eye.o)
 .debug_ranges  0x000005d0       0x98 .\CortexM3\ARM_GCC_493\Debug\Design01.a(Left_Eye.o)
 .debug_ranges  0x00000668       0x98 .\CortexM3\ARM_GCC_493\Debug\Design01.a(Base_Jaw.o)
 .debug_ranges  0x00000700       0x98 .\CortexM3\ARM_GCC_493\Debug\Design01.a(Neck.o)
 .debug_ranges  0x00000798       0x98 .\CortexM3\ARM_GCC_493\Debug\Design01.a(Lip.o)
 .debug_ranges  0x00000830       0x98 .\CortexM3\ARM_GCC_493\Debug\Design01.a(Jaw.o)
 .debug_ranges  0x000008c8       0x70 .\CortexM3\ARM_GCC_493\Debug\Design01.a(CyFlash.o)
 .debug_ranges  0x00000938       0x68 .\CortexM3\ARM_GCC_493\Debug\Design01.a(CySpc.o)

.comment        0x00000000       0x70
 .comment       0x00000000       0x70 .\CortexM3\ARM_GCC_493\Debug\main.o
                                 0x71 (size before relaxing)
 .comment       0x00000000       0x71 .\CortexM3\ARM_GCC_493\Debug\cymetadata.o
 .comment       0x00000000       0x71 .\CortexM3\ARM_GCC_493\Debug\Cm3Start.o
 .comment       0x00000000       0x71 .\CortexM3\ARM_GCC_493\Debug\Design01.a(cyfitter_cfg.o)
 .comment       0x00000000       0x71 .\CortexM3\ARM_GCC_493\Debug\Design01.a(CyLib.o)
 .comment       0x00000000       0x71 .\CortexM3\ARM_GCC_493\Debug\Design01.a(cyPm.o)
 .comment       0x00000000       0x71 .\CortexM3\ARM_GCC_493\Debug\Design01.a(Right_Eyebrow.o)
 .comment       0x00000000       0x71 .\CortexM3\ARM_GCC_493\Debug\Design01.a(Left_Eyebrow.o)
 .comment       0x00000000       0x71 .\CortexM3\ARM_GCC_493\Debug\Design01.a(Right_Eye.o)
 .comment       0x00000000       0x71 .\CortexM3\ARM_GCC_493\Debug\Design01.a(Left_Eye.o)
 .comment       0x00000000       0x71 .\CortexM3\ARM_GCC_493\Debug\Design01.a(Base_Jaw.o)
 .comment       0x00000000       0x71 .\CortexM3\ARM_GCC_493\Debug\Design01.a(Neck.o)
 .comment       0x00000000       0x71 .\CortexM3\ARM_GCC_493\Debug\Design01.a(Lip.o)
 .comment       0x00000000       0x71 .\CortexM3\ARM_GCC_493\Debug\Design01.a(Jaw.o)
 .comment       0x00000000       0x71 .\CortexM3\ARM_GCC_493\Debug\Design01.a(CyFlash.o)
 .comment       0x00000000       0x71 .\CortexM3\ARM_GCC_493\Debug\Design01.a(CySpc.o)

.debug_weaknames
 *(.debug_weaknames)

.debug_funcnames
 *(.debug_funcnames)

.debug_typenames
 *(.debug_typenames)

.debug_varnames
 *(.debug_varnames)

.note.gnu.arm.ident
 *(.note.gnu.arm.ident)

.ARM.attributes
                0x00000000       0x29
 *(.ARM.attributes)
 .ARM.attributes
                0x00000000       0x1d f:/apps/psoc creator/3.3/psoc creator/import/gnu/arm/4.9.3/bin/../lib/gcc/arm-none-eabi/4.9.3/armv7-m/crti.o
 .ARM.attributes
                0x0000001d       0x2d f:/apps/psoc creator/3.3/psoc creator/import/gnu/arm/4.9.3/bin/../lib/gcc/arm-none-eabi/4.9.3/armv7-m/crtbegin.o
 .ARM.attributes
                0x0000004a       0x1b f:/apps/psoc creator/3.3/psoc creator/import/gnu/arm/4.9.3/bin/../lib/gcc/arm-none-eabi/4.9.3/../../../../arm-none-eabi/lib/armv7-m/crt0.o
 .ARM.attributes
                0x00000065       0x33 .\CortexM3\ARM_GCC_493\Debug\main.o
 .ARM.attributes
                0x00000098       0x33 .\CortexM3\ARM_GCC_493\Debug\cymetadata.o
 .ARM.attributes
                0x000000cb       0x33 .\CortexM3\ARM_GCC_493\Debug\Cm3Start.o
 .ARM.attributes
                0x000000fe       0x33 .\CortexM3\ARM_GCC_493\Debug\Design01.a(cyfitter_cfg.o)
 .ARM.attributes
                0x00000131       0x21 .\CortexM3\ARM_GCC_493\Debug\Design01.a(CyBootAsmGnu.o)
 .ARM.attributes
                0x00000152       0x33 .\CortexM3\ARM_GCC_493\Debug\Design01.a(CyLib.o)
 .ARM.attributes
                0x00000185       0x33 .\CortexM3\ARM_GCC_493\Debug\Design01.a(cyPm.o)
 .ARM.attributes
                0x000001b8       0x33 .\CortexM3\ARM_GCC_493\Debug\Design01.a(Right_Eyebrow.o)
 .ARM.attributes
                0x000001eb       0x33 .\CortexM3\ARM_GCC_493\Debug\Design01.a(Left_Eyebrow.o)
 .ARM.attributes
                0x0000021e       0x33 .\CortexM3\ARM_GCC_493\Debug\Design01.a(Right_Eye.o)
 .ARM.attributes
                0x00000251       0x33 .\CortexM3\ARM_GCC_493\Debug\Design01.a(Left_Eye.o)
 .ARM.attributes
                0x00000284       0x33 .\CortexM3\ARM_GCC_493\Debug\Design01.a(Base_Jaw.o)
 .ARM.attributes
                0x000002b7       0x33 .\CortexM3\ARM_GCC_493\Debug\Design01.a(Neck.o)
 .ARM.attributes
                0x000002ea       0x33 .\CortexM3\ARM_GCC_493\Debug\Design01.a(Lip.o)
 .ARM.attributes
                0x0000031d       0x33 .\CortexM3\ARM_GCC_493\Debug\Design01.a(Jaw.o)
 .ARM.attributes
                0x00000350       0x33 .\CortexM3\ARM_GCC_493\Debug\Design01.a(CyFlash.o)
 .ARM.attributes
                0x00000383       0x33 .\CortexM3\ARM_GCC_493\Debug\Design01.a(CySpc.o)
 .ARM.attributes
                0x000003b6       0x2d f:/apps/psoc creator/3.3/psoc creator/import/gnu/arm/4.9.3/bin/../lib/gcc/arm-none-eabi/4.9.3/../../../../arm-none-eabi/lib/armv7-m\libg_nano.a(lib_a-errno.o)
 .ARM.attributes
                0x000003e3       0x2d f:/apps/psoc creator/3.3/psoc creator/import/gnu/arm/4.9.3/bin/../lib/gcc/arm-none-eabi/4.9.3/../../../../arm-none-eabi/lib/armv7-m\libg_nano.a(lib_a-exit.o)
 .ARM.attributes
                0x00000410       0x2d f:/apps/psoc creator/3.3/psoc creator/import/gnu/arm/4.9.3/bin/../lib/gcc/arm-none-eabi/4.9.3/../../../../arm-none-eabi/lib/armv7-m\libg_nano.a(lib_a-impure.o)
 .ARM.attributes
                0x0000043d       0x2d f:/apps/psoc creator/3.3/psoc creator/import/gnu/arm/4.9.3/bin/../lib/gcc/arm-none-eabi/4.9.3/../../../../arm-none-eabi/lib/armv7-m\libg_nano.a(lib_a-init.o)
 .ARM.attributes
                0x0000046a       0x2d f:/apps/psoc creator/3.3/psoc creator/import/gnu/arm/4.9.3/bin/../lib/gcc/arm-none-eabi/4.9.3/../../../../arm-none-eabi/lib/armv7-m\libg_nano.a(lib_a-memcpy.o)
 .ARM.attributes
                0x00000497       0x2d f:/apps/psoc creator/3.3/psoc creator/import/gnu/arm/4.9.3/bin/../lib/gcc/arm-none-eabi/4.9.3/../../../../arm-none-eabi/lib/armv7-m\libg_nano.a(lib_a-memset.o)
 .ARM.attributes
                0x000004c4       0x2d f:/apps/psoc creator/3.3/psoc creator/import/gnu/arm/4.9.3/bin/../lib/gcc/arm-none-eabi/4.9.3/armv7-m/crtend.o
 .ARM.attributes
                0x000004f1       0x1d f:/apps/psoc creator/3.3/psoc creator/import/gnu/arm/4.9.3/bin/../lib/gcc/arm-none-eabi/4.9.3/armv7-m/crtn.o

/DISCARD/
 *(.note.GNU-stack)
OUTPUT(.\CortexM3\ARM_GCC_493\Debug\Design01.elf elf32-littlearm)
